───────────────────────────────────────────────────────────────────────────────────────────────────
[1m[4mComplexity[22m[24m  [1m[4mLoss[22m[24m       [1m[4mScore[22m[24m      [1m[4mEquation[22m[24m
1           3.888e-01  0.000e+00  y = -0.068025
3           3.807e-01  1.042e-02  y = nearest_radial_boundary_fraction_proxy_scaled * 0.1588...
                                      8
5           3.800e-01  1.005e-03  y = (nearest_radial_boundary_fraction_proxy_scaled * 0.151...
                                      16) + -0.045633
7           3.782e-01  2.335e-03  y = (hotspot_rbf_06_scaled * -0.14491) * (nearest_angular_...
                                      boundary_fraction_proxy_scaled + nearest_radial_boundary_f...
                                      raction_proxy_scaled)
8           3.748e-01  8.966e-03  y = (abs(signed_angular_position_proxy_scaled) * nearest_r...
                                      adial_boundary_fraction_proxy_scaled) * 0.20548
10          3.737e-01  1.494e-03  y = ((abs(signed_angular_position_proxy_scaled) * nearest_...
                                      radial_boundary_fraction_proxy_scaled) * 0.20543) - 0.0522...
                                      6
12          3.729e-01  1.117e-03  y = (nearest_angular_boundary_fraction_proxy_scaled + (nea...
                                      rest_radial_boundary_fraction_proxy_scaled * (v10_fixed_sh...
                                      ape_proxy_scaled + 1.6501))) * (hotspot_rbf_06_scaled * -0...
                                      .1447)
14          3.690e-01  5.254e-03  y = ((nearest_angular_boundary_fraction_proxy_scaled + ((v...
                                      10_fixed_shape_proxy_scaled + (theta_fraction_proxy_scaled...
                                       + 1.6839)) * nearest_radial_boundary_fraction_proxy_scale...
                                      d)) * hotspot_rbf_06_scaled) * -0.12316
15          3.684e-01  1.660e-03  y = ((nearest_angular_boundary_fraction_proxy_scaled + (((...
                                      v10_fixed_shape_proxy_scaled + theta_sin_2_proxy_scaled) +...
                                       1.6839) * nearest_radial_boundary_fraction_proxy_scaled))...
                                       * hotspot_rbf_06_scaled) * -0.12316
16          3.660e-01  6.310e-03  y = (nearest_angular_boundary_fraction_proxy_scaled + (((v...
                                      10_fixed_shape_proxy_scaled + (theta_fraction_proxy_scaled...
                                       + 1.6839)) * nearest_radial_boundary_fraction_proxy_scale...
                                      d) + hotspot_rbf_02_scaled)) * (hotspot_rbf_06_scaled * -0...
                                      .12316)
───────────────────────────────────────────────────────────────────────────────────────────────────
  - /net/scratch/j96317yn/NotebookCT3/outputs/11_tail_aware_localised_symbolic/iteration_3/stages/stage_tail_localised/search_state/pysr_runs/v11_i3_tail_aware_localised_residual/hall_of_fame.csv
