───────────────────────────────────────────────────────────────────────────────────────────────────
[1m[4mComplexity[22m[24m  [1m[4mLoss[22m[24m       [1m[4mScore[22m[24m      [1m[4mEquation[22m[24m
1           3.882e-01  0.000e+00  y = -0.089838
3           3.848e-01  4.352e-03  y = hotspot_rbf_max_proxy_scaled * 0.12584
4           3.827e-01  5.475e-03  y = v10_normalised_shape_proxy_scaled * 0.15066
5           3.799e-01  7.575e-03  y = (fluence_rate_scaled * -0.081548) * fluence_rate_scale...
                                      d
6           3.784e-01  3.857e-03  y = abs(fluence_rate_scaled) * -0.17381
8           3.756e-01  3.661e-03  y = (abs(fluence_rate_scaled) + -0.49795) * -0.27497
9           3.728e-01  7.660e-03  y = (0.1566 - gauss(signed_radial_position_proxy_scaled)) ...
                                      * rho_fraction_proxy_scaled
11          3.696e-01  4.272e-03  y = ((0.16515 - gauss(signed_radial_position_proxy_scaled)...
                                      ) * signed_radial_position_proxy_scaled) - 0.092649
13          3.677e-01  2.585e-03  y = -0.10709 - ((gauss(rho_fraction_proxy_scaled * rho_fra...
                                      ction_proxy_scaled) + -0.14721) * signed_radial_position_p...
                                      roxy_scaled)
15          3.642e-01  4.831e-03  y = (((nearest_radial_boundary_fraction_proxy_scaled * 0.1...
                                      5201) - (gauss(rho_fraction_proxy_scaled) + -0.3665)) * rh...
                                      o_fraction_proxy_scaled) * 2.0638
17          3.635e-01  8.696e-04  y = signed_radial_position_proxy_scaled * (0.053286 - (((s...
                                      igned_radial_position_proxy_scaled + 0.937) * 1.8006) * ga...
                                      uss(-0.54676 - signed_radial_position_proxy_scaled)))
18          3.626e-01  2.578e-03  y = ((v10_physical_residual_proxy_scaled * 0.12619) - ((ga...
                                      uss(rho_fraction_proxy_scaled * rho_fraction_proxy_scaled)...
                                       + -0.20656) * signed_radial_position_proxy_scaled)) - 0.1...
                                      1112
19          3.610e-01  4.250e-03  y = ((signed_angular_position_proxy_scaled * -0.24079) - (...
                                      (signed_radial_position_proxy_scaled + 0.84311) * 1.7695))...
                                       * (gauss(-0.56884 - signed_radial_position_proxy_scaled) ...
                                      * rho_fraction_proxy_scaled)
21          3.610e-01  1.904e-06  y = ((((signed_angular_position_proxy_scaled * -0.24079) -...
                                       ((signed_radial_position_proxy_scaled + 0.84311) * 1.7695...
                                      )) * gauss(-0.56884 - signed_radial_position_proxy_scaled)...
                                      ) * signed_radial_position_proxy_scaled) * 1.0099
23          3.598e-01  1.782e-03  y = ((tanh(signed_angular_position_proxy_scaled) * -0.4470...
                                      6) - ((signed_radial_position_proxy_scaled + 0.83801) * 1....
                                      7826)) * (gauss(signed_radial_position_proxy_scaled - -0.5...
                                      708) * signed_radial_position_proxy_scaled)
25          3.583e-01  1.999e-03  y = ((theta_sin_2_proxy_scaled + -1.0702) + rho_fraction_p...
                                      roxy_scaled) * ((((nearest_angular_boundary_fraction_proxy...
                                      _scaled * 0.88102) - (theta_sin_2_proxy_scaled + 0.72014))...
                                       * gauss(rho_fraction_proxy_scaled * 1.4924)) + 0.13146)
26          3.564e-01  5.260e-03  y = gauss(-0.58044 - signed_radial_position_proxy_scaled) ...
                                      * (((signed_angular_position_proxy_scaled * tanh(radial_an...
                                      gular_signed_interaction_proxy_scaled * -0.57231)) - ((sig...
                                      ned_radial_position_proxy_scaled * 1.1815) + 1.3584)) * si...
                                      gned_radial_position_proxy_scaled)
27          3.546e-01  5.162e-03  y = ((((rho_fraction_proxy_scaled * 1.7966) + theta_sin_2_...
                                      proxy_scaled) - 1.0427) * (gauss(rho_fraction_proxy_scaled...
                                       * -1.7771) * ((nearest_angular_boundary_fraction_proxy_sc...
                                      aled * 0.83941) - (theta_sin_2_proxy_scaled + 0.72636)))) ...
                                      + -0.19289
28          3.496e-01  1.428e-02  y = (((gauss(rho_fraction_proxy_scaled * theta_sin_2_proxy...
                                      _scaled) * ((nearest_angular_boundary_fraction_proxy_scale...
                                      d * 0.85217) - (theta_sin_2_proxy_scaled + 0.86323))) + 0....
                                      14397) * (rho_fraction_proxy_scaled + (theta_sin_2_proxy_s...
                                      caled + -1.1035))) + -0.15006
30          3.489e-01  1.003e-03  y = (((rho_fraction_proxy_scaled + theta_sin_2_proxy_scale...
                                      d) + -1.1127) * (((gauss(theta_sin_2_proxy_scaled * rho_fr...
                                      action_proxy_scaled) + -0.038289) * ((nearest_angular_boun...
                                      dary_fraction_proxy_scaled * 0.85406) - (theta_sin_2_proxy...
                                      _scaled + 0.82816))) + 0.11242)) + -0.13931
32          3.472e-01  2.434e-03  y = ((theta_sin_2_proxy_scaled + (rho_fraction_proxy_scale...
                                      d + -1.1114)) * ((((nearest_angular_boundary_fraction_prox...
                                      y_scaled * 0.86182) - (theta_sin_2_proxy_scaled + 0.85463)...
                                      ) * gauss((rho_fraction_proxy_scaled * theta_sin_2_proxy_s...
                                      caled) / 0.83056)) + 0.12436)) + -0.13888
───────────────────────────────────────────────────────────────────────────────────────────────────
  - /net/scratch/j96317yn/NotebookCT3/outputs/11_tail_aware_localised_symbolic/iteration_4/stages/stage_tail_localised/search_state/pysr_runs/v11_i4_tail_aware_localised_residual/hall_of_fame.csv
