───────────────────────────────────────────────────────────────────────────────────────────────────
[1m[4mComplexity[22m[24m  [1m[4mLoss[22m[24m       [1m[4mScore[22m[24m      [1m[4mEquation[22m[24m
1           3.872e-01  0.000e+00  y = -0.099408
3           3.810e-01  8.027e-03  y = hotspot_rbf_max_proxy_scaled * 0.15792
5           3.783e-01  3.639e-03  y = (hotspot_rbf_max_proxy_scaled * 0.15196) + -0.087363
6           3.762e-01  5.336e-03  y = abs(fluence_rate_scaled) * -0.18755
8           3.739e-01  3.153e-03  y = 0.12621 - (abs(fluence_rate_scaled) * 0.28209)
9           3.672e-01  1.794e-02  y = (0.79238 - gauss(fluence_rate_scaled)) * -0.6672
11          3.617e-01  7.634e-03  y = ((-0.5573 - nearest_radial_boundary_fraction_proxy_sca...
                                      led) * ((0.99903 - fluence_rate_mean_scaled) * -0.22188)) ...
                                      + -0.20187
13          3.603e-01  1.929e-03  y = ((((-0.54419 - nearest_radial_boundary_fraction_proxy_...
                                      scaled) * 1.27) * (0.99944 - fluence_rate_mean_scaled)) * ...
                                      -0.14561) + -0.20174
14          3.536e-01  1.875e-02  y = ((v10_fixed_shape_proxy_scaled + (1.1271 - fluence_rat...
                                      e_mean_scaled)) * ((-0.48142 - nearest_radial_boundary_fra...
                                      ction_proxy_scaled) * -0.17472)) + -0.26946
16          3.517e-01  2.650e-03  y = (((-0.55565 - nearest_radial_boundary_fraction_proxy_s...
                                      caled) * (v10_normalised_shape_proxy_scaled + (1.6883 - (f...
                                      luence_rate_mean_scaled * 1.6996)))) * -0.12245) + -0.2680...
                                      5
17          3.499e-01  5.298e-03  y = ((((v10_fixed_shape_proxy_scaled + abs(nearest_axial_b...
                                      oundary_fraction_proxy_scaled)) - fluence_rate_mean_scaled...
                                      ) * (-0.46698 - nearest_radial_boundary_fraction_proxy_sca...
                                      led)) * -0.18018) + -0.27214
24          3.488e-01  4.205e-04  y = (((-0.55421 - nearest_radial_boundary_fraction_proxy_s...
                                      caled) * (((0.8009 - (fluence_rate_mean_scaled * 1.5176)) ...
                                      + v10_normalised_shape_proxy_scaled) + (tanh(fluence_rate_...
                                      scaled) + 0.35084))) * -0.16853) + -0.28782
26          3.486e-01  3.650e-04  y = (((-0.64026 - nearest_radial_boundary_fraction_proxy_s...
                                      caled) * ((((0.14014 - fluence_rate_mean_scaled) * 1.4186)...
                                       + (v10_normalised_shape_proxy_scaled + 1.0591)) + (tanh(f...
                                      luence_rate_scaled) + 0.0037277))) * -0.16802) + -0.30711
28          3.479e-01  9.411e-04  y = ((-0.64425 - nearest_radial_boundary_fraction_proxy_sc...
                                      aled) * (((((gauss(fluence_rate_mean_scaled) - fluence_rat...
                                      e_mean_scaled) * 1.2189) + (v10_normalised_shape_proxy_sca...
                                      led + tanh(fluence_rate_scaled))) + 0.28751) * -0.16376)) ...
                                      + -0.30416
───────────────────────────────────────────────────────────────────────────────────────────────────
  - /net/scratch/j96317yn/NotebookCT3/outputs/11_tail_aware_localised_symbolic/iteration_2/stages/stage_tail_localised/search_state/pysr_runs/v11_i2_tail_aware_localised_residual/hall_of_fame.csv
