───────────────────────────────────────────────────────────────────────────────────────────────────
[1m[4mComplexity[22m[24m  [1m[4mLoss[22m[24m       [1m[4mScore[22m[24m      [1m[4mEquation[22m[24m
1           3.888e-01  0.000e+00  y = -0.068021
3           3.807e-01  1.042e-02  y = nearest_radial_boundary_fraction_proxy_scaled * 0.1587...
                                      3
5           3.800e-01  1.005e-03  y = (nearest_radial_boundary_fraction_proxy_scaled * 0.151...
                                      9) + -0.046459
7           3.765e-01  4.639e-03  y = (nearest_angular_boundary_fraction_proxy_scaled - 1.52...
                                      3) * (nearest_radial_boundary_fraction_proxy_scaled * -0.1...
                                      043)
8           3.748e-01  4.359e-03  y = nearest_radial_boundary_fraction_proxy_scaled * abs(th...
                                      eta_fraction_proxy_scaled * 0.20395)
9           3.733e-01  3.983e-03  y = (hotspot_rbf_04_scaled * ((nearest_radial_boundary_fra...
                                      ction_proxy_scaled * 0.16596) * hotspot_rbf_04_scaled)) + ...
                                      -0.091747
10          3.713e-01  5.558e-03  y = (((v10_fixed_shape_proxy_scaled + 1.5213) * nearest_ra...
                                      dial_boundary_fraction_proxy_scaled) + -0.81811) * 0.13472
12          3.672e-01  5.486e-03  y = ((nearest_radial_boundary_fraction_proxy_scaled * (nea...
                                      rest_angular_boundary_fraction_proxy_scaled - (v10_fixed_s...
                                      hape_proxy_scaled + 1.6684))) * -0.12035) - 0.11089
14          3.636e-01  5.007e-03  y = ((nearest_angular_boundary_fraction_proxy_scaled - ((h...
                                      otspot_rbf_04_scaled + v10_fixed_shape_proxy_scaled) + 1.9...
                                      586)) * (nearest_radial_boundary_fraction_proxy_scaled * -...
                                      0.12677)) - 0.14102
19          3.582e-01  2.956e-03  y = (signed_angular_position_proxy_scaled * (((signed_angu...
                                      lar_position_proxy_scaled * tanh(nearest_radial_boundary_f...
                                      raction_proxy_scaled * -2.3089)) - (nearest_angular_bounda...
                                      ry_fraction_proxy_scaled + 0.87694)) * -0.18902)) + -0.129...
                                      68
───────────────────────────────────────────────────────────────────────────────────────────────────
  - /net/scratch/j96317yn/NotebookCT3/outputs/11_tail_aware_localised_symbolic/iteration_3/stages/stage_tail_localised/search_state/pysr_runs/v11_i3_tail_aware_localised_residual/hall_of_fame.csv
