───────────────────────────────────────────────────────────────────────────────────────────────────
[1m[4mComplexity[22m[24m  [1m[4mLoss[22m[24m       [1m[4mScore[22m[24m      [1m[4mEquation[22m[24m
1           3.811e-01  0.000e+00  y = -0.048615
3           3.809e-01  1.880e-04  y = weight_loss_rate_std_scaled * 0.052217
5           3.668e-01  1.893e-02  y = (nearest_radial_boundary_fraction_proxy_scaled * fluen...
                                      ce_rate_mean_scaled) * -0.17872
7           3.651e-01  2.344e-03  y = ((nearest_radial_boundary_fraction_proxy_scaled * flue...
                                      nce_rate_mean_scaled) + 0.36462) * -0.18433
9           3.615e-01  4.915e-03  y = (nearest_radial_boundary_fraction_proxy_scaled * ((flu...
                                      ence_rate_mean_scaled * 2.6027) - rho_scaled)) * -0.076813
10          3.601e-01  4.004e-03  y = ((fluence_rate_mean_scaled + (rho_fraction_proxy_scale...
                                      d * boundary_corner_proximity_proxy_scaled)) * nearest_rad...
                                      ial_boundary_fraction_proxy_scaled) * -0.15177
11          3.589e-01  3.142e-03  y = (fluence_rate_mean_scaled - (nearest_radial_boundary_f...
                                      raction_proxy_scaled * (rho_fraction_proxy_scaled * -0.231...
                                      5))) * (nearest_radial_boundary_fraction_proxy_scaled * -0...
                                      .20237)
12          3.560e-01  8.070e-03  y = ((fluence_rate_mean_scaled - ((-0.65957 - rho_scaled) ...
                                      * boundary_corner_proximity_proxy_scaled)) * -0.16222) * n...
                                      earest_radial_boundary_fraction_proxy_scaled
14          3.535e-01  3.580e-03  y = (nearest_radial_boundary_fraction_proxy_scaled * -0.12...
                                      974) * ((fluence_rate_mean_scaled * 1.6561) - ((-0.89168 -...
                                       rho_scaled) * boundary_corner_proximity_proxy_scaled))
15          3.518e-01  4.720e-03  y = nearest_radial_boundary_fraction_proxy_scaled * ((flue...
                                      nce_rate_mean_scaled * -0.2116) - ((-0.15576 - (nearest_ra...
                                      dial_boundary_fraction_proxy_scaled * 0.12342)) * (-0.7472...
                                      5 - rho_fraction_proxy_scaled)))
22          3.517e-01  7.409e-05  y = (nearest_radial_boundary_fraction_proxy_scaled * (flue...
                                      nce_rate_mean_scaled * -0.19289)) - (((signed_axial_positi...
                                      on_proxy_scaled * nearest_axial_boundary_fraction_proxy_sc...
                                      aled) * -0.075694) + ((nearest_radial_boundary_fraction_pr...
                                      oxy_scaled - nearest_angular_boundary_fraction_proxy_scale...
                                      d) * (theta_cos_scaled * (radial_angular_signed_interactio...
                                      n_proxy_scaled * 0.11666))))
24          3.484e-01  4.628e-03  y = (nearest_radial_boundary_fraction_proxy_scaled * (flue...
                                      nce_rate_mean_scaled * -0.19275)) - (((nearest_radial_boun...
                                      dary_fraction_proxy_scaled - nearest_angular_boundary_frac...
                                      tion_proxy_scaled) * (theta_cos_scaled * (radial_angular_s...
                                      igned_interaction_proxy_scaled * 0.11519))) + ((signed_axi...
                                      al_position_proxy_scaled * -0.082253) * (nearest_axial_bou...
                                      ndary_fraction_proxy_scaled - fluence_rate_scaled)))
26          3.482e-01  2.807e-04  y = ((nearest_radial_boundary_fraction_proxy_scaled * (flu...
                                      ence_rate_mean_scaled * -0.19697)) - (((nearest_radial_bou...
                                      ndary_fraction_proxy_scaled - nearest_angular_boundary_fra...
                                      ction_proxy_scaled) * (theta_cos_scaled * radial_angular_s...
                                      igned_interaction_proxy_scaled)) * 0.1166)) + ((signed_axi...
                                      al_position_proxy_scaled * 0.095327) * ((nearest_axial_bou...
                                      ndary_fraction_proxy_scaled - fluence_rate_scaled) + 0.302...
                                      53))
───────────────────────────────────────────────────────────────────────────────────────────────────
  - /net/scratch/j96317yn/NotebookCT3/outputs/10_signed_staged_residual_symbolic_pilot/iteration_4/stages/stage_physical/search_state/pysr_runs/v10_i4_physical_signed_residual_pilot/hall_of_fame.csv
