───────────────────────────────────────────────────────────────────────────────────────────────────
[1m[4mComplexity[22m[24m  [1m[4mLoss[22m[24m       [1m[4mScore[22m[24m      [1m[4mEquation[22m[24m
1           3.929e-01  0.000e+00  y = -0.032535
3           3.784e-01  1.887e-02  y = z_scaled * 0.20537
5           3.602e-01  2.457e-02  y = rho_scaled * (nearest_axial_boundary_fraction_proxy_sc...
                                      aled * 0.30264)
7           3.465e-01  1.936e-02  y = (signed_radial_position_proxy_scaled - nearest_radial_...
                                      boundary_fraction_proxy_scaled) * (nearest_axial_boundary_...
                                      fraction_proxy_scaled * 0.23301)
9           3.332e-01  1.970e-02  y = ((nearest_axial_boundary_fraction_proxy_scaled * (rho_...
                                      fraction_proxy_scaled - nearest_radial_boundary_fraction_p...
                                      roxy_scaled)) + signed_axial_position_proxy_scaled) * 0.22...
                                      089
11          3.284e-01  7.207e-03  y = ((nearest_axial_boundary_fraction_proxy_scaled * (rho_...
                                      fraction_proxy_scaled + (nearest_axial_boundary_fraction_p...
                                      roxy_scaled - nearest_radial_boundary_fraction_proxy_scale...
                                      d))) + -1.3814) * 0.23271
13          3.162e-01  1.894e-02  y = ((signed_axial_position_proxy_scaled - 1.3813) + (near...
                                      est_axial_boundary_fraction_proxy_scaled * (rho_fraction_p...
                                      roxy_scaled + (nearest_axial_boundary_fraction_proxy_scale...
                                      d - nearest_radial_boundary_fraction_proxy_scaled)))) * 0....
                                      21606
15          3.148e-01  2.207e-03  y = ((((((rho_fraction_proxy_scaled + nearest_axial_bounda...
                                      ry_fraction_proxy_scaled) * 1.3827) - nearest_radial_bound...
                                      ary_fraction_proxy_scaled) * nearest_axial_boundary_fracti...
                                      on_proxy_scaled) + signed_axial_position_proxy_scaled) * 0...
                                      .18481) - 0.33138
17          3.016e-01  2.147e-02  y = ((signed_axial_position_proxy_scaled - 1.4621) + (near...
                                      est_axial_boundary_fraction_proxy_scaled * (rho_fraction_p...
                                      roxy_scaled + ((nearest_axial_boundary_fraction_proxy_scal...
                                      ed * (nearest_radial_boundary_fraction_proxy_scaled + 1.12...
                                      43)) - nearest_radial_boundary_fraction_proxy_scaled)))) *...
                                       0.21413
21          2.997e-01  1.549e-03  y = ((signed_axial_position_proxy_scaled - 1.3517) + (near...
                                      est_axial_boundary_fraction_proxy_scaled * (rho_fraction_p...
                                      roxy_scaled + ((nearest_axial_boundary_fraction_proxy_scal...
                                      ed * ((nearest_radial_boundary_fraction_proxy_scaled + 1.3...
                                      805) / 1.365)) - nearest_radial_boundary_fraction_proxy_sc...
                                      aled)))) * 0.23013
───────────────────────────────────────────────────────────────────────────────────────────────────
  - /net/scratch/j96317yn/NotebookCT3/outputs/10_signed_staged_residual_symbolic_pilot/iteration_3/stages/stage_geometry/search_state/pysr_runs/v10_i3_geometry_signed_residual_pilot/hall_of_fame.csv
