───────────────────────────────────────────────────────────────────────────────────────────────────
Complexity  Loss       Score      Equation
1           1.000e+00  0.000e+00  y = 3.2089e-05
3           9.201e-01  4.164e-02  y = weight_loss_rate_within_case_z_scaled * -0.28174
5           8.707e-01  2.758e-02  y = square(rho_within_case_z_scaled) * -0.20092
6           8.149e-01  6.628e-02  y = 0.78027 - abs(fluence_rate_scaled)
7           8.120e-01  3.535e-03  y = ((rho_within_case_z_scaled * rho_within_case_z_scaled)...
                                       + -0.99849) * -0.2921
8           7.878e-01  3.031e-02  y = 0.57648 - (abs(fluence_rate_scaled) * 0.7393)
10          7.794e-01  5.352e-03  y = 0.65939 - abs((fluence_rate_scaled * -0.80056) - -0.11...
                                      28)
11          7.217e-01  7.694e-02  y = (square(theta_cos_scaled) * 0.21395) + ((rho_within_ca...
                                      se_z_scaled * rho_within_case_z_scaled) * -0.29249)
12          7.189e-01  3.858e-03  y = abs(theta_cos_scaled * 0.45665) + ((rho_within_case_z_...
                                      scaled * rho_within_case_z_scaled) * -0.33402)
13          7.007e-01  2.556e-02  y = (((theta_cos_scaled * -1.1532) - square(rho_within_cas...
                                      e_z_scaled)) * -0.15458) * (theta_cos_scaled + -1.6111)
14          6.536e-01  6.965e-02  y = square(theta_cos_scaled * 0.68481) + (abs(rho_within_c...
                                      ase_z_scaled * theta_cos_scaled) * -0.76278)
16          6.466e-01  5.355e-03  y = (abs((rho_within_case_z_scaled * theta_cos_scaled) + -...
                                      0.091189) * -0.79812) + square(theta_cos_scaled * -0.68657...
                                      )
18          6.421e-01  3.538e-03  y = (abs(rho_within_case_z_scaled * (theta_cos_scaled + (r...
                                      ho_scaled * -0.091189))) * -0.79812) + square(theta_cos_sc...
                                      aled * -0.68657)
22          6.420e-01  4.276e-05  y = (((((fluence_rate_within_case_z_scaled * 0.23396) + ab...
                                      s(theta_cos_scaled)) - -0.46377) * rho_within_case_z_scale...
                                      d) * (rho_within_case_z_scaled * -0.18176)) + square(theta...
                                      _cos_scaled * 0.53599)
23          6.285e-01  2.116e-02  y = (((((fluence_rate_within_case_z_scaled + (square(theta...
                                      _cos_scaled) - -2.1501)) * -0.065196) * rho_within_case_z_...
                                      scaled) - 0.1373) * rho_within_case_z_scaled) + square(0.0...
                                      5662 - (theta_cos_scaled * 0.51572))
25          6.273e-01  9.782e-04  y = (((((fluence_rate_within_case_z_scaled * -0.072936) + ...
                                      ((square(theta_cos_scaled) - -2.1501) * -0.065196)) * rho_...
                                      within_case_z_scaled) - 0.1373) * rho_within_case_z_scaled...
                                      ) + square(0.05662 - (theta_cos_scaled * 0.51572))
27          6.253e-01  1.595e-03  y = square((rho_within_case_z_scaled * -0.077235) - (theta...
                                      _cos_scaled * 0.52231)) + (((rho_within_case_z_scaled * ((...
                                      fluence_rate_within_case_z_scaled * -0.073019) + ((-1.9318...
                                       - square(theta_cos_scaled)) * 0.076559))) - 0.16234) * rh...
                                      o_within_case_z_scaled)
───────────────────────────────────────────────────────────────────────────────────────────────────
  - /Users/novwin/Documents/University/University of Manchester/毕设项目/Nuclear graphite/NotebookCT3/outputs/08_recoverable_16000_single_formula/iteration_1/search_state/pysr_runs/recoverable_i1_single_shape/hall_of_fame.csv
