───────────────────────────────────────────────────────────────────────────────────────────────────
Complexity  Loss       Score      Equation
1           1.000e+00  0.000e+00  y = 3.2089e-05
3           9.579e-01  2.148e-02  y = theta_cos_scaled * -0.20497
5           8.707e-01  4.774e-02  y = square(rho_within_case_z_scaled) * -0.20065
6           8.149e-01  6.628e-02  y = 0.77834 - abs(fluence_rate_scaled)
7           8.120e-01  3.540e-03  y = ((rho_within_case_z_scaled * rho_within_case_z_scaled)...
                                       + -1.0019) * -0.29231
8           7.878e-01  3.030e-02  y = 0.57501 - abs(fluence_rate_scaled * 0.73428)
10          7.795e-01  5.285e-03  y = 0.64311 - abs((fluence_rate_scaled * -0.78582) - -0.11...
                                      773)
11          7.224e-01  7.606e-02  y = (square(theta_cos_scaled) * 0.22874) + ((rho_within_ca...
                                      se_z_scaled * rho_within_case_z_scaled) * -0.29802)
13          7.112e-01  7.835e-03  y = ((square(theta_cos_scaled) + 0.67485) * 0.19091) + ((r...
                                      ho_within_case_z_scaled * rho_within_case_z_scaled) * -0.3...
                                      2309)
14          7.108e-01  5.517e-04  y = abs(0.085511 - (theta_cos_scaled * 0.47185)) + ((rho_w...
                                      ithin_case_z_scaled * rho_within_case_z_scaled) * -0.33243...
                                      )
15          6.932e-01  2.496e-02  y = (((theta_cos_scaled + -0.42667) * -0.9415) - square(rh...
                                      o_within_case_z_scaled)) * ((theta_cos_scaled + -1.9054) *...
                                       -0.14598)
16          6.756e-01  2.574e-02  y = square(theta_cos_scaled * 0.56729) + (rho_within_case_...
                                      z_scaled * (rho_within_case_z_scaled * (abs(theta_cos_scal...
                                      ed) * -0.30145)))
18          6.628e-01  9.592e-03  y = square(theta_cos_scaled * 0.55174) + ((abs(theta_cos_s...
                                      caled) + 0.49714) * ((rho_within_case_z_scaled * rho_withi...
                                      n_case_z_scaled) * -0.22273))
20          6.585e-01  3.279e-03  y = square(theta_cos_scaled * 0.55457) + (((rho_within_cas...
                                      e_z_scaled * rho_within_case_z_scaled) * (abs(theta_cos_sc...
                                      aled) + (rho_within_case_z_scaled * -0.16184))) * -0.25279...
                                      )
24          6.412e-01  6.648e-03  y = (rho_within_case_z_scaled * ((abs(theta_cos_within_cas...
                                      e_z_scaled) + ((fluence_rate_within_case_z_scaled * 0.2263...
                                      8) - -0.41828)) * (rho_within_case_z_scaled * -0.18542))) ...
                                      + square((0.049713 - theta_cos_scaled) * 0.53181)
26          6.323e-01  6.954e-03  y = square((0.064237 - theta_cos_scaled) * 0.51473) + (((r...
                                      ho_within_case_z_scaled * ((fluence_rate_within_case_z_sca...
                                      led * -0.082458) + ((abs(theta_cos_within_case_z_scaled) -...
                                       -0.24095) * -0.17878))) - 0.16387) * rho_within_case_z_sc...
                                      aled)
28          6.308e-01  1.231e-03  y = square((theta_cos_scaled * 0.50276) - 0.064009) + (rho...
                                      _within_case_z_scaled * (((rho_within_case_z_scaled * ((fl...
                                      uence_rate_within_case_z_scaled * 0.42201) + (abs(theta_co...
                                      s_scaled - 0.16048) - -0.2805))) * -0.17955) - 0.1474))
───────────────────────────────────────────────────────────────────────────────────────────────────
  - /Users/novwin/Documents/University/University of Manchester/毕设项目/Nuclear graphite/NotebookCT3/outputs/08_recoverable_16000_single_formula/iteration_1/search_state/pysr_runs/recoverable_i1_single_shape/hall_of_fame.csv
