───────────────────────────────────────────────────────────────────────────────────────────────────
[1m[4mComplexity[22m[24m  [1m[4mLoss[22m[24m       [1m[4mScore[22m[24m      [1m[4mEquation[22m[24m
1           3.888e-01  0.000e+00  y = -0.068021
3           3.807e-01  1.042e-02  y = nearest_radial_boundary_fraction_proxy_scaled * 0.1586...
                                      3
5           3.800e-01  1.005e-03  y = (nearest_radial_boundary_fraction_proxy_scaled * 0.151...
                                      9) + -0.046459
7           3.765e-01  4.638e-03  y = nearest_radial_boundary_fraction_proxy_scaled * ((near...
                                      est_angular_boundary_fraction_proxy_scaled - 1.5392) * -0....
                                      10365)
8           3.748e-01  4.362e-03  y = nearest_radial_boundary_fraction_proxy_scaled * abs(th...
                                      eta_fraction_proxy_scaled * 0.20395)
9           3.733e-01  3.973e-03  y = (hotspot_rbf_04_scaled * ((nearest_radial_boundary_fra...
                                      ction_proxy_scaled * 0.16853) * hotspot_rbf_04_scaled)) + ...
                                      -0.095397
10          3.713e-01  5.561e-03  y = (((v10_fixed_shape_proxy_scaled + 1.5426) * nearest_ra...
                                      dial_boundary_fraction_proxy_scaled) + -0.81457) * 0.1337
12          3.694e-01  2.554e-03  y = nearest_radial_boundary_fraction_proxy_scaled * ((near...
                                      est_angular_boundary_fraction_proxy_scaled - (signed_angul...
                                      ar_position_proxy_scaled + (v10_fixed_shape_proxy_scaled +...
                                       2.2553))) * -0.0977)
13          3.675e-01  5.039e-03  y = ((((nearest_radial_boundary_fraction_proxy_scaled * si...
                                      gned_angular_position_proxy_scaled) * -0.87397) + (-0.9310...
                                      3 - nearest_angular_boundary_fraction_proxy_scaled)) * sig...
                                      ned_angular_position_proxy_scaled) * -0.1594
14          3.642e-01  9.170e-03  y = ((nearest_radial_boundary_fraction_proxy_scaled * (nea...
                                      rest_angular_boundary_fraction_proxy_scaled - (signed_angu...
                                      lar_position_proxy_scaled + (v10_fixed_shape_proxy_scaled ...
                                      + 1.7252)))) * -0.12482) - 0.12365
19          3.583e-01  3.268e-03  y = (signed_angular_position_proxy_scaled * (((signed_angu...
                                      lar_position_proxy_scaled * tanh(nearest_radial_boundary_f...
                                      raction_proxy_scaled * -2.21)) - (nearest_angular_boundary...
                                      _fraction_proxy_scaled + 0.91021)) * -0.18747)) + -0.12333
───────────────────────────────────────────────────────────────────────────────────────────────────
  - /net/scratch/j96317yn/NotebookCT3/outputs/11_tail_aware_localised_symbolic/iteration_3/stages/stage_tail_localised/search_state/pysr_runs/v11_i3_tail_aware_localised_residual/hall_of_fame.csv
