───────────────────────────────────────────────────────────────────────────────────────────────────
[1m[4mComplexity[22m[24m  [1m[4mLoss[22m[24m       [1m[4mScore[22m[24m      [1m[4mEquation[22m[24m
1           3.794e-01  0.000e+00  y = -0.026656
3           3.746e-01  6.283e-03  y = nearest_axial_boundary_fraction_proxy_scaled * 0.11423
5           3.656e-01  1.216e-02  y = fluence_rate_mean_scaled * (nearest_radial_boundary_fr...
                                      action_proxy_scaled * -0.17017)
7           3.620e-01  5.036e-03  y = (nearest_axial_boundary_fraction_proxy_scaled - (theta...
                                      _cos_scaled * theta_cos_scaled)) * 0.1145
8           3.618e-01  4.989e-04  y = (theta_cos_scaled * boundary_corner_proximity_proxy_sc...
                                      aled) * (theta_cos_scaled * 0.15624)
9           3.597e-01  5.849e-03  y = (theta_cos_scaled * ((theta_cos_scaled * theta_cos_sca...
                                      led) + -2.4181)) * 0.073627
11          3.595e-01  2.994e-04  y = ((theta_cos_scaled * ((theta_cos_scaled * theta_cos_sc...
                                      aled) + -2.4181)) * 0.073627) - -0.011404
12          3.547e-01  1.331e-02  y = ((nearest_axial_boundary_fraction_proxy_scaled - (flue...
                                      nce_rate_p95_scaled * fluence_rate_within_case_z_scaled)) ...
                                      - (theta_cos_scaled * theta_cos_scaled)) * 0.11291
14          3.541e-01  8.898e-04  y = (((nearest_axial_boundary_fraction_proxy_scaled - (flu...
                                      ence_rate_p95_scaled * fluence_rate_within_case_z_scaled))...
                                       - (theta_cos_scaled * theta_cos_scaled)) * 0.10893) + 0.0...
                                      6723
17          3.452e-01  8.436e-03  y = gauss(nearest_radial_boundary_fraction_proxy_scaled + ...
                                      0.70753) * ((nearest_radial_boundary_fraction_proxy_scaled...
                                       - ((-0.29063 - theta_cos_scaled) * theta_cos_scaled)) * -...
                                      0.37928)
19          3.451e-01  2.365e-04  y = (gauss(nearest_radial_boundary_fraction_proxy_scaled +...
                                       0.73009) * ((nearest_radial_boundary_fraction_proxy_scale...
                                      d - ((-0.30949 - theta_cos_scaled) * theta_cos_scaled)) * ...
                                      -0.37643)) - -0.049143
21          3.435e-01  2.306e-03  y = gauss(nearest_radial_boundary_fraction_proxy_scaled + ...
                                      0.70458) * ((nearest_radial_boundary_fraction_proxy_scaled...
                                       - ((-0.3066 - theta_cos_scaled) * (theta_cos_scaled / 1.4...
                                      179))) * -0.53518)
23          3.411e-01  3.424e-03  y = (0.0073703 - (gauss(nearest_radial_boundary_fraction_p...
                                      roxy_scaled + 0.71675) * 0.3273)) * (nearest_radial_bounda...
                                      ry_fraction_proxy_scaled - (nearest_axial_boundary_fractio...
                                      n_proxy_scaled - ((theta_cos_scaled * theta_cos_scaled) / ...
                                      0.99506)))
25          3.401e-01  1.552e-03  y = (nearest_radial_boundary_fraction_proxy_scaled - (thet...
                                      a_cos_scaled * (-0.23936 - (theta_cos_scaled / 1.6057)))) ...
                                      * ((weight_loss_rate_scaled * -0.071031) - (gauss(nearest_...
                                      radial_boundary_fraction_proxy_scaled + 0.64158) * 0.54729...
                                      ))
───────────────────────────────────────────────────────────────────────────────────────────────────
  - /net/scratch/j96317yn/NotebookCT3/outputs/10_signed_staged_residual_symbolic_pilot/iteration_2/stages/stage_physical/search_state/pysr_runs/v10_i2_physical_signed_residual_pilot/hall_of_fame.csv
