───────────────────────────────────────────────────────────────────────────────────────────────────
[1m[4mComplexity[22m[24m  [1m[4mLoss[22m[24m       [1m[4mScore[22m[24m      [1m[4mEquation[22m[24m
1           3.863e-01  0.000e+00  y = -0.08485
3           3.762e-01  1.332e-02  y = hotspot_rbf_max_proxy_scaled * 0.17606
5           3.743e-01  2.560e-03  y = -0.07143 - (hotspot_rbf_max_proxy_scaled * -0.17079)
7           3.739e-01  4.208e-04  y = gauss(fluence_rate_scaled) - 0.67401
8           3.717e-01  6.065e-03  y = (abs(fluence_rate_scaled) + -0.52711) * -0.28881
9           3.683e-01  9.202e-03  y = gauss((signed_angular_position_proxy_scaled - 0.48563)...
                                       * -15.82)
11          3.591e-01  1.266e-02  y = gauss((signed_angular_position_proxy_scaled - 0.48051)...
                                       * -11.845) - 0.16387
13          3.591e-01  7.562e-06  y = gauss((0.48078 - signed_angular_position_proxy_scaled)...
                                       / 0.085272) + -0.16739
15          3.513e-01  1.095e-02  y = (nearest_radial_boundary_fraction_proxy_scaled + 0.772...
                                      1) * gauss((signed_angular_position_proxy_scaled - 0.48028...
                                      ) / -0.070825)
17          3.407e-01  1.536e-02  y = ((nearest_radial_boundary_fraction_proxy_scaled + 0.95...
                                      311) * gauss((signed_angular_position_proxy_scaled - 0.478...
                                      23) / 0.079673)) - 0.17675
20          3.348e-01  5.774e-03  y = ((nearest_radial_boundary_fraction_proxy_scaled + abs(...
                                      nearest_radial_boundary_fraction_proxy_scaled)) * gauss((s...
                                      igned_angular_position_proxy_scaled - 0.47416) / 0.095991)...
                                      ) - 0.17169
21          3.277e-01  2.135e-02  y = ((gauss((signed_angular_position_proxy_scaled - 0.4729...
                                      8) / -0.10019) - (nearest_angular_boundary_fraction_proxy_...
                                      scaled * 0.14328)) * (nearest_radial_boundary_fraction_pro...
                                      xy_scaled + 1.1785)) + -0.2116
24          3.169e-01  1.126e-02  y = ((gauss((0.47064 - signed_angular_position_proxy_scale...
                                      d) / -0.12414) - (nearest_angular_boundary_fraction_proxy_...
                                      scaled * 0.21203)) * (nearest_radial_boundary_fraction_pro...
                                      xy_scaled + abs(nearest_radial_boundary_fraction_proxy_sca...
                                      led))) + -0.1855
26          3.077e-01  1.466e-02  y = (((gauss((0.47816 - signed_angular_position_proxy_scal...
                                      ed) / -0.10232) - 0.16264) * (abs(nearest_radial_boundary_...
                                      fraction_proxy_scaled) + nearest_radial_boundary_fraction_...
                                      proxy_scaled)) * (nearest_angular_boundary_fraction_proxy_...
                                      scaled * 1.6122)) + -0.22282
───────────────────────────────────────────────────────────────────────────────────────────────────
  - /net/scratch/j96317yn/NotebookCT3/outputs/11_tail_aware_localised_symbolic/iteration_1/stages/stage_tail_localised/search_state/pysr_runs/v11_i1_tail_aware_localised_residual/hall_of_fame.csv
