───────────────────────────────────────────────────────────────────────────────────────────────────
Complexity  Loss       Score      Equation
1           1.000e+00  0.000e+00  y = 3.2089e-05
3           9.201e-01  4.164e-02  y = weight_loss_rate_within_case_z_scaled * -0.28217
5           8.453e-01  4.239e-02  y = fluence_rate_scaled * (rho_within_case_z_scaled * 0.25...
                                      405)
6           8.149e-01  3.666e-02  y = 0.78027 - abs(fluence_rate_scaled)
7           8.085e-01  7.887e-03  y = (rho_within_case_z_scaled * (fluence_rate_scaled * 0.3...
                                      1375)) + 0.21316
8           7.878e-01  2.596e-02  y = 0.57503 - (abs(fluence_rate_scaled) * 0.73684)
9           7.452e-01  5.554e-02  y = (square(theta_sin_within_case_z_scaled) + (rho_within_...
                                      case_z_scaled * fluence_rate_scaled)) * 0.29983
10          7.259e-01  2.622e-02  y = ((fluence_rate_scaled * rho_within_case_z_scaled) + ab...
                                      s(theta_cos_scaled)) * 0.36336
11          7.109e-01  2.094e-02  y = ((fluence_rate_scaled * rho_within_case_z_scaled) * 0....
                                      33747) + square(theta_cos_scaled * 0.44503)
13          7.007e-01  7.210e-03  y = (((theta_cos_scaled * -1.1406) - square(rho_within_cas...
                                      e_z_scaled)) * -0.15479) * (theta_cos_scaled + -1.6082)
14          6.536e-01  6.962e-02  y = square(theta_cos_scaled * 0.68679) + (abs(rho_within_c...
                                      ase_z_scaled * theta_cos_scaled) * -0.76678)
16          6.461e-01  5.770e-03  y = square(theta_cos_scaled * -0.68261) + (abs((theta_cos_...
                                      scaled * rho_within_case_z_scaled) + -0.10225) * -0.77368)
18          6.399e-01  4.783e-03  y = (abs((theta_cos_scaled * rho_within_case_z_scaled) - 0...
                                      .14246) * -0.81634) + (square(theta_cos_scaled * -0.6763) ...
                                      + 0.10283)
19          6.388e-01  1.708e-03  y = (rho_within_case_z_scaled * (((square(theta_cos_scaled...
                                      ) + fluence_rate_within_case_z_scaled) - -3.1042) * (rho_s...
                                      caled * -0.053848))) + square(theta_cos_scaled * 0.53495)
21          6.253e-01  1.068e-02  y = square(theta_cos_scaled * 0.512) + (((rho_scaled * -0....
                                      080229) - 0.052555) * (rho_scaled * ((square(theta_cos_sca...
                                      led) + fluence_rate_within_case_z_scaled) - -2.247)))
23          6.248e-01  4.669e-04  y = square((theta_cos_scaled * 0.49862) - 0.045066) + (((r...
                                      ho_scaled * -0.08034) - 0.051301) * ((fluence_rate_within_...
                                      case_z_scaled + (square(theta_cos_scaled) - -2.1285)) * rh...
                                      o_within_case_z_scaled))
───────────────────────────────────────────────────────────────────────────────────────────────────
  - /Users/novwin/Documents/University/University of Manchester/毕设项目/Nuclear graphite/NotebookCT3/outputs/08_recoverable_16000_single_formula/iteration_1/search_state/pysr_runs/recoverable_i1_single_shape/hall_of_fame.csv
