───────────────────────────────────────────────────────────────────────────────────────────────────
[1m[4mComplexity[22m[24m  [1m[4mLoss[22m[24m       [1m[4mScore[22m[24m      [1m[4mEquation[22m[24m
1           3.929e-01  0.000e+00  y = -0.033137
3           3.783e-01  1.893e-02  y = z_scaled * 0.20599
5           3.606e-01  2.397e-02  y = (rho_scaled * 0.30113) * nearest_axial_boundary_fracti...
                                      on_proxy_scaled
7           3.590e-01  2.185e-03  y = ((rho_scaled * nearest_axial_boundary_fraction_proxy_s...
                                      caled) * 0.30684) - 0.065664
8           3.584e-01  1.675e-03  y = ((z_fraction_proxy_scaled * radial_axial_signed_intera...
                                      ction_proxy_scaled) - rho_scaled) * -0.31374
9           3.470e-01  3.235e-02  y = 0.26296 * (z_fraction_proxy_scaled - (rho_scaled * (ne...
                                      arest_axial_boundary_fraction_proxy_scaled * -1.171)))
11          3.406e-01  9.403e-03  y = ((signed_axial_position_proxy_scaled * ((z_fraction_pr...
                                      oxy_scaled * rho_fraction_proxy_scaled) + -0.54191)) - rho...
                                      _scaled) * -0.36615
13          3.390e-01  2.382e-03  y = (((z_fraction_proxy_scaled * ((rho_fraction_proxy_scal...
                                      ed * z_fraction_proxy_scaled) + -0.53621)) - rho_scaled) *...
                                       -0.37258) + -0.064603
14          3.327e-01  1.877e-02  y = (((signed_axial_position_proxy_scaled * (signed_axial_...
                                      position_proxy_scaled - (radial_axial_signed_interaction_p...
                                      roxy_scaled * -0.29655))) * -0.4017) + 0.37281) * signed_r...
                                      adial_position_proxy_scaled
16          3.322e-01  6.946e-04  y = (((signed_axial_position_proxy_scaled * ((z_fraction_p...
                                      roxy_scaled - (radial_axial_signed_interaction_proxy_scale...
                                      d * -0.30357)) * -0.40092)) + 0.36975) * signed_radial_pos...
                                      ition_proxy_scaled) + 0.041967
18          3.201e-01  1.847e-02  y = (((((signed_axial_position_proxy_scaled * rho_fraction...
                                      _proxy_scaled) + -0.46366) - ((radial_axial_signed_interac...
                                      tion_proxy_scaled * rho_fraction_proxy_scaled) * -0.27806)...
                                      ) * z_fraction_proxy_scaled) - rho_scaled) * -0.39708
20          3.140e-01  9.659e-03  y = (((boundary_corner_proximity_proxy_scaled + signed_rad...
                                      ial_position_proxy_scaled) * (z_fraction_proxy_scaled * z_...
                                      fraction_proxy_scaled)) - ((radial_axial_signed_interactio...
                                      n_proxy_scaled * (radial_axial_signed_interaction_proxy_sc...
                                      aled * -0.60312)) + rho_fraction_proxy_scaled)) * -0.31519
22          2.978e-01  2.653e-02  y = ((((signed_radial_position_proxy_scaled + boundary_cor...
                                      ner_proximity_proxy_scaled) * z_fraction_proxy_scaled) * z...
                                      _fraction_proxy_scaled) - (rho_scaled + ((z_fraction_proxy...
                                      _scaled - (radial_axial_signed_interaction_proxy_scaled * ...
                                      radial_axial_signed_interaction_proxy_scaled)) * 0.59616))...
                                      ) * -0.3191
24          2.971e-01  1.136e-03  y = ((((signed_radial_position_proxy_scaled + boundary_cor...
                                      ner_proximity_proxy_scaled) * z_fraction_proxy_scaled) * z...
                                      _fraction_proxy_scaled) - (((z_fraction_proxy_scaled + (-0...
                                      .26379 - (radial_axial_signed_interaction_proxy_scaled * r...
                                      adial_axial_signed_interaction_proxy_scaled))) * 0.56109) ...
                                      + rho_scaled)) * -0.32929
26          2.967e-01  7.151e-04  y = (((z_fraction_proxy_scaled * z_fraction_proxy_scaled) ...
                                      * (signed_radial_position_proxy_scaled + boundary_corner_p...
                                      roximity_proxy_scaled)) - ((((z_fraction_proxy_scaled + -0...
                                      .25186) + ((-0.1677 - radial_axial_signed_interaction_prox...
                                      y_scaled) * radial_axial_signed_interaction_proxy_scaled))...
                                       * 0.5637) + rho_scaled)) * -0.33322
27          2.951e-01  5.485e-03  y = ((z_fraction_proxy_scaled * (z_fraction_proxy_scaled *...
                                       (signed_radial_position_proxy_scaled + boundary_corner_pr...
                                      oximity_proxy_scaled))) - (rho_scaled + ((((boundary_corne...
                                      r_proximity_proxy_scaled * theta_sin_scaled) + z_fraction_...
                                      proxy_scaled) - (radial_axial_signed_interaction_proxy_sca...
                                      led * radial_axial_signed_interaction_proxy_scaled)) * 0.6...
                                      027))) * -0.30843
28          2.937e-01  4.542e-03  y = (((z_fraction_proxy_scaled * (signed_radial_position_p...
                                      roxy_scaled + boundary_corner_proximity_proxy_scaled)) * s...
                                      igned_axial_position_proxy_scaled) - ((((-0.28082 - (radia...
                                      l_axial_signed_interaction_proxy_scaled * radial_axial_sig...
                                      ned_interaction_proxy_scaled)) + ((theta_sin_scaled + thet...
                                      a_cos_scaled) + z_fraction_proxy_scaled)) * 0.55703) + rho...
                                      _scaled)) * -0.33595
29          2.880e-01  1.987e-02  y = (((signed_radial_position_proxy_scaled + boundary_corn...
                                      er_proximity_proxy_scaled) * (z_fraction_proxy_scaled * z_...
                                      fraction_proxy_scaled)) - (rho_scaled + (((z_fraction_prox...
                                      y_scaled - (radial_axial_signed_interaction_proxy_scaled *...
                                       radial_axial_signed_interaction_proxy_scaled)) + ((bounda...
                                      ry_corner_proximity_proxy_scaled * signed_angular_position...
                                      _proxy_scaled) * theta_sin_scaled)) * 0.48112))) * -0.3574...
                                      7
32          2.818e-01  7.221e-03  y = ((((signed_radial_position_proxy_scaled + boundary_cor...
                                      ner_proximity_proxy_scaled) * z_fraction_proxy_scaled) * z...
                                      _fraction_proxy_scaled) - ((((z_fraction_proxy_scaled - (r...
                                      adial_axial_signed_interaction_proxy_scaled * radial_axial...
                                      _signed_interaction_proxy_scaled)) + ((signed_angular_posi...
                                      tion_proxy_scaled * boundary_corner_proximity_proxy_scaled...
                                      ) * (0.44149 - theta_cos_within_case_z_scaled))) * 0.48925...
                                      ) + rho_scaled)) * -0.35217
───────────────────────────────────────────────────────────────────────────────────────────────────
  - /net/scratch/j96317yn/NotebookCT3/outputs/10_signed_staged_residual_symbolic_pilot/iteration_2/stages/stage_geometry/search_state/pysr_runs/v10_i2_geometry_signed_residual_pilot/hall_of_fame.csv
