───────────────────────────────────────────────────────────────────────────────────────────────────
Complexity  Loss       Score      Equation
1           1.000e+00  0.000e+00  y = -8.561e-05
3           9.420e-01  2.986e-02  y = nearest_radial_boundary_fraction_proxy_scaled * 0.2396...
                                      8
5           9.365e-01  2.944e-03  y = (nearest_axial_boundary_fraction_proxy_scaled * rho_fr...
                                      action_proxy_scaled) * 0.26349
6           9.348e-01  1.822e-03  y = abs(nearest_axial_boundary_fraction_proxy_scaled) + -0...
                                      .89018
7           8.665e-01  7.588e-02  y = gauss(fluence_rate_scaled) - 0.61888
9           8.609e-01  3.257e-03  y = gauss(fluence_rate_scaled * 1.3457) - 0.51245
11          8.372e-01  1.392e-02  y = (0.41129 - gauss(nearest_axial_boundary_fraction_proxy...
                                      _scaled)) * (z_within_case_z_scaled * z_within_case_z_scal...
                                      ed)
12          7.993e-01  4.629e-02  y = abs(gauss(fluence_rate_scaled) * nearest_axial_boundar...
                                      y_fraction_proxy_scaled) - 0.57311
13          7.936e-01  7.205e-03  y = (z_within_case_z_scaled * (gauss(fluence_rate_within_c...
                                      ase_z_scaled + -0.46364) - 0.57078)) * z_within_case_z_sca...
                                      led
15          7.839e-01  6.123e-03  y = (gauss(fluence_rate_within_case_z_scaled + -0.46001) -...
                                       0.57695) * ((z_within_case_z_scaled * z_within_case_z_sca...
                                      led) + theta_sin_std_scaled)
17          7.548e-01  1.897e-02  y = z_within_case_z_scaled * (z_within_case_z_scaled * (ga...
                                      uss(fluence_rate_within_case_z_scaled + -0.79694) - gauss(...
                                      nearest_axial_boundary_fraction_proxy_scaled)))
19          7.249e-01  2.020e-02  y = ((gauss(fluence_rate_within_case_z_scaled + -0.59589) ...
                                      * 0.77288) - gauss(nearest_axial_boundary_fraction_proxy_s...
                                      caled)) * (z_within_case_z_scaled * z_scaled)
21          7.138e-01  7.717e-03  y = ((gauss((fluence_rate_within_case_z_scaled * 1.3945) +...
                                       -0.59589) * 0.77288) - gauss(nearest_axial_boundary_fract...
                                      ion_proxy_scaled)) * (z_within_case_z_scaled * z_scaled)
23          6.950e-01  1.335e-02  y = (z_within_case_z_scaled * (z_scaled + 0.31336)) * ((ga...
                                      uss((fluence_rate_within_case_z_scaled * 1.4547) + -0.6461...
                                      ) * 0.80084) - gauss(nearest_axial_boundary_fraction_proxy...
                                      _scaled))
───────────────────────────────────────────────────────────────────────────────────────────────────
  - /Users/novwin/Documents/University/University of Manchester/毕设项目/Nuclear graphite/NotebookCT3/outputs/09_residual_shape_symbolic_pilot/iteration_1/search_state/pysr_runs/v9_i1_residual_shape_pilot/hall_of_fame.csv
