───────────────────────────────────────────────────────────────────────────────────────────────────
Complexity  Loss       Score      Equation
1           1.000e+00  0.000e+00  y = -8.561e-05
3           9.420e-01  2.986e-02  y = nearest_radial_boundary_fraction_proxy_scaled * 0.2404...
                                      4
5           8.984e-01  2.373e-02  y = (nearest_radial_boundary_fraction_proxy_scaled + z_sca...
                                      led) * 0.22149
7           8.665e-01  1.807e-02  y = gauss(fluence_rate_scaled) - 0.61894
9           8.393e-01  1.592e-02  y = (nearest_axial_boundary_fraction_proxy_scaled - -0.956...
                                      54) * ((z_fraction_proxy_scaled * -0.69723) * z_fraction_p...
                                      roxy_scaled)
10          8.373e-01  2.473e-03  y = (z_fraction_proxy_scaled * (abs(nearest_axial_boundary...
                                      _fraction_proxy_scaled) - 1.01)) * z_fraction_proxy_scaled
11          8.212e-01  1.931e-02  y = gauss(fluence_rate_scaled) - gauss(nearest_axial_bound...
                                      ary_fraction_proxy_scaled)
12          7.993e-01  2.703e-02  y = (gauss(fluence_rate_scaled) * abs(nearest_axial_bounda...
                                      ry_fraction_proxy_scaled)) - 0.57209
13          7.936e-01  7.232e-03  y = z_fraction_proxy_scaled * ((gauss(fluence_rate_within_...
                                      case_z_scaled + -0.46687) - 0.57076) * z_fraction_proxy_sc...
                                      aled)
15          7.701e-01  1.502e-02  y = (z_within_case_z_scaled * ((nearest_axial_boundary_fra...
                                      ction_proxy_scaled * gauss(fluence_rate_scaled)) - -0.6134...
                                      3)) * (z_within_case_z_scaled * -0.73978)
17          7.007e-01  4.722e-02  y = z_within_case_z_scaled * (((nearest_axial_boundary_fra...
                                      ction_proxy_scaled * gauss(fluence_rate_within_case_z_scal...
                                      ed + -0.5219)) - -0.61353) * (z_within_case_z_scaled * -0....
                                      91315))
19          6.795e-01  1.538e-02  y = (((((nearest_axial_boundary_fraction_proxy_scaled * ga...
                                      uss(-0.42097 - rho_within_case_z_scaled)) - -0.61098) * z_...
                                      within_case_z_scaled) - 0.21557) * -0.79442) * z_within_ca...
                                      se_z_scaled
21          6.645e-01  1.114e-02  y = ((z_within_case_z_scaled + 0.2748) * ((((gauss(-0.4212...
                                      8 - rho_within_case_z_scaled) * nearest_axial_boundary_fra...
                                      ction_proxy_scaled) - -0.66461) * z_within_case_z_scaled) ...
                                      - 0.21544)) * -0.86144
───────────────────────────────────────────────────────────────────────────────────────────────────
  - /Users/novwin/Documents/University/University of Manchester/毕设项目/Nuclear graphite/NotebookCT3/outputs/09_residual_shape_symbolic_pilot/iteration_1/search_state/pysr_runs/v9_i1_residual_shape_pilot/hall_of_fame.csv
