───────────────────────────────────────────────────────────────────────────────────────────────────
[1m[4mComplexity[22m[24m  [1m[4mLoss[22m[24m       [1m[4mScore[22m[24m      [1m[4mEquation[22m[24m
1           3.929e-01  0.000e+00  y = -0.032535
3           3.784e-01  1.887e-02  y = z_scaled * 0.20546
5           3.602e-01  2.457e-02  y = rho_scaled * (nearest_axial_boundary_fraction_proxy_sc...
                                      aled * 0.30264)
7           3.465e-01  1.936e-02  y = (signed_radial_position_proxy_scaled - nearest_radial_...
                                      boundary_fraction_proxy_scaled) * (nearest_axial_boundary_...
                                      fraction_proxy_scaled * 0.23301)
8           3.465e-01  1.359e-07  y = ((rho_within_case_z_scaled - nearest_radial_boundary_f...
                                      raction_proxy_scaled) * nearest_axial_boundary_fraction_pr...
                                      oxy_scaled) * 0.23301
9           3.331e-01  3.944e-02  y = ((nearest_axial_boundary_fraction_proxy_scaled * (rho_...
                                      fraction_proxy_scaled - nearest_radial_boundary_fraction_p...
                                      roxy_scaled)) + signed_axial_position_proxy_scaled) * 0.21...
                                      768
11          3.280e-01  7.831e-03  y = (((nearest_axial_boundary_fraction_proxy_scaled * (nea...
                                      rest_axial_boundary_fraction_proxy_scaled + rho_fraction_p...
                                      roxy_scaled)) + z_scaled) - 1.1814) * 0.24919
13          3.162e-01  1.830e-02  y = ((z_scaled - 1.3738) + (nearest_axial_boundary_fractio...
                                      n_proxy_scaled * (signed_radial_position_proxy_scaled + (n...
                                      earest_axial_boundary_fraction_proxy_scaled - nearest_radi...
                                      al_boundary_fraction_proxy_scaled)))) * 0.21673
15          3.125e-01  5.770e-03  y = ((nearest_axial_boundary_fraction_proxy_scaled * (rho_...
                                      fraction_proxy_scaled + ((nearest_axial_boundary_fraction_...
                                      proxy_scaled * (nearest_radial_boundary_fraction_proxy_sca...
                                      led + 1.0176)) - nearest_radial_boundary_fraction_proxy_sc...
                                      aled))) + -1.3671) * 0.23131
17          3.016e-01  1.790e-02  y = ((signed_axial_position_proxy_scaled - 1.4745) + (near...
                                      est_axial_boundary_fraction_proxy_scaled * (rho_fraction_p...
                                      roxy_scaled + ((nearest_axial_boundary_fraction_proxy_scal...
                                      ed * (nearest_radial_boundary_fraction_proxy_scaled + 1.12...
                                      43)) - nearest_radial_boundary_fraction_proxy_scaled)))) *...
                                       0.2137
19          2.997e-01  3.089e-03  y = ((signed_axial_position_proxy_scaled - 1.3717) + (((rh...
                                      o_fraction_proxy_scaled + (((nearest_radial_boundary_fract...
                                      ion_proxy_scaled * 0.72464) + 1.0179) * nearest_axial_boun...
                                      dary_fraction_proxy_scaled)) - nearest_radial_boundary_fra...
                                      ction_proxy_scaled) * nearest_axial_boundary_fraction_prox...
                                      y_scaled)) * 0.22957
21          2.993e-01  5.865e-04  y = (((((rho_fraction_proxy_scaled + 0.17054) + (((nearest...
                                      _radial_boundary_fraction_proxy_scaled * 0.74718) + 0.9506...
                                      6) * nearest_axial_boundary_fraction_proxy_scaled)) - near...
                                      est_radial_boundary_fraction_proxy_scaled) * nearest_axial...
                                      _boundary_fraction_proxy_scaled) + (signed_axial_position_...
                                      proxy_scaled - 1.2738)) * 0.23249
23          2.993e-01  6.885e-05  y = ((((((signed_radial_position_proxy_scaled - -0.14026) ...
                                      + (((nearest_radial_boundary_fraction_proxy_scaled * 0.752...
                                      62) + 1.0331) * nearest_axial_boundary_fraction_proxy_scal...
                                      ed)) - nearest_radial_boundary_fraction_proxy_scaled) * ne...
                                      arest_axial_boundary_fraction_proxy_scaled) + (signed_axia...
                                      l_position_proxy_scaled - 1.1148)) * 0.23031) - 0.059744
24          2.982e-01  3.759e-03  y = ((tanh(z_within_case_z_scaled) - 1.372) + (((rho_fract...
                                      ion_proxy_scaled + (((nearest_radial_boundary_fraction_pro...
                                      xy_scaled * 0.74923) + 1.0354) * nearest_axial_boundary_fr...
                                      action_proxy_scaled)) - nearest_radial_boundary_fraction_p...
                                      roxy_scaled) * nearest_axial_boundary_fraction_proxy_scale...
                                      d)) * 0.22542
───────────────────────────────────────────────────────────────────────────────────────────────────
  - /net/scratch/j96317yn/NotebookCT3/outputs/10_signed_staged_residual_symbolic_pilot/iteration_3/stages/stage_geometry/search_state/pysr_runs/v10_i3_geometry_signed_residual_pilot/hall_of_fame.csv
