───────────────────────────────────────────────────────────────────────────────────────────────────
[1m[4mComplexity[22m[24m  [1m[4mLoss[22m[24m       [1m[4mScore[22m[24m      [1m[4mEquation[22m[24m
1           3.811e-01  0.000e+00  y = -0.024716
3           3.803e-01  1.051e-03  y = nearest_angular_boundary_fraction_proxy_scaled * 0.055...
                                      295
4           3.799e-01  9.781e-04  y = fluence_rate_within_case_z_scaled * -0.060181
5           3.697e-01  2.730e-02  y = (nearest_radial_boundary_fraction_proxy_scaled * -0.15...
                                      298) * fluence_rate_mean_scaled
7           3.637e-01  8.107e-03  y = nearest_angular_boundary_fraction_proxy_scaled * ((the...
                                      ta_cos_scaled + nearest_radial_boundary_fraction_proxy_sca...
                                      led) * -0.13289)
9           3.610e-01  3.740e-03  y = ((nearest_radial_boundary_fraction_proxy_scaled + thet...
                                      a_cos_scaled) * (nearest_angular_boundary_fraction_proxy_s...
                                      caled + 0.44831)) * -0.15919
11          3.576e-01  4.721e-03  y = ((nearest_angular_boundary_fraction_proxy_scaled + the...
                                      ta_cos_scaled) + fluence_rate_scaled) * ((theta_cos_scaled...
                                       + nearest_radial_boundary_fraction_proxy_scaled) * -0.091...
                                      413)
13          3.528e-01  6.788e-03  y = ((theta_cos_scaled + fluence_rate_scaled) + nearest_an...
                                      gular_boundary_fraction_proxy_scaled) * ((theta_cos_scaled...
                                       + (nearest_radial_boundary_fraction_proxy_scaled + 0.7596...
                                      1)) * -0.11731)
15          3.486e-01  6.014e-03  y = ((nearest_radial_boundary_fraction_proxy_scaled + thet...
                                      a_cos_scaled) * -0.20362) * (((nearest_radial_boundary_fra...
                                      ction_proxy_scaled + fluence_rate_scaled) * 0.52286) + (ne...
                                      arest_angular_boundary_fraction_proxy_scaled + 0.47987))
17          3.479e-01  9.861e-04  y = (((((fluence_rate_scaled + nearest_radial_boundary_fra...
                                      ction_proxy_scaled) * 0.56695) + 0.47243) + nearest_angula...
                                      r_boundary_fraction_proxy_scaled) * ((nearest_radial_bound...
                                      ary_fraction_proxy_scaled + theta_cos_scaled) * -0.20998))...
                                       - -0.04616
18          3.446e-01  9.479e-03  y = ((nearest_angular_boundary_fraction_proxy_scaled + ((n...
                                      earest_radial_boundary_fraction_proxy_scaled + fluence_rat...
                                      e_scaled) * abs(nearest_radial_boundary_fraction_proxy_sca...
                                      led + 0.86953))) * (theta_cos_scaled + nearest_radial_boun...
                                      dary_fraction_proxy_scaled)) * -0.13158
20          3.412e-01  4.974e-03  y = ((nearest_radial_boundary_fraction_proxy_scaled + thet...
                                      a_cos_scaled) * -0.099997) * ((nearest_angular_boundary_fr...
                                      action_proxy_scaled + nearest_angular_boundary_fraction_pr...
                                      oxy_scaled) + (abs(nearest_radial_boundary_fraction_proxy_...
                                      scaled) * (fluence_rate_scaled + (nearest_radial_boundary_...
                                      fraction_proxy_scaled + 0.96669))))
22          3.377e-01  5.245e-03  y = ((theta_cos_scaled + nearest_radial_boundary_fraction_...
                                      proxy_scaled) * (((abs(nearest_radial_boundary_fraction_pr...
                                      oxy_scaled + 0.83838) + -0.55825) * (nearest_radial_bounda...
                                      ry_fraction_proxy_scaled + fluence_rate_scaled)) + (neares...
                                      t_angular_boundary_fraction_proxy_scaled + -0.10077))) * -...
                                      0.1636
24          3.360e-01  2.394e-03  y = ((nearest_radial_boundary_fraction_proxy_scaled + thet...
                                      a_cos_scaled) * ((((abs(nearest_radial_boundary_fraction_p...
                                      roxy_scaled + 0.53124) * (nearest_radial_boundary_fraction...
                                      _proxy_scaled + (fluence_rate_scaled + 0.71364))) + neares...
                                      t_angular_boundary_fraction_proxy_scaled) + nearest_angula...
                                      r_boundary_fraction_proxy_scaled) * -0.10996)) - -0.071358
26          3.349e-01  1.728e-03  y = (((nearest_angular_boundary_fraction_proxy_scaled + ((...
                                      ((nearest_radial_boundary_fraction_proxy_scaled + fluence_...
                                      rate_scaled) + 0.72095) * abs(nearest_radial_boundary_frac...
                                      tion_proxy_scaled + 0.36321)) + (fluence_rate_scaled * -0....
                                      59021))) * -0.16645) * (nearest_radial_boundary_fraction_p...
                                      roxy_scaled + theta_cos_scaled)) - -0.13864
───────────────────────────────────────────────────────────────────────────────────────────────────
  - /net/scratch/j96317yn/NotebookCT3/outputs/10_signed_staged_residual_symbolic_pilot/iteration_3/stages/stage_physical/search_state/pysr_runs/v10_i3_physical_signed_residual_pilot/hall_of_fame.csv
