───────────────────────────────────────────────────────────────────────────────────────────────────
Complexity  Loss       Score      Equation
1           1.000e+00  0.000e+00  y = -8.561e-05
3           9.420e-01  2.986e-02  y = nearest_radial_boundary_fraction_proxy_scaled * 0.2396...
                                      8
5           9.420e-01  6.258e-07  y = nearest_radial_boundary_fraction_proxy_scaled / 4.1562
6           9.348e-01  7.695e-03  y = abs(nearest_axial_boundary_fraction_proxy_scaled) + -0...
                                      .89458
7           8.798e-01  6.066e-02  y = gauss(fluence_rate_scaled) - 0.50354
9           8.610e-01  1.082e-02  y = gauss(fluence_rate_scaled * 1.3406) - 0.50354
11          8.567e-01  2.467e-03  y = gauss((nearest_axial_boundary_fraction_proxy_scaled + ...
                                      1.3793) * 3.4704) - 0.1959
13          8.511e-01  3.290e-03  y = gauss(square(z_fraction_proxy_scaled - 2.4107) - (z_fr...
                                      action_proxy_scaled * nearest_radial_boundary_fraction_pro...
                                      xy_scaled))
15          7.962e-01  3.335e-02  y = (gauss(fluence_rate_scaled * 1.4074) - gauss(nearest_a...
                                      xial_boundary_fraction_proxy_scaled)) * 0.89581
17          7.678e-01  1.817e-02  y = (z_within_case_z_scaled * z_scaled) * ((gauss(fluence_...
                                      rate_scaled) - gauss(nearest_axial_boundary_fraction_proxy...
                                      _scaled)) - 0.24085)
19          7.345e-01  2.218e-02  y = (gauss(1.5631 * (fluence_rate_within_case_z_scaled + -...
                                      0.50064)) - gauss(nearest_axial_boundary_fraction_proxy_sc...
                                      aled)) * (z_within_case_z_scaled * z_scaled)
25          7.343e-01  3.232e-05  y = z_within_case_z_scaled * (z_scaled * (gauss((fluence_r...
                                      ate_within_case_z_scaled * 1.5988) + -0.77438) - gauss(rho...
                                      _mean_scaled * (nearest_axial_boundary_fraction_proxy_scal...
                                      ed / rho_mean_scaled))))
27          7.176e-01  1.152e-02  y = ((z_within_case_z_scaled * z_scaled) * (gauss((fluence...
                                      _rate_within_case_z_scaled * 1.6257) + -0.71089) - gauss(r...
                                      ho_mean_scaled * (nearest_axial_boundary_fraction_proxy_sc...
                                      aled / rho_mean_scaled)))) * 0.80072
───────────────────────────────────────────────────────────────────────────────────────────────────
  - /Users/novwin/Documents/University/University of Manchester/毕设项目/Nuclear graphite/NotebookCT3/outputs/09_residual_shape_symbolic_pilot/iteration_1/search_state/pysr_runs/v9_i1_residual_shape_pilot/hall_of_fame.csv
