───────────────────────────────────────────────────────────────────────────────────────────────────
[1m[4mComplexity[22m[24m  [1m[4mLoss[22m[24m       [1m[4mScore[22m[24m      [1m[4mEquation[22m[24m
1           3.882e-01  0.000e+00  y = -0.089829
3           3.848e-01  4.352e-03  y = hotspot_rbf_max_proxy_scaled * 0.12584
4           3.827e-01  5.475e-03  y = v10_normalised_shape_proxy_scaled * 0.15056
5           3.799e-01  7.575e-03  y = (fluence_rate_scaled * -0.081454) * fluence_rate_scale...
                                      d
6           3.784e-01  3.831e-03  y = abs(fluence_rate_scaled) * -0.16916
8           3.758e-01  3.389e-03  y = (abs(fluence_rate_scaled) + -0.47791) * -0.30192
10          3.756e-01  2.700e-04  y = (abs(fluence_rate_scaled + fluence_rate_scaled) + -0.9...
                                      5336) * -0.13683
11          3.751e-01  1.541e-03  y = tanh((fluence_rate_scaled * fluence_rate_scaled) - 0.3...
                                      2509) * -0.38579
13          3.706e-01  6.027e-03  y = (rho_fraction_proxy_scaled - 0.0033634) * (0.17382 - g...
                                      auss(signed_radial_position_proxy_scaled + -0.18858))
15          3.679e-01  3.621e-03  y = rho_fraction_proxy_scaled * ((rho_fraction_proxy_scale...
                                      d * -0.047768) - (gauss(rho_fraction_proxy_scaled * 1.2638...
                                      ) + -0.098942))
17          3.668e-01  1.560e-03  y = (((rho_fraction_proxy_scaled * -0.035262) - gauss(rho_...
                                      fraction_proxy_scaled * 1.4375)) + 0.07008) * (rho_fractio...
                                      n_proxy_scaled * 1.3696)
19          3.660e-01  1.087e-03  y = ((((rho_fraction_proxy_scaled * -0.032046) - gauss((rh...
                                      o_fraction_proxy_scaled * 1.4154) + -0.10897)) + 0.076198)...
                                       * 1.3912) * rho_fraction_proxy_scaled
21          3.640e-01  2.676e-03  y = ((((nearest_radial_boundary_fraction_proxy_scaled * 0....
                                      12958) - (gauss(rho_fraction_proxy_scaled * (rho_fraction_...
                                      proxy_scaled + -0.047282)) + -0.32869)) * rho_fraction_pro...
                                      xy_scaled) - 0.05459) * 1.2207
25          3.632e-01  5.568e-04  y = (((((nearest_radial_boundary_fraction_proxy_scaled * 0...
                                      .11482) - (gauss((rho_fraction_proxy_scaled * rho_fraction...
                                      _proxy_scaled) + 0.15141) + -0.28477)) * rho_fraction_prox...
                                      y_scaled) - 0.05359) / 0.66877) * 0.95664
───────────────────────────────────────────────────────────────────────────────────────────────────
  - /net/scratch/j96317yn/NotebookCT3/outputs/11_tail_aware_localised_symbolic/iteration_4/stages/stage_tail_localised/search_state/pysr_runs/v11_i4_tail_aware_localised_residual/hall_of_fame.csv
