───────────────────────────────────────────────────────────────────────────────────────────────────
[1m[4mComplexity[22m[24m  [1m[4mLoss[22m[24m       [1m[4mScore[22m[24m      [1m[4mEquation[22m[24m
1           3.937e-01  0.000e+00  y = -0.031823
3           3.795e-01  1.836e-02  y = z_scaled * 0.20283
5           3.597e-01  2.682e-02  y = (rho_scaled * 0.30983) * nearest_axial_boundary_fracti...
                                      on_proxy_scaled
7           3.450e-01  2.085e-02  y = nearest_axial_boundary_fraction_proxy_scaled * ((signe...
                                      d_radial_position_proxy_scaled - nearest_radial_boundary_f...
                                      raction_proxy_scaled) * 0.23784)
8           3.450e-01  3.169e-06  y = nearest_axial_boundary_fraction_proxy_scaled * ((rho_w...
                                      ithin_case_z_scaled - nearest_radial_boundary_fraction_pro...
                                      xy_scaled) * 0.23784)
9           3.320e-01  3.828e-02  y = (((nearest_radial_boundary_fraction_proxy_scaled - rho...
                                      _fraction_proxy_scaled) * nearest_axial_boundary_fraction_...
                                      proxy_scaled) - z_scaled) * -0.22069
10          3.320e-01  1.619e-06  y = (((nearest_radial_boundary_fraction_proxy_scaled - rho...
                                      _within_case_z_scaled) * nearest_axial_boundary_fraction_p...
                                      roxy_scaled) - z_scaled) * -0.22105
11          3.281e-01  1.206e-02  y = ((nearest_axial_boundary_fraction_proxy_scaled * (near...
                                      est_radial_boundary_fraction_proxy_scaled - rho_fraction_p...
                                      roxy_scaled)) - (nearest_radial_boundary_fraction_proxy_sc...
                                      aled + z_scaled)) * -0.21448
13          3.214e-01  1.024e-02  y = ((nearest_axial_boundary_fraction_proxy_scaled * ((nea...
                                      rest_radial_boundary_fraction_proxy_scaled - (nearest_radi...
                                      al_boundary_fraction_proxy_scaled * nearest_axial_boundary...
                                      _fraction_proxy_scaled)) - rho_scaled)) - signed_axial_pos...
                                      ition_proxy_scaled) * -0.21746
15          3.155e-01  9.349e-03  y = (((nearest_axial_boundary_fraction_proxy_scaled * ((ne...
                                      arest_radial_boundary_fraction_proxy_scaled + (nearest_axi...
                                      al_boundary_fraction_proxy_scaled * -1.1075)) - rho_fracti...
                                      on_proxy_scaled)) - z_scaled) - -1.4771) * -0.2131
17          3.050e-01  1.682e-02  y = (((((nearest_radial_boundary_fraction_proxy_scaled + (...
                                      (-1.1322 - nearest_radial_boundary_fraction_proxy_scaled) ...
                                      * nearest_axial_boundary_fraction_proxy_scaled)) - rho_fra...
                                      ction_proxy_scaled) * nearest_axial_boundary_fraction_prox...
                                      y_scaled) - z_scaled) - -1.478) * -0.20947
19          3.026e-01  4.068e-03  y = ((((nearest_radial_boundary_fraction_proxy_scaled + ((...
                                      (-1.057 - nearest_radial_boundary_fraction_proxy_scaled) *...
                                       nearest_axial_boundary_fraction_proxy_scaled) - rho_fract...
                                      ion_proxy_scaled)) * (nearest_axial_boundary_fraction_prox...
                                      y_scaled + 0.18528)) - z_scaled) - -1.3956) * -0.22646
20          3.025e-01  4.752e-05  y = (((((nearest_radial_boundary_fraction_proxy_scaled + (...
                                      (-1.057 - nearest_radial_boundary_fraction_proxy_scaled) *...
                                       nearest_axial_boundary_fraction_proxy_scaled)) - rho_with...
                                      in_case_z_scaled) * (nearest_axial_boundary_fraction_proxy...
                                      _scaled + 0.18528)) - z_scaled) - -1.3956) * -0.22646
21          3.010e-01  5.023e-03  y = ((((((-1.0795 - nearest_radial_boundary_fraction_proxy...
                                      _scaled) * (nearest_axial_boundary_fraction_proxy_scaled +...
                                       -0.24439)) + (nearest_radial_boundary_fraction_proxy_scal...
                                      ed - rho_fraction_proxy_scaled)) * (nearest_axial_boundary...
                                      _fraction_proxy_scaled + 0.27651)) - z_scaled) - -1.3769) ...
                                      * -0.22238
22          2.966e-01  1.465e-02  y = (abs((nearest_angular_boundary_fraction_proxy_scaled +...
                                       nearest_radial_boundary_fraction_proxy_scaled) - theta_fr...
                                      action_proxy_scaled) + ((((nearest_radial_boundary_fractio...
                                      n_proxy_scaled + (nearest_axial_boundary_fraction_proxy_sc...
                                      aled * -0.87711)) - rho_fraction_proxy_scaled) * nearest_a...
                                      xial_boundary_fraction_proxy_scaled) - z_scaled)) * -0.221...
                                      47
24          2.890e-01  1.301e-02  y = (((nearest_radial_boundary_fraction_proxy_scaled + ((n...
                                      earest_axial_boundary_fraction_proxy_scaled * (-0.89087 - ...
                                      nearest_radial_boundary_fraction_proxy_scaled)) - rho_frac...
                                      tion_proxy_scaled)) * nearest_axial_boundary_fraction_prox...
                                      y_scaled) + (abs(signed_angular_position_proxy_scaled - (n...
                                      earest_angular_boundary_fraction_proxy_scaled + nearest_ra...
                                      dial_boundary_fraction_proxy_scaled)) - z_scaled)) * -0.21...
                                      291
26          2.890e-01  2.300e-05  y = (abs(signed_angular_position_proxy_scaled - (nearest_a...
                                      ngular_boundary_fraction_proxy_scaled + nearest_radial_bou...
                                      ndary_fraction_proxy_scaled)) + ((nearest_axial_boundary_f...
                                      raction_proxy_scaled * (nearest_radial_boundary_fraction_p...
                                      roxy_scaled + (((nearest_axial_boundary_fraction_proxy_sca...
                                      led * -0.91493) - (nearest_axial_boundary_fraction_proxy_s...
                                      caled * nearest_radial_boundary_fraction_proxy_scaled)) - ...
                                      rho_fraction_proxy_scaled))) - z_scaled)) * -0.21291
28          2.841e-01  8.601e-03  y = ((nearest_axial_boundary_fraction_proxy_scaled * ((((n...
                                      earest_axial_boundary_fraction_proxy_scaled * -0.99731) - ...
                                      (nearest_axial_boundary_fraction_proxy_scaled * nearest_ra...
                                      dial_boundary_fraction_proxy_scaled)) + nearest_radial_bou...
                                      ndary_fraction_proxy_scaled) - rho_fraction_proxy_scaled))...
                                       + (abs((theta_sin_scaled - (nearest_angular_boundary_frac...
                                      tion_proxy_scaled + nearest_radial_boundary_fraction_proxy...
                                      _scaled)) - 0.64268) - signed_axial_position_proxy_scaled)...
                                      ) * -0.22799
29          2.839e-01  5.743e-04  y = ((abs(0.59644 - (signed_angular_position_proxy_scaled ...
                                      - (nearest_angular_boundary_fraction_proxy_scaled + neares...
                                      t_radial_boundary_fraction_proxy_scaled))) + (((((nearest_...
                                      axial_boundary_fraction_proxy_scaled * -0.98778) - (neares...
                                      t_radial_boundary_fraction_proxy_scaled * nearest_axial_bo...
                                      undary_fraction_proxy_scaled)) + nearest_radial_boundary_f...
                                      raction_proxy_scaled) - rho_within_case_z_scaled) * neares...
                                      t_axial_boundary_fraction_proxy_scaled)) - signed_axial_po...
                                      sition_proxy_scaled) * -0.22836
30          2.829e-01  3.622e-03  y = ((nearest_axial_boundary_fraction_proxy_scaled * (near...
                                      est_radial_boundary_fraction_proxy_scaled + (((nearest_axi...
                                      al_boundary_fraction_proxy_scaled * -1.0056) - (nearest_ax...
                                      ial_boundary_fraction_proxy_scaled * nearest_radial_bounda...
                                      ry_fraction_proxy_scaled)) - (rho_scaled * 1.2798)))) + (a...
                                      bs((theta_sin_scaled - (nearest_radial_boundary_fraction_p...
                                      roxy_scaled + nearest_angular_boundary_fraction_proxy_scal...
                                      ed)) - 0.60144) - signed_axial_position_proxy_scaled)) * -...
                                      0.2156
32          2.828e-01  9.519e-05  y = (((nearest_axial_boundary_fraction_proxy_scaled * (nea...
                                      rest_radial_boundary_fraction_proxy_scaled + (((nearest_ax...
                                      ial_boundary_fraction_proxy_scaled * -1.2581) - (nearest_a...
                                      xial_boundary_fraction_proxy_scaled * nearest_radial_bound...
                                      ary_fraction_proxy_scaled)) - (rho_scaled * 1.2909)))) + (...
                                      abs((theta_sin_scaled - (nearest_radial_boundary_fraction_...
                                      proxy_scaled + nearest_angular_boundary_fraction_proxy_sca...
                                      led)) - 0.48637) - signed_axial_position_proxy_scaled)) * ...
                                      -0.20791) + -0.076234
───────────────────────────────────────────────────────────────────────────────────────────────────
  - /net/scratch/j96317yn/NotebookCT3/outputs/10_signed_staged_residual_symbolic_pilot/iteration_4/stages/stage_geometry/search_state/pysr_runs/v10_i4_geometry_signed_residual_pilot/hall_of_fame.csv
