───────────────────────────────────────────────────────────────────────────────────────────────────
[1m[4mComplexity[22m[24m  [1m[4mLoss[22m[24m       [1m[4mScore[22m[24m      [1m[4mEquation[22m[24m
1           3.937e-01  0.000e+00  y = -0.031887
3           3.795e-01  1.836e-02  y = z_scaled * 0.20283
5           3.597e-01  2.682e-02  y = (rho_scaled * 0.30983) * nearest_axial_boundary_fracti...
                                      on_proxy_scaled
7           3.450e-01  2.085e-02  y = nearest_axial_boundary_fraction_proxy_scaled * ((signe...
                                      d_radial_position_proxy_scaled - nearest_radial_boundary_f...
                                      raction_proxy_scaled) * 0.23784)
9           3.320e-01  1.914e-02  y = (((nearest_radial_boundary_fraction_proxy_scaled - rho...
                                      _fraction_proxy_scaled) * nearest_axial_boundary_fraction_...
                                      proxy_scaled) - z_scaled) * -0.22069
11          3.281e-01  6.029e-03  y = ((nearest_axial_boundary_fraction_proxy_scaled * (near...
                                      est_radial_boundary_fraction_proxy_scaled - rho_fraction_p...
                                      roxy_scaled)) - (nearest_radial_boundary_fraction_proxy_sc...
                                      aled + z_scaled)) * -0.21448
13          3.214e-01  1.024e-02  y = ((nearest_axial_boundary_fraction_proxy_scaled * ((nea...
                                      rest_radial_boundary_fraction_proxy_scaled - (nearest_radi...
                                      al_boundary_fraction_proxy_scaled * nearest_axial_boundary...
                                      _fraction_proxy_scaled)) - rho_scaled)) - signed_axial_pos...
                                      ition_proxy_scaled) * -0.21746
15          3.155e-01  9.349e-03  y = (((nearest_axial_boundary_fraction_proxy_scaled * ((ne...
                                      arest_radial_boundary_fraction_proxy_scaled + (nearest_axi...
                                      al_boundary_fraction_proxy_scaled * -1.1075)) - rho_fracti...
                                      on_proxy_scaled)) - z_scaled) - -1.4771) * -0.2131
17          3.050e-01  1.680e-02  y = (((((nearest_radial_boundary_fraction_proxy_scaled + (...
                                      (-1.1008 - nearest_radial_boundary_fraction_proxy_scaled) ...
                                      * nearest_axial_boundary_fraction_proxy_scaled)) - rho_fra...
                                      ction_proxy_scaled) * nearest_axial_boundary_fraction_prox...
                                      y_scaled) - z_scaled) - -1.4542) * -0.21161
19          3.031e-01  3.250e-03  y = ((((nearest_radial_boundary_fraction_proxy_scaled + ((...
                                      (-1.1008 - nearest_radial_boundary_fraction_proxy_scaled) ...
                                      * nearest_axial_boundary_fraction_proxy_scaled) - rho_frac...
                                      tion_proxy_scaled)) * (0.11838 + nearest_axial_boundary_fr...
                                      action_proxy_scaled)) - z_scaled) - -1.4542) * -0.21161
21          3.010e-01  3.326e-03  y = ((((((-1.0911 - nearest_radial_boundary_fraction_proxy...
                                      _scaled) * (nearest_axial_boundary_fraction_proxy_scaled +...
                                       -0.26186)) + (nearest_radial_boundary_fraction_proxy_scal...
                                      ed - rho_fraction_proxy_scaled)) * (nearest_axial_boundary...
                                      _fraction_proxy_scaled + 0.28244)) - z_scaled) - -1.3906) ...
                                      * -0.21808
22          2.967e-01  1.472e-02  y = ((abs(signed_angular_position_proxy_scaled - (nearest_...
                                      angular_boundary_fraction_proxy_scaled + nearest_radial_bo...
                                      undary_fraction_proxy_scaled)) + (nearest_axial_boundary_f...
                                      raction_proxy_scaled * ((nearest_radial_boundary_fraction_...
                                      proxy_scaled + (nearest_axial_boundary_fraction_proxy_scal...
                                      ed * -0.88561)) - rho_fraction_proxy_scaled))) - signed_ax...
                                      ial_position_proxy_scaled) * -0.22201
24          2.950e-01  2.738e-03  y = ((abs((theta_fraction_proxy_scaled - -0.37864) - (near...
                                      est_angular_boundary_fraction_proxy_scaled + nearest_radia...
                                      l_boundary_fraction_proxy_scaled)) + ((nearest_radial_boun...
                                      dary_fraction_proxy_scaled + ((nearest_axial_boundary_frac...
                                      tion_proxy_scaled * -0.84741) - rho_fraction_proxy_scaled)...
                                      ) * nearest_axial_boundary_fraction_proxy_scaled)) - z_sca...
                                      led) * -0.22266
25          2.950e-01  2.004e-05  y = ((abs((theta_fraction_proxy_scaled - -0.35198) - (near...
                                      est_angular_boundary_fraction_proxy_scaled + nearest_radia...
                                      l_boundary_fraction_proxy_scaled)) + ((nearest_radial_boun...
                                      dary_fraction_proxy_scaled + ((nearest_axial_boundary_frac...
                                      tion_proxy_scaled * -0.85216) - rho_within_case_z_scaled))...
                                       * nearest_axial_boundary_fraction_proxy_scaled)) - z_scal...
                                      ed) * -0.22101
26          2.890e-01  2.058e-02  y = (abs(signed_angular_position_proxy_scaled - (nearest_a...
                                      ngular_boundary_fraction_proxy_scaled + nearest_radial_bou...
                                      ndary_fraction_proxy_scaled)) + ((nearest_axial_boundary_f...
                                      raction_proxy_scaled * (nearest_radial_boundary_fraction_p...
                                      roxy_scaled + (((nearest_axial_boundary_fraction_proxy_sca...
                                      led * -0.91493) - (nearest_axial_boundary_fraction_proxy_s...
                                      caled * nearest_radial_boundary_fraction_proxy_scaled)) - ...
                                      rho_fraction_proxy_scaled))) - z_scaled)) * -0.21291
28          2.841e-01  8.600e-03  y = ((nearest_axial_boundary_fraction_proxy_scaled * ((((n...
                                      earest_axial_boundary_fraction_proxy_scaled * -0.99717) - ...
                                      (nearest_axial_boundary_fraction_proxy_scaled * nearest_ra...
                                      dial_boundary_fraction_proxy_scaled)) + nearest_radial_bou...
                                      ndary_fraction_proxy_scaled) - rho_fraction_proxy_scaled))...
                                       + (abs((theta_sin_scaled - (nearest_angular_boundary_frac...
                                      tion_proxy_scaled + nearest_radial_boundary_fraction_proxy...
                                      _scaled)) - 0.64356) - signed_axial_position_proxy_scaled)...
                                      ) * -0.22821
30          2.836e-01  8.846e-04  y = ((nearest_axial_boundary_fraction_proxy_scaled * (((ne...
                                      arest_axial_boundary_fraction_proxy_scaled * -0.99412) - (...
                                      nearest_axial_boundary_fraction_proxy_scaled * nearest_rad...
                                      ial_boundary_fraction_proxy_scaled)) + ((nearest_radial_bo...
                                      undary_fraction_proxy_scaled + -0.15814) - rho_fraction_pr...
                                      oxy_scaled))) + (abs((theta_sin_scaled - (nearest_angular_...
                                      boundary_fraction_proxy_scaled + nearest_radial_boundary_f...
                                      raction_proxy_scaled)) - 0.61538) - signed_axial_position_...
                                      proxy_scaled)) * -0.22915
31          2.834e-01  6.568e-04  y = ((abs(0.59682 - (signed_angular_position_proxy_scaled ...
                                      - (nearest_angular_boundary_fraction_proxy_scaled + neares...
                                      t_radial_boundary_fraction_proxy_scaled))) + (((((nearest_...
                                      axial_boundary_fraction_proxy_scaled * -0.98898) - (neares...
                                      t_radial_boundary_fraction_proxy_scaled * nearest_axial_bo...
                                      undary_fraction_proxy_scaled)) + nearest_radial_boundary_f...
                                      raction_proxy_scaled) + (-0.16414 - rho_within_case_z_scal...
                                      ed)) * nearest_axial_boundary_fraction_proxy_scaled)) - si...
                                      gned_axial_position_proxy_scaled) * -0.22868
───────────────────────────────────────────────────────────────────────────────────────────────────
  - /net/scratch/j96317yn/NotebookCT3/outputs/10_signed_staged_residual_symbolic_pilot/iteration_4/stages/stage_geometry/search_state/pysr_runs/v10_i4_geometry_signed_residual_pilot/hall_of_fame.csv
