───────────────────────────────────────────────────────────────────────────────────────────────────
[1m[4mComplexity[22m[24m  [1m[4mLoss[22m[24m       [1m[4mScore[22m[24m      [1m[4mEquation[22m[24m
1           3.929e-01  0.000e+00  y = -0.032535
3           3.784e-01  1.887e-02  y = z_scaled * 0.20537
5           3.602e-01  2.457e-02  y = rho_scaled * (nearest_axial_boundary_fraction_proxy_sc...
                                      aled * 0.30216)
7           3.465e-01  1.936e-02  y = (signed_radial_position_proxy_scaled - nearest_radial_...
                                      boundary_fraction_proxy_scaled) * (nearest_axial_boundary_...
                                      fraction_proxy_scaled * 0.23297)
9           3.372e-01  1.360e-02  y = (nearest_radial_boundary_fraction_proxy_scaled + ((rho...
                                      _scaled - nearest_radial_boundary_fraction_proxy_scaled) *...
                                       nearest_axial_boundary_fraction_proxy_scaled)) * 0.23438
11          3.304e-01  1.022e-02  y = ((((nearest_axial_boundary_fraction_proxy_scaled * nea...
                                      rest_radial_boundary_fraction_proxy_scaled) + rho_scaled) ...
                                      - nearest_radial_boundary_fraction_proxy_scaled) * nearest...
                                      _axial_boundary_fraction_proxy_scaled) * 0.23777
13          3.184e-01  1.851e-02  y = ((nearest_axial_boundary_fraction_proxy_scaled * (rho_...
                                      fraction_proxy_scaled + ((nearest_axial_boundary_fraction_...
                                      proxy_scaled * nearest_radial_boundary_fraction_proxy_scal...
                                      ed) - nearest_radial_boundary_fraction_proxy_scaled))) + s...
                                      igned_axial_position_proxy_scaled) * 0.22015
15          3.176e-01  1.250e-03  y = ((nearest_axial_boundary_fraction_proxy_scaled * ((rho...
                                      _fraction_proxy_scaled + (nearest_axial_boundary_fraction_...
                                      proxy_scaled * nearest_radial_boundary_fraction_proxy_scal...
                                      ed)) - nearest_radial_boundary_fraction_proxy_scaled)) + (...
                                      signed_axial_position_proxy_scaled * 0.77716)) * 0.2348
17          3.044e-01  2.117e-02  y = ((signed_axial_position_proxy_scaled - 0.89802) + (nea...
                                      rest_axial_boundary_fraction_proxy_scaled * (rho_fraction_...
                                      proxy_scaled + ((nearest_axial_boundary_fraction_proxy_sca...
                                      led * (nearest_radial_boundary_fraction_proxy_scaled + 0.7...
                                      3596)) - nearest_radial_boundary_fraction_proxy_scaled))))...
                                       * 0.24582
21          3.002e-01  3.535e-03  y = ((signed_axial_position_proxy_scaled - 1.2047) + (near...
                                      est_axial_boundary_fraction_proxy_scaled * (rho_fraction_p...
                                      roxy_scaled + ((nearest_axial_boundary_fraction_proxy_scal...
                                      ed * ((nearest_radial_boundary_fraction_proxy_scaled + 1.1...
                                      581) / 1.244)) - nearest_radial_boundary_fraction_proxy_sc...
                                      aled)))) * 0.22268
───────────────────────────────────────────────────────────────────────────────────────────────────
  - /net/scratch/j96317yn/NotebookCT3/outputs/10_signed_staged_residual_symbolic_pilot/iteration_3/stages/stage_geometry/search_state/pysr_runs/v10_i3_geometry_signed_residual_pilot/hall_of_fame.csv
