───────────────────────────────────────────────────────────────────────────────────────────────────
[1m[4mComplexity[22m[24m  [1m[4mLoss[22m[24m       [1m[4mScore[22m[24m      [1m[4mEquation[22m[24m
1           3.811e-01  0.000e+00  y = -0.024716
3           3.803e-01  1.051e-03  y = nearest_angular_boundary_fraction_proxy_scaled * 0.055...
                                      284
4           3.799e-01  9.781e-04  y = fluence_rate_within_case_z_scaled * -0.06034
5           3.697e-01  2.730e-02  y = (nearest_radial_boundary_fraction_proxy_scaled * -0.15...
                                      298) * fluence_rate_mean_scaled
7           3.637e-01  8.107e-03  y = nearest_angular_boundary_fraction_proxy_scaled * ((the...
                                      ta_cos_scaled + nearest_radial_boundary_fraction_proxy_sca...
                                      led) * -0.13289)
9           3.610e-01  3.740e-03  y = ((nearest_radial_boundary_fraction_proxy_scaled + thet...
                                      a_cos_scaled) * (nearest_angular_boundary_fraction_proxy_s...
                                      caled + 0.44831)) * -0.15919
11          3.576e-01  4.721e-03  y = ((nearest_angular_boundary_fraction_proxy_scaled + the...
                                      ta_cos_scaled) + fluence_rate_scaled) * ((theta_cos_scaled...
                                       + nearest_radial_boundary_fraction_proxy_scaled) * -0.091...
                                      269)
13          3.528e-01  6.788e-03  y = ((theta_cos_scaled + fluence_rate_scaled) + nearest_an...
                                      gular_boundary_fraction_proxy_scaled) * ((theta_cos_scaled...
                                       + (nearest_radial_boundary_fraction_proxy_scaled + 0.7596...
                                      1)) * -0.11731)
15          3.486e-01  6.014e-03  y = ((nearest_radial_boundary_fraction_proxy_scaled + thet...
                                      a_cos_scaled) * -0.20362) * (((nearest_radial_boundary_fra...
                                      ction_proxy_scaled + fluence_rate_scaled) * 0.52286) + (ne...
                                      arest_angular_boundary_fraction_proxy_scaled + 0.47987))
17          3.479e-01  9.864e-04  y = (((((nearest_radial_boundary_fraction_proxy_scaled + f...
                                      luence_rate_scaled) * 0.56639) + (nearest_angular_boundary...
                                      _fraction_proxy_scaled + 0.47243)) * (nearest_radial_bound...
                                      ary_fraction_proxy_scaled + theta_cos_scaled)) * -0.20998)...
                                       - -0.04616
18          3.446e-01  9.479e-03  y = ((nearest_angular_boundary_fraction_proxy_scaled + ((n...
                                      earest_radial_boundary_fraction_proxy_scaled + fluence_rat...
                                      e_scaled) * abs(nearest_radial_boundary_fraction_proxy_sca...
                                      led + 0.86953))) * (theta_cos_scaled + nearest_radial_boun...
                                      dary_fraction_proxy_scaled)) * -0.13158
20          3.368e-01  1.152e-02  y = (theta_cos_scaled + nearest_radial_boundary_fraction_p...
                                      roxy_scaled) * ((((abs(nearest_radial_boundary_fraction_pr...
                                      oxy_scaled + 0.5258) + -0.67672) * (nearest_radial_boundar...
                                      y_fraction_proxy_scaled + fluence_rate_scaled)) + nearest_...
                                      angular_boundary_fraction_proxy_scaled) * -0.20103)
22          3.330e-01  5.661e-03  y = ((((abs(nearest_radial_boundary_fraction_proxy_scaled ...
                                      + 0.54375) + -0.64797) * ((nearest_radial_boundary_fractio...
                                      n_proxy_scaled + fluence_rate_scaled) + 0.46443)) + neares...
                                      t_angular_boundary_fraction_proxy_scaled) * (theta_cos_sca...
                                      led + nearest_radial_boundary_fraction_proxy_scaled)) * -0...
                                      .19111
24          3.322e-01  1.126e-03  y = ((((nearest_radial_boundary_fraction_proxy_scaled + (f...
                                      luence_rate_scaled - -0.3373)) * (abs(nearest_radial_bound...
                                      ary_fraction_proxy_scaled + 0.48737) + -0.69868)) + (neare...
                                      st_angular_boundary_fraction_proxy_scaled + 0.26294)) * (n...
                                      earest_radial_boundary_fraction_proxy_scaled + theta_cos_s...
                                      caled)) * -0.20021
───────────────────────────────────────────────────────────────────────────────────────────────────
  - /net/scratch/j96317yn/NotebookCT3/outputs/10_signed_staged_residual_symbolic_pilot/iteration_3/stages/stage_physical/search_state/pysr_runs/v10_i3_physical_signed_residual_pilot/hall_of_fame.csv
