───────────────────────────────────────────────────────────────────────────────────────────────────
Complexity  Loss       Score      Equation
1           1.000e+00  0.000e+00  y = 3.2089e-05
3           9.201e-01  4.164e-02  y = weight_loss_rate_within_case_z_scaled * -0.28246
5           8.451e-01  4.252e-02  y = fluence_rate_scaled * (fluence_rate_within_case_z_scal...
                                      ed * -0.23632)
6           8.149e-01  3.639e-02  y = 0.78027 - abs(fluence_rate_scaled)
7           7.956e-01  2.399e-02  y = (theta_cos_scaled - (rho_scaled * fluence_rate_scaled)...
                                      ) * -0.25187
8           7.726e-01  2.934e-02  y = rho_scaled * (abs(rho_scaled) + -1.5423)
9           7.262e-01  6.183e-02  y = ((theta_sin_scaled * theta_cos_scaled) - (rho_scaled *...
                                       fluence_rate_scaled)) * -0.29595
10          7.259e-01  4.374e-04  y = (abs(theta_cos_scaled) + (rho_within_case_z_scaled * f...
                                      luence_rate_scaled)) * 0.36356
11          7.087e-01  2.404e-02  y = (theta_sin_scaled * (theta_cos_scaled * -0.24823)) - (...
                                      (rho_scaled * fluence_rate_scaled) * -0.34967)
12          7.039e-01  6.788e-03  y = (0.30413 - rho_scaled) * ((abs(rho_scaled) + -1.5044) ...
                                      * -0.71074)
13          6.938e-01  1.450e-02  y = ((theta_cos_scaled + -1.9003) * ((0.3901 - theta_cos_s...
                                      caled) - square(rho_within_case_z_scaled))) * -0.14201
14          6.536e-01  5.967e-02  y = square(theta_cos_scaled * 0.68717) + (abs(rho_within_c...
                                      ase_z_scaled * theta_cos_within_case_z_scaled) * -0.76708)
16          5.965e-01  4.567e-02  y = ((theta_cos_scaled * (theta_sin_scaled * -0.54231)) - ...
                                      rho_scaled) * ((abs(rho_scaled) + -1.5157) * -0.5709)
18          5.817e-01  1.255e-02  y = (((((theta_cos_scaled * theta_sin_scaled) * -0.7279) -...
                                       rho_scaled) * (abs(rho_scaled) + -1.5516)) + 0.30436) * -...
                                      0.49794
20          5.761e-01  4.838e-03  y = ((((0.54248 - rho_scaled) + square(theta_cos_scaled * ...
                                      0.75522)) * (abs(rho_scaled) + -1.6068)) * -0.45547) - 0.3...
                                      1582
21          5.611e-01  2.634e-02  y = ((abs(theta_cos_scaled) * -0.38594) - ((rho_scaled * r...
                                      ho_scaled) * -0.44122)) * (abs(rho_scaled + 0.74044) + -2....
                                      4154)
22          5.456e-01  2.808e-02  y = ((square(theta_cos_scaled) * -0.13531) - ((rho_scaled ...
                                      + 0.64097) * (rho_scaled * -0.55442))) * (abs(rho_scaled +...
                                       0.72147) + -2.4248)
23          5.114e-01  6.483e-02  y = (abs(rho_scaled + 0.70845) + -2.4097) * ((abs(theta_co...
                                      s_scaled) * -0.3376) - (((rho_scaled + 0.55203) * rho_scal...
                                      ed) * -0.60794))
25          5.101e-01  1.265e-03  y = (((abs(theta_cos_scaled) * -0.3682) - (((rho_scaled + ...
                                      0.52977) * rho_scaled) * -0.59499)) * (abs(rho_scaled + 0....
                                      71415) + -2.3818)) - 0.067031
26          5.035e-01  1.304e-02  y = ((((0.76705 - rho_scaled) + square(theta_cos_scaled * ...
                                      0.66225)) * ((abs(rho_scaled + 0.83933) + -2.0909) * (rho_...
                                      within_case_z_scaled + 1.3788))) * -0.46447) - 0.5279
28          4.981e-01  5.377e-03  y = (((square(theta_cos_scaled * 0.67791) + 0.84212) - rho...
                                      _scaled) * (((rho_within_case_z_scaled + 1.8045) * ((abs(r...
                                      ho_scaled + 0.66457) + -1.9686) * -0.38476)) - 0.20748)) -...
                                       0.50981
───────────────────────────────────────────────────────────────────────────────────────────────────
  - /Users/novwin/Documents/University/University of Manchester/毕设项目/Nuclear graphite/NotebookCT3/outputs/08_recoverable_16000_single_formula/iteration_1/search_state/pysr_runs/recoverable_i1_single_shape/hall_of_fame.csv
