───────────────────────────────────────────────────────────────────────────────────────────────────
Complexity  Loss       Score      Equation
1           1.000e+00  0.000e+00  y = 3.2089e-05
3           9.201e-01  4.164e-02  y = weight_loss_rate_within_case_z_scaled * -0.28174
5           8.453e-01  4.239e-02  y = fluence_rate_scaled * (rho_within_case_z_scaled * 0.25...
                                      405)
6           8.149e-01  3.666e-02  y = 0.78027 - abs(fluence_rate_scaled)
7           8.085e-01  7.880e-03  y = (rho_within_case_z_scaled * (fluence_rate_scaled * 0.3...
                                      1559)) + 0.21621
8           7.878e-01  2.597e-02  y = 0.57503 - (abs(fluence_rate_scaled) * 0.73684)
9           7.452e-01  5.553e-02  y = (square(theta_sin_within_case_z_scaled) + (rho_within_...
                                      case_z_scaled * fluence_rate_scaled)) * 0.30107
10          7.260e-01  2.616e-02  y = ((fluence_rate_scaled * rho_within_case_z_scaled) + ab...
                                      s(theta_cos_scaled)) * 0.36829
11          7.217e-01  5.949e-03  y = (square(theta_cos_scaled) * 0.21395) + ((rho_within_ca...
                                      se_z_scaled * rho_within_case_z_scaled) * -0.29249)
12          7.189e-01  3.858e-03  y = abs(theta_cos_scaled * 0.45665) + ((rho_within_case_z_...
                                      scaled * rho_within_case_z_scaled) * -0.33402)
13          7.007e-01  2.562e-02  y = (((theta_cos_scaled * -1.1406) - square(rho_within_cas...
                                      e_z_scaled)) * -0.15416) * (theta_cos_scaled + -1.6081)
14          6.536e-01  6.962e-02  y = square(theta_cos_scaled * 0.68679) + (abs(rho_within_c...
                                      ase_z_scaled * theta_cos_scaled) * -0.76678)
16          6.461e-01  5.770e-03  y = square(theta_cos_scaled * -0.68261) + (abs((theta_cos_...
                                      scaled * rho_within_case_z_scaled) + -0.10225) * -0.77368)
18          6.400e-01  4.725e-03  y = ((abs((theta_cos_scaled * rho_within_case_z_scaled) - ...
                                      0.13963) * -0.828) + square(theta_cos_scaled * -0.67806)) ...
                                      + 0.11056
19          6.389e-01  1.753e-03  y = (((fluence_rate_within_case_z_scaled + square(theta_co...
                                      s_scaled)) - -3.0395) * (rho_within_case_z_scaled * (rho_w...
                                      ithin_case_z_scaled * -0.054455))) + square(theta_cos_scal...
                                      ed * 0.5338)
21          6.293e-01  7.516e-03  y = ((((rho_within_case_z_scaled * ((square(theta_cos_scal...
                                      ed) + fluence_rate_within_case_z_scaled) - -2.0473)) * -0....
                                      070203) - 0.13868) * rho_scaled) + square(theta_cos_scaled...
                                       * 0.54339)
23          6.251e-01  3.401e-03  y = (((fluence_rate_within_case_z_scaled + (square(theta_c...
                                      os_scaled) - -2.0383)) * ((rho_within_case_z_scaled * -0.0...
                                      81192) - 0.051297)) * rho_within_case_z_scaled) + square((...
                                      theta_cos_scaled * 0.49531) - 0.051477)
───────────────────────────────────────────────────────────────────────────────────────────────────
  - /Users/novwin/Documents/University/University of Manchester/毕设项目/Nuclear graphite/NotebookCT3/outputs/08_recoverable_16000_single_formula/iteration_1/search_state/pysr_runs/recoverable_i1_single_shape/hall_of_fame.csv
