───────────────────────────────────────────────────────────────────────────────────────────────────
Complexity  Loss       Score      Equation
1           1.000e+00  0.000e+00  y = 3.2089e-05
3           9.201e-01  4.164e-02  y = weight_loss_rate_within_case_z_scaled * -0.28246
5           8.451e-01  4.252e-02  y = fluence_rate_scaled * (fluence_rate_within_case_z_scal...
                                      ed * -0.23632)
6           8.149e-01  3.639e-02  y = 0.78027 - abs(fluence_rate_scaled)
7           8.085e-01  7.888e-03  y = (rho_within_case_z_scaled * (fluence_rate_scaled * 0.3...
                                      1402)) + 0.2132
8           7.878e-01  2.596e-02  y = 0.57482 - (abs(fluence_rate_scaled) * 0.73667)
9           7.366e-01  6.714e-02  y = ((theta_cos_scaled * theta_cos_scaled) - square(rho_wi...
                                      thin_case_z_scaled)) * 0.24703
10          7.259e-01  1.461e-02  y = (abs(theta_cos_scaled) + (rho_within_case_z_scaled * f...
                                      luence_rate_scaled)) * 0.36356
11          7.109e-01  2.094e-02  y = ((fluence_rate_scaled * rho_within_case_z_scaled) * 0....
                                      33747) + square(theta_cos_scaled * 0.44503)
13          7.007e-01  7.211e-03  y = (((theta_cos_scaled * -1.1405) - square(rho_within_cas...
                                      e_z_scaled)) * -0.15443) * (theta_cos_scaled + -1.6082)
14          6.536e-01  6.962e-02  y = square(theta_cos_scaled * 0.68683) + (abs(rho_within_c...
                                      ase_z_scaled * theta_cos_scaled) * -0.76631)
16          6.461e-01  5.772e-03  y = square(theta_cos_scaled * -0.68353) + (abs((rho_within...
                                      _case_z_scaled * theta_cos_scaled) + -0.10443) * -0.7745)
18          6.325e-01  1.061e-02  y = (0.41574 - (rho_scaled * (rho_scaled + 0.80113))) * ((...
                                      abs(rho_scaled + 0.79319) + -2.4871) * -0.55947)
20          6.308e-01  1.351e-03  y = (0.26513 - ((abs(rho_scaled + 0.81012) + -2.4341) * ((...
                                      rho_scaled + 1.2461) * (rho_scaled + -0.48239)))) * -0.545...
                                      7
21          6.253e-01  8.730e-03  y = square(theta_cos_scaled * 0.51032) + (((rho_scaled * -...
                                      0.079865) - 0.052384) * (rho_scaled * ((square(theta_cos_s...
                                      caled) + fluence_rate_within_case_z_scaled) - -2.2467)))
22          5.719e-01  8.931e-02  y = (abs(rho_scaled + 0.68227) + -2.391) * ((((0.92202 - t...
                                      heta_cos_scaled) * 0.39685) - (rho_scaled * (rho_scaled + ...
                                      0.54404))) * -0.61923)
24          5.167e-01  5.079e-02  y = (abs(rho_scaled + 0.69442) + -2.4004) * ((square(theta...
                                      _cos_scaled) * -0.11782) + ((0.23039 - (rho_scaled * (rho_...
                                      scaled + 0.54495))) * -0.60978))
26          5.134e-01  3.111e-03  y = ((abs(rho_scaled + 0.68227) + -2.391) * (square((0.239...
                                      75 - theta_cos_scaled) * 0.39685) + (0.25416 - (rho_scaled...
                                       * (rho_scaled + 0.54404))))) * -0.62341
28          5.134e-01  5.364e-06  y = (((abs(rho_scaled + 0.68227) + -2.391) * (square((0.23...
                                      975 - theta_cos_scaled) * 0.39685) + (0.25416 - (rho_scale...
                                      d * (rho_scaled + 0.54404))))) * -0.62341) * 0.9933
───────────────────────────────────────────────────────────────────────────────────────────────────
  - /Users/novwin/Documents/University/University of Manchester/毕设项目/Nuclear graphite/NotebookCT3/outputs/08_recoverable_16000_single_formula/iteration_1/search_state/pysr_runs/recoverable_i1_single_shape/hall_of_fame.csv
