───────────────────────────────────────────────────────────────────────────────────────────────────
[1m[4mComplexity[22m[24m  [1m[4mLoss[22m[24m       [1m[4mScore[22m[24m      [1m[4mEquation[22m[24m
1           3.937e-01  0.000e+00  y = -0.031823
3           3.795e-01  1.836e-02  y = z_scaled * 0.20283
5           3.597e-01  2.682e-02  y = (rho_scaled * 0.30983) * nearest_axial_boundary_fracti...
                                      on_proxy_scaled
7           3.450e-01  2.085e-02  y = (nearest_axial_boundary_fraction_proxy_scaled * (signe...
                                      d_radial_position_proxy_scaled - nearest_radial_boundary_f...
                                      raction_proxy_scaled)) * 0.23776
8           3.450e-01  3.153e-06  y = nearest_axial_boundary_fraction_proxy_scaled * ((rho_w...
                                      ithin_case_z_scaled - nearest_radial_boundary_fraction_pro...
                                      xy_scaled) * 0.23784)
9           3.320e-01  3.828e-02  y = (((nearest_radial_boundary_fraction_proxy_scaled - rho...
                                      _fraction_proxy_scaled) * nearest_axial_boundary_fraction_...
                                      proxy_scaled) - z_scaled) * -0.22033
10          3.320e-01  3.065e-06  y = (((nearest_radial_boundary_fraction_proxy_scaled - rho...
                                      _within_case_z_scaled) * nearest_axial_boundary_fraction_p...
                                      roxy_scaled) - z_scaled) * -0.22048
11          3.281e-01  1.205e-02  y = ((nearest_axial_boundary_fraction_proxy_scaled * (near...
                                      est_radial_boundary_fraction_proxy_scaled - rho_fraction_p...
                                      roxy_scaled)) - (nearest_radial_boundary_fraction_proxy_sc...
                                      aled + z_scaled)) * -0.21448
13          3.214e-01  1.024e-02  y = ((nearest_axial_boundary_fraction_proxy_scaled * ((nea...
                                      rest_radial_boundary_fraction_proxy_scaled - (nearest_radi...
                                      al_boundary_fraction_proxy_scaled * nearest_axial_boundary...
                                      _fraction_proxy_scaled)) - rho_scaled)) - signed_axial_pos...
                                      ition_proxy_scaled) * -0.21746
15          3.155e-01  9.349e-03  y = (((nearest_axial_boundary_fraction_proxy_scaled * ((ne...
                                      arest_radial_boundary_fraction_proxy_scaled + (nearest_axi...
                                      al_boundary_fraction_proxy_scaled * -1.1075)) - rho_fracti...
                                      on_proxy_scaled)) - z_scaled) - -1.4771) * -0.2131
17          3.050e-01  1.682e-02  y = (((((nearest_radial_boundary_fraction_proxy_scaled + (...
                                      (-1.1322 - nearest_radial_boundary_fraction_proxy_scaled) ...
                                      * nearest_axial_boundary_fraction_proxy_scaled)) - rho_fra...
                                      ction_proxy_scaled) * nearest_axial_boundary_fraction_prox...
                                      y_scaled) - z_scaled) - -1.478) * -0.20947
19          3.026e-01  4.072e-03  y = (((((nearest_radial_boundary_fraction_proxy_scaled + (...
                                      (-1.0504 - nearest_radial_boundary_fraction_proxy_scaled) ...
                                      * nearest_axial_boundary_fraction_proxy_scaled)) - rho_fra...
                                      ction_proxy_scaled) * (nearest_axial_boundary_fraction_pro...
                                      xy_scaled + 0.18422)) - z_scaled) - -1.3849) * -0.22719
20          3.025e-01  4.080e-05  y = (((((nearest_radial_boundary_fraction_proxy_scaled + (...
                                      (-1.057 - nearest_radial_boundary_fraction_proxy_scaled) *...
                                       nearest_axial_boundary_fraction_proxy_scaled)) - rho_with...
                                      in_case_z_scaled) * (nearest_axial_boundary_fraction_proxy...
                                      _scaled + 0.18528)) - z_scaled) - -1.3956) * -0.22646
21          3.010e-01  5.023e-03  y = ((((((-1.0795 - nearest_radial_boundary_fraction_proxy...
                                      _scaled) * (nearest_axial_boundary_fraction_proxy_scaled +...
                                       -0.24439)) + (nearest_radial_boundary_fraction_proxy_scal...
                                      ed - rho_fraction_proxy_scaled)) * (nearest_axial_boundary...
                                      _fraction_proxy_scaled + 0.27651)) - z_scaled) - -1.3769) ...
                                      * -0.22238
22          2.966e-01  1.465e-02  y = ((abs(nearest_angular_boundary_fraction_proxy_scaled +...
                                       (nearest_radial_boundary_fraction_proxy_scaled - theta_fr...
                                      action_proxy_scaled)) + ((nearest_radial_boundary_fraction...
                                      _proxy_scaled + ((nearest_axial_boundary_fraction_proxy_sc...
                                      aled * -0.88751) - signed_radial_position_proxy_scaled)) *...
                                       nearest_axial_boundary_fraction_proxy_scaled)) - z_scaled...
                                      ) * -0.2221
24          2.890e-01  1.303e-02  y = ((((nearest_radial_boundary_fraction_proxy_scaled + ((...
                                      nearest_axial_boundary_fraction_proxy_scaled * (-0.90952 -...
                                       nearest_radial_boundary_fraction_proxy_scaled)) - rho_fra...
                                      ction_proxy_scaled)) * nearest_axial_boundary_fraction_pro...
                                      xy_scaled) + abs((nearest_radial_boundary_fraction_proxy_s...
                                      caled - signed_angular_position_proxy_scaled) + nearest_an...
                                      gular_boundary_fraction_proxy_scaled)) - z_scaled) * -0.21...
                                      247
26          2.870e-01  3.568e-03  y = (((((nearest_radial_boundary_fraction_proxy_scaled + (...
                                      nearest_axial_boundary_fraction_proxy_scaled * (-1.0135 - ...
                                      nearest_radial_boundary_fraction_proxy_scaled))) - rho_fra...
                                      ction_proxy_scaled) * nearest_axial_boundary_fraction_prox...
                                      y_scaled) + abs(nearest_angular_boundary_fraction_proxy_sc...
                                      aled + (nearest_radial_boundary_fraction_proxy_scaled - (t...
                                      heta_cos_scaled * -1.1515)))) - z_scaled) * -0.20314
27          2.839e-01  1.076e-02  y = (abs(0.62578 - (signed_angular_position_proxy_scaled -...
                                       (nearest_angular_boundary_fraction_proxy_scaled + nearest...
                                      _radial_boundary_fraction_proxy_scaled))) + ((((((-1.009 -...
                                       nearest_radial_boundary_fraction_proxy_scaled) * nearest_...
                                      axial_boundary_fraction_proxy_scaled) + nearest_radial_bou...
                                      ndary_fraction_proxy_scaled) - rho_within_case_z_scaled) *...
                                       nearest_axial_boundary_fraction_proxy_scaled) - z_scaled)...
                                      ) * -0.22714
30          2.827e-01  1.444e-03  y = (((nearest_axial_boundary_fraction_proxy_scaled * (((n...
                                      earest_radial_boundary_fraction_proxy_scaled + (nearest_ax...
                                      ial_boundary_fraction_proxy_scaled * -0.97993)) - (nearest...
                                      _axial_boundary_fraction_proxy_scaled * nearest_radial_bou...
                                      ndary_fraction_proxy_scaled)) - (rho_scaled * 1.3289))) + ...
                                      abs(0.5732 - (signed_angular_position_proxy_scaled - (near...
                                      est_radial_boundary_fraction_proxy_scaled + nearest_angula...
                                      r_boundary_fraction_proxy_scaled)))) - signed_axial_positi...
                                      on_proxy_scaled) * -0.21312
32          2.824e-01  5.462e-04  y = ((((nearest_axial_boundary_fraction_proxy_scaled * (((...
                                      nearest_radial_boundary_fraction_proxy_scaled + (nearest_a...
                                      xial_boundary_fraction_proxy_scaled * -1.1131)) - (nearest...
                                      _axial_boundary_fraction_proxy_scaled * nearest_radial_bou...
                                      ndary_fraction_proxy_scaled)) - (rho_scaled * 1.3536))) + ...
                                      abs(0.52026 - (signed_angular_position_proxy_scaled - (nea...
                                      rest_angular_boundary_fraction_proxy_scaled + nearest_radi...
                                      al_boundary_fraction_proxy_scaled)))) - signed_axial_posit...
                                      ion_proxy_scaled) * -0.20668) + -0.045832
───────────────────────────────────────────────────────────────────────────────────────────────────
  - /net/scratch/j96317yn/NotebookCT3/outputs/10_signed_staged_residual_symbolic_pilot/iteration_4/stages/stage_geometry/search_state/pysr_runs/v10_i4_geometry_signed_residual_pilot/hall_of_fame.csv
