───────────────────────────────────────────────────────────────────────────────────────────────────
Complexity  Loss       Score      Equation
1           1.000e+00  0.000e+00  y = 3.2089e-05
3           9.201e-01  4.164e-02  y = weight_loss_rate_within_case_z_scaled * -0.28246
5           8.453e-01  4.239e-02  y = fluence_rate_scaled * (rho_within_case_z_scaled * 0.25...
                                      405)
6           8.149e-01  3.666e-02  y = 0.78027 - abs(fluence_rate_scaled)
7           8.085e-01  7.887e-03  y = (rho_within_case_z_scaled * (fluence_rate_scaled * 0.3...
                                      1375)) + 0.21316
8           7.878e-01  2.596e-02  y = 0.57503 - (abs(fluence_rate_scaled) * 0.73684)
9           7.452e-01  5.554e-02  y = (square(theta_sin_within_case_z_scaled) + (rho_within_...
                                      case_z_scaled * fluence_rate_scaled)) * 0.29983
10          7.259e-01  2.622e-02  y = (abs(theta_cos_scaled) + (rho_within_case_z_scaled * f...
                                      luence_rate_scaled)) * 0.36356
11          7.109e-01  2.094e-02  y = ((fluence_rate_scaled * rho_within_case_z_scaled) * 0....
                                      33747) + square(theta_cos_scaled * 0.44503)
13          7.007e-01  7.210e-03  y = (((theta_cos_scaled * -1.1406) - square(rho_within_cas...
                                      e_z_scaled)) * -0.15479) * (theta_cos_scaled + -1.6082)
14          6.536e-01  6.962e-02  y = square(theta_cos_scaled * 0.68679) + (abs(rho_within_c...
                                      ase_z_scaled * theta_cos_scaled) * -0.76678)
16          6.461e-01  5.771e-03  y = square(theta_cos_scaled * -0.68353) + (abs((theta_cos_...
                                      scaled * rho_within_case_z_scaled) + -0.10443) * -0.77435)
18          6.399e-01  4.782e-03  y = (abs((theta_cos_scaled * rho_within_case_z_scaled) - 0...
                                      .1457) * -0.81714) + (square(theta_cos_scaled * -0.67472) ...
                                      + 0.10629)
19          6.388e-01  1.745e-03  y = ((rho_scaled * -0.053992) * (rho_scaled * ((fluence_ra...
                                      te_within_case_z_scaled + square(theta_cos_scaled)) - -3.0...
                                      621))) + (square(theta_cos_scaled) * 0.28559)
21          6.253e-01  1.067e-02  y = square(theta_cos_scaled * 0.51047) + (((rho_scaled * -...
                                      0.08008) - 0.052622) * (rho_scaled * ((square(theta_cos_sc...
                                      aled) + fluence_rate_within_case_z_scaled) - -2.2468)))
22          6.201e-01  8.366e-03  y = abs(theta_cos_scaled * 0.37871) + (((rho_scaled * -0.1...
                                      2562) - 0.13347) * (rho_scaled * (square(z_within_case_z_s...
                                      caled) + (fluence_rate_within_case_z_scaled - -1.5604))))
───────────────────────────────────────────────────────────────────────────────────────────────────
  - /Users/novwin/Documents/University/University of Manchester/毕设项目/Nuclear graphite/NotebookCT3/outputs/08_recoverable_16000_single_formula/iteration_1/search_state/pysr_runs/recoverable_i1_single_shape/hall_of_fame.csv
