───────────────────────────────────────────────────────────────────────────────────────────────────
[1m[4mComplexity[22m[24m  [1m[4mLoss[22m[24m       [1m[4mScore[22m[24m      [1m[4mEquation[22m[24m
1           3.863e-01  0.000e+00  y = -0.08485
3           3.762e-01  1.332e-02  y = hotspot_rbf_max_proxy_scaled * 0.17606
5           3.743e-01  2.560e-03  y = -0.07143 - (hotspot_rbf_max_proxy_scaled * -0.17079)
8           3.717e-01  2.298e-03  y = (abs(fluence_rate_scaled) + -0.53662) * -0.29006
9           3.686e-01  8.259e-03  y = -0.46746 - (gauss(fluence_rate_scaled) * -0.65177)
11          3.682e-01  5.950e-04  y = -0.39491 - (gauss(fluence_rate_scaled * 1.2601) * -0.6...
                                      221)
12          3.682e-01  7.798e-05  y = (tanh(hotspot_rbf_max_proxy_scaled + v10_physical_resi...
                                      dual_proxy_scaled) + -0.29488) * 0.29716
13          3.591e-01  2.502e-02  y = gauss((0.48078 - signed_angular_position_proxy_scaled)...
                                       / 0.085272) + -0.16739
15          3.513e-01  1.094e-02  y = (nearest_radial_boundary_fraction_proxy_scaled + 0.753...
                                      92) * gauss((signed_angular_position_proxy_scaled - 0.4809...
                                      2) / -0.071795)
17          3.407e-01  1.535e-02  y = ((nearest_radial_boundary_fraction_proxy_scaled + 0.94...
                                      864) * gauss((signed_angular_position_proxy_scaled - 0.480...
                                      04) / 0.079819)) - 0.17652
20          3.348e-01  5.773e-03  y = ((nearest_radial_boundary_fraction_proxy_scaled + abs(...
                                      nearest_radial_boundary_fraction_proxy_scaled)) * gauss((s...
                                      igned_angular_position_proxy_scaled - 0.47275) / 0.095897)...
                                      ) - 0.17236
22          3.333e-01  2.239e-03  y = ((gauss((0.47275 - signed_angular_position_proxy_scale...
                                      d) / 0.095897) * (nearest_radial_boundary_fraction_proxy_s...
                                      caled + abs(nearest_radial_boundary_fraction_proxy_scaled)...
                                      )) - 0.17236) * 1.1108
23          3.325e-01  2.428e-03  y = (gauss((signed_angular_position_proxy_scaled - 0.4764)...
                                       / 0.081795) - gauss(nearest_radial_boundary_fraction_prox...
                                      y_scaled * 3.5116)) * (nearest_radial_boundary_fraction_pr...
                                      oxy_scaled + 0.73979)
25          3.325e-01  3.557e-05  y = ((gauss((signed_angular_position_proxy_scaled - 0.4786...
                                      1) / 0.082629) - gauss(3.2205 * nearest_radial_boundary_fr...
                                      action_proxy_scaled)) * (nearest_radial_boundary_fraction_...
                                      proxy_scaled + 0.74766)) - 0.027772
27          3.317e-01  1.163e-03  y = ((gauss((0.47723 - signed_angular_position_proxy_scale...
                                      d) / -0.075955) + 0.041315) - gauss(nearest_radial_boundar...
                                      y_fraction_proxy_scaled / -0.29703)) * (nearest_radial_bou...
                                      ndary_fraction_proxy_scaled + 0.74721)
30          3.294e-01  2.362e-03  y = (nearest_radial_boundary_fraction_proxy_scaled + abs(n...
                                      earest_radial_boundary_fraction_proxy_scaled)) * (gauss((0...
                                      .47293 - signed_angular_position_proxy_scaled) / 0.085216)...
                                       - gauss(-0.50119 - (signed_angular_position_proxy_scaled ...
                                      / 0.3019)))
31          3.228e-01  2.020e-02  y = ((nearest_radial_boundary_fraction_proxy_scaled + 0.97...
                                      175) * gauss((signed_angular_position_proxy_scaled - 0.470...
                                      53) / -0.089658)) - (gauss((nearest_radial_boundary_fracti...
                                      on_proxy_scaled * signed_angular_position_proxy_scaled) / ...
                                      0.33635) / 1.7478)
32          3.226e-01  5.134e-04  y = ((nearest_radial_boundary_fraction_proxy_scaled + 0.96...
                                      343) * gauss((signed_angular_position_proxy_scaled - 0.470...
                                      41) / -0.092117)) - (gauss((nearest_radial_boundary_fracti...
                                      on_proxy_scaled / -0.38555) * theta_cos_4_proxy_scaled) / ...
                                      1.7583)
───────────────────────────────────────────────────────────────────────────────────────────────────
  - /net/scratch/j96317yn/NotebookCT3/outputs/11_tail_aware_localised_symbolic/iteration_1/stages/stage_tail_localised/search_state/pysr_runs/v11_i1_tail_aware_localised_residual/hall_of_fame.csv
