───────────────────────────────────────────────────────────────────────────────────────────────────
[1m[4mComplexity[22m[24m  [1m[4mLoss[22m[24m       [1m[4mScore[22m[24m      [1m[4mEquation[22m[24m
1           3.756e-01  0.000e+00  y = -0.041131
3           3.684e-01  9.635e-03  y = nearest_radial_boundary_fraction_proxy_scaled * 0.1490...
                                      1
5           3.643e-01  5.618e-03  y = (theta_cos_scaled * -0.14474) * nearest_angular_bounda...
                                      ry_fraction_proxy_scaled
7           3.544e-01  1.385e-02  y = nearest_radial_boundary_fraction_proxy_scaled * ((flue...
                                      nce_rate_mean_scaled + -0.99037) * -0.17188)
9           3.491e-01  7.473e-03  y = (((nearest_angular_boundary_fraction_proxy_scaled + fl...
                                      uence_rate_mean_scaled) + -1.0739) * -0.14686) * nearest_r...
                                      adial_boundary_fraction_proxy_scaled
10          3.469e-01  6.445e-03  y = nearest_radial_boundary_fraction_proxy_scaled * ((flue...
                                      nce_rate_mean_scaled - abs(signed_angular_position_proxy_s...
                                      caled)) * -0.19041)
11          3.440e-01  8.332e-03  y = (nearest_angular_boundary_fraction_proxy_scaled + near...
                                      est_radial_boundary_fraction_proxy_scaled) * ((theta_fract...
                                      ion_proxy_scaled - (nearest_radial_boundary_fraction_proxy...
                                      _scaled + fluence_rate_mean_scaled)) * 0.10956)
12          3.427e-01  3.598e-03  y = (nearest_radial_boundary_fraction_proxy_scaled * (abs(...
                                      signed_angular_position_proxy_scaled * nearest_axial_bound...
                                      ary_fraction_proxy_scaled) - fluence_rate_mean_scaled)) * ...
                                      0.20508
14          3.416e-01  1.621e-03  y = nearest_radial_boundary_fraction_proxy_scaled * (((abs...
                                      (nearest_axial_boundary_fraction_proxy_scaled) + theta_fra...
                                      ction_proxy_scaled) - (nearest_angular_boundary_fraction_p...
                                      roxy_scaled + fluence_rate_mean_scaled)) * 0.15888)
15          3.395e-01  6.136e-03  y = ((theta_fraction_proxy_scaled + 1.0133) - (nearest_ang...
                                      ular_boundary_fraction_proxy_scaled + fluence_rate_mean_sc...
                                      aled)) * ((nearest_radial_boundary_fraction_proxy_scaled +...
                                       (nearest_angular_boundary_fraction_proxy_scaled * 0.44147...
                                      )) * 0.139)
17          3.380e-01  2.326e-03  y = ((nearest_angular_boundary_fraction_proxy_scaled - the...
                                      ta_fraction_proxy_scaled) + (fluence_rate_mean_scaled + -0...
                                      .87237)) * ((nearest_radial_boundary_fraction_proxy_scaled...
                                       + ((nearest_angular_boundary_fraction_proxy_scaled + 0.54...
                                      035) * 0.57341)) * -0.14401)
18          3.345e-01  1.023e-02  y = (nearest_radial_boundary_fraction_proxy_scaled + (near...
                                      est_angular_boundary_fraction_proxy_scaled * 0.38968)) * (...
                                      ((abs(nearest_axial_boundary_fraction_proxy_scaled) + thet...
                                      a_fraction_proxy_scaled) - (nearest_angular_boundary_fract...
                                      ion_proxy_scaled + fluence_rate_mean_scaled)) * 0.15279)
19          3.332e-01  4.056e-03  y = (nearest_radial_boundary_fraction_proxy_scaled + bound...
                                      ary_corner_proximity_proxy_scaled) * ((nearest_angular_bou...
                                      ndary_fraction_proxy_scaled + (fluence_rate_mean_scaled - ...
                                      (theta_fraction_proxy_scaled + abs(rho_fraction_proxy_scal...
                                      ed - nearest_radial_boundary_fraction_proxy_scaled)))) * -...
                                      0.094846)
21          3.310e-01  3.327e-03  y = ((nearest_radial_boundary_fraction_proxy_scaled + boun...
                                      dary_corner_proximity_proxy_scaled) * ((nearest_angular_bo...
                                      undary_fraction_proxy_scaled + fluence_rate_mean_scaled) +...
                                       ((theta_fraction_proxy_scaled + abs(signed_radial_positio...
                                      n_proxy_scaled - nearest_radial_boundary_fraction_proxy_sc...
                                      aled)) * -0.70895))) * -0.11955
23          3.298e-01  1.745e-03  y = (((theta_fraction_proxy_scaled + abs(signed_radial_pos...
                                      ition_proxy_scaled - nearest_radial_boundary_fraction_prox...
                                      y_scaled)) * 0.10356) + (((fluence_rate_mean_scaled + near...
                                      est_angular_boundary_fraction_proxy_scaled) - -0.42759) * ...
                                      -0.12068)) * (nearest_radial_boundary_fraction_proxy_scale...
                                      d + boundary_corner_proximity_proxy_scaled)
25          3.291e-01  1.061e-03  y = (((((theta_fraction_proxy_scaled + abs(signed_radial_p...
                                      osition_proxy_scaled - nearest_radial_boundary_fraction_pr...
                                      oxy_scaled)) * -0.8854) + (fluence_rate_mean_scaled + near...
                                      est_angular_boundary_fraction_proxy_scaled)) - -0.42391) *...
                                       -0.12382) * (nearest_radial_boundary_fraction_proxy_scale...
                                      d + (boundary_corner_proximity_proxy_scaled - -0.20262))
26          3.286e-01  1.423e-03  y = (((((theta_fraction_proxy_scaled + abs(signed_radial_p...
                                      osition_proxy_scaled - nearest_radial_boundary_fraction_pr...
                                      oxy_scaled)) * -0.9219) + (fluence_rate_mean_scaled + near...
                                      est_angular_boundary_fraction_proxy_scaled)) * -0.16254) -...
                                       0.074672) * ((nearest_angular_boundary_fraction_proxy_sca...
                                      led * 0.47226) + (nearest_radial_boundary_fraction_proxy_s...
                                      caled - -0.27774))
───────────────────────────────────────────────────────────────────────────────────────────────────
  - /net/scratch/j96317yn/NotebookCT3/outputs/10_signed_staged_residual_symbolic_pilot/iteration_1/stages/stage_physical/search_state/pysr_runs/v10_i1_physical_signed_residual_pilot/hall_of_fame.csv
