───────────────────────────────────────────────────────────────────────────────────────────────────
Complexity  Loss       Score      Equation
1           1.000e+00  0.000e+00  y = -8.561e-05
3           9.420e-01  2.986e-02  y = nearest_radial_boundary_fraction_proxy_scaled * 0.2404...
                                      4
5           9.365e-01  2.946e-03  y = (nearest_axial_boundary_fraction_proxy_scaled * rho_fr...
                                      action_proxy_scaled) * 0.26158
6           9.348e-01  1.818e-03  y = abs(nearest_axial_boundary_fraction_proxy_scaled) + -0...
                                      .89059
7           8.665e-01  7.588e-02  y = gauss(fluence_rate_scaled) - 0.61894
9           8.609e-01  3.257e-03  y = gauss(fluence_rate_scaled * 1.3457) - 0.51245
11          8.212e-01  2.356e-02  y = gauss(fluence_rate_scaled) - gauss(nearest_axial_bound...
                                      ary_fraction_proxy_scaled)
12          7.993e-01  2.703e-02  y = (gauss(fluence_rate_scaled) * abs(nearest_axial_bounda...
                                      ry_fraction_proxy_scaled)) - 0.57209
13          7.936e-01  7.216e-03  y = (z_fraction_proxy_scaled * (gauss(fluence_rate_within_...
                                      case_z_scaled + -0.46643) - 0.56904)) * z_within_case_z_sc...
                                      aled
15          7.832e-01  6.578e-03  y = (gauss(fluence_rate_within_case_z_scaled + -0.44267) -...
                                       0.56988) * ((z_within_case_z_scaled * z_within_case_z_sca...
                                      led) + theta_sin_std_scaled)
17          7.009e-01  5.552e-02  y = z_within_case_z_scaled * (((nearest_axial_boundary_fra...
                                      ction_proxy_scaled * gauss(fluence_rate_within_case_z_scal...
                                      ed + -0.52122)) - -0.62076) * (z_within_case_z_scaled * -0...
                                      .93325))
19          6.952e-01  4.072e-03  y = ((z_within_case_z_scaled + 0.15949) * ((nearest_axial_...
                                      boundary_fraction_proxy_scaled * gauss(fluence_rate_within...
                                      _case_z_scaled + -0.52122)) - -0.62076)) * (z_within_case_...
                                      z_scaled * -0.93325)
20          6.922e-01  4.307e-03  y = (z_within_case_z_scaled * ((gauss(fluence_rate_within_...
                                      case_z_scaled + -0.50391) * abs(nearest_axial_boundary_fra...
                                      ction_proxy_scaled)) - 0.64688)) * (z_within_case_z_scaled...
                                       - -0.2438)
22          6.918e-01  2.851e-04  y = (z_fraction_proxy_scaled + 0.24269) * ((z_fraction_pro...
                                      xy_scaled * ((gauss(fluence_rate_within_case_z_scaled + -0...
                                      .50424) * abs(nearest_axial_boundary_fraction_proxy_scaled...
                                      )) - 0.64067)) * 0.96334)
23          6.852e-01  9.620e-03  y = (((z_fraction_proxy_scaled + 0.10437) * (((-0.28728 - ...
                                      gauss(fluence_rate_within_case_z_scaled + -0.54754)) * (ne...
                                      arest_axial_boundary_fraction_proxy_scaled * 0.85522)) + -...
                                      0.87819)) * z_fraction_proxy_scaled) - -0.19083
25          6.802e-01  3.686e-03  y = (z_fraction_proxy_scaled * (((z_fraction_proxy_scaled ...
                                      - -0.14613) * (((nearest_axial_boundary_fraction_proxy_sca...
                                      led * 0.82168) * (-0.28533 - gauss(fluence_rate_within_cas...
                                      e_z_scaled + -0.52395))) + -0.83847)) - -0.079505)) - -0.1...
                                      5986
───────────────────────────────────────────────────────────────────────────────────────────────────
  - /Users/novwin/Documents/University/University of Manchester/毕设项目/Nuclear graphite/NotebookCT3/outputs/09_residual_shape_symbolic_pilot/iteration_1/search_state/pysr_runs/v9_i1_residual_shape_pilot/hall_of_fame.csv
