───────────────────────────────────────────────────────────────────────────────────────────────────
[1m[4mComplexity[22m[24m  [1m[4mLoss[22m[24m       [1m[4mScore[22m[24m      [1m[4mEquation[22m[24m
1           3.811e-01  0.000e+00  y = -0.024749
3           3.803e-01  1.051e-03  y = nearest_angular_boundary_fraction_proxy_scaled * 0.055...
                                      21
4           3.799e-01  9.781e-04  y = fluence_rate_within_case_z_scaled * -0.060181
5           3.697e-01  2.730e-02  y = (nearest_radial_boundary_fraction_proxy_scaled * -0.15...
                                      298) * fluence_rate_mean_scaled
7           3.645e-01  7.078e-03  y = ((theta_cos_scaled + nearest_radial_boundary_fraction_...
                                      proxy_scaled) * -0.15998) * nearest_angular_boundary_fract...
                                      ion_proxy_scaled
9           3.610e-01  4.769e-03  y = ((theta_cos_scaled + nearest_radial_boundary_fraction_...
                                      proxy_scaled) * -0.15998) * (nearest_angular_boundary_frac...
                                      tion_proxy_scaled + 0.45627)
11          3.576e-01  4.722e-03  y = ((nearest_angular_boundary_fraction_proxy_scaled + the...
                                      ta_cos_scaled) + fluence_rate_scaled) * ((theta_cos_scaled...
                                       + nearest_radial_boundary_fraction_proxy_scaled) * -0.091...
                                      413)
13          3.528e-01  6.787e-03  y = ((theta_cos_scaled + fluence_rate_scaled) + nearest_an...
                                      gular_boundary_fraction_proxy_scaled) * ((theta_cos_scaled...
                                       + (nearest_radial_boundary_fraction_proxy_scaled + 0.7531...
                                      1)) * -0.11777)
15          3.486e-01  6.015e-03  y = ((nearest_radial_boundary_fraction_proxy_scaled + thet...
                                      a_cos_scaled) * -0.20362) * (((nearest_radial_boundary_fra...
                                      ction_proxy_scaled + fluence_rate_scaled) * 0.52286) + (ne...
                                      arest_angular_boundary_fraction_proxy_scaled + 0.47987))
17          3.479e-01  9.861e-04  y = (((((fluence_rate_scaled + nearest_radial_boundary_fra...
                                      ction_proxy_scaled) * 0.56695) + 0.47243) + nearest_angula...
                                      r_boundary_fraction_proxy_scaled) * ((nearest_radial_bound...
                                      ary_fraction_proxy_scaled + theta_cos_scaled) * -0.20998))...
                                       - -0.04616
21          3.458e-01  1.507e-03  y = (((fluence_rate_scaled + ((nearest_radial_boundary_fra...
                                      ction_proxy_scaled + nearest_angular_boundary_fraction_pro...
                                      xy_scaled) + (theta_cos_scaled * gauss(nearest_radial_boun...
                                      dary_fraction_proxy_scaled)))) * (theta_cos_scaled + neare...
                                      st_radial_boundary_fraction_proxy_scaled)) * -0.13004) - -...
                                      0.12232
23          3.408e-01  7.287e-03  y = (((theta_cos_scaled + nearest_radial_boundary_fraction...
                                      _proxy_scaled) * -0.15188) * (((fluence_rate_scaled + near...
                                      est_radial_boundary_fraction_proxy_scaled) + ((theta_cos_s...
                                      caled * gauss(nearest_radial_boundary_fraction_proxy_scale...
                                      d)) + 0.6239)) + nearest_angular_boundary_fraction_proxy_s...
                                      caled)) - -0.1418
25          3.370e-01  5.657e-03  y = ((theta_cos_scaled + nearest_radial_boundary_fraction_...
                                      proxy_scaled) * ((((((fluence_rate_scaled * 0.64079) + nea...
                                      rest_radial_boundary_fraction_proxy_scaled) + (theta_cos_s...
                                      caled * gauss(nearest_radial_boundary_fraction_proxy_scale...
                                      d))) + 0.79585) + nearest_angular_boundary_fraction_proxy_...
                                      scaled) * -0.16568)) - -0.1703
───────────────────────────────────────────────────────────────────────────────────────────────────
  - /net/scratch/j96317yn/NotebookCT3/outputs/10_signed_staged_residual_symbolic_pilot/iteration_3/stages/stage_physical/search_state/pysr_runs/v10_i3_physical_signed_residual_pilot/hall_of_fame.csv
