───────────────────────────────────────────────────────────────────────────────────────────────────
[1m[4mComplexity[22m[24m  [1m[4mLoss[22m[24m       [1m[4mScore[22m[24m      [1m[4mEquation[22m[24m
1           3.811e-01  0.000e+00  y = -0.048611
3           3.809e-01  1.880e-04  y = weight_loss_rate_std_scaled * 0.052217
5           3.668e-01  1.893e-02  y = (nearest_radial_boundary_fraction_proxy_scaled * fluen...
                                      ce_rate_mean_scaled) * -0.17872
7           3.645e-01  3.181e-03  y = ((fluence_rate_mean_scaled + weight_loss_rate_scaled) ...
                                      * -0.13616) * nearest_radial_boundary_fraction_proxy_scale...
                                      d
9           3.615e-01  4.084e-03  y = ((rho_fraction_proxy_scaled * -0.37129) + fluence_rate...
                                      _mean_scaled) * (nearest_radial_boundary_fraction_proxy_sc...
                                      aled * -0.19867)
10          3.601e-01  3.994e-03  y = ((fluence_rate_mean_scaled + (rho_fraction_proxy_scale...
                                      d * boundary_corner_proximity_proxy_scaled)) * nearest_rad...
                                      ial_boundary_fraction_proxy_scaled) * -0.15134
11          3.589e-01  3.142e-03  y = (fluence_rate_mean_scaled - (nearest_radial_boundary_f...
                                      raction_proxy_scaled * (rho_fraction_proxy_scaled * -0.231...
                                      5))) * (nearest_radial_boundary_fraction_proxy_scaled * -0...
                                      .20237)
12          3.559e-01  8.496e-03  y = ((fluence_rate_mean_scaled + (boundary_corner_proximit...
                                      y_proxy_scaled * (signed_radial_position_proxy_scaled + 0....
                                      69876))) * nearest_radial_boundary_fraction_proxy_scaled) ...
                                      * -0.16003
14          3.535e-01  3.374e-03  y = nearest_radial_boundary_fraction_proxy_scaled * ((flue...
                                      nce_rate_mean_scaled * -0.21334) - (((-0.90665 - rho_scale...
                                      d) * boundary_corner_proximity_proxy_scaled) * -0.1274))
15          3.509e-01  7.405e-03  y = nearest_radial_boundary_fraction_proxy_scaled * ((flue...
                                      nce_rate_mean_scaled * -0.20875) - ((-0.26917 - (nearest_r...
                                      adial_boundary_fraction_proxy_scaled * 0.18483)) * (-0.545...
                                      23 - rho_fraction_proxy_scaled)))
22          3.507e-01  6.148e-05  y = ((nearest_radial_boundary_fraction_proxy_scaled * flue...
                                      nce_rate_mean_scaled) * -0.19177) - ((((nearest_radial_bou...
                                      ndary_fraction_proxy_scaled - nearest_angular_boundary_fra...
                                      ction_proxy_scaled) * theta_cos_scaled) * (radial_angular_...
                                      signed_interaction_proxy_scaled * 0.1147)) + ((signed_axia...
                                      l_position_proxy_scaled * fluence_rate_scaled) * 0.093298)...
                                      )
24          3.484e-01  3.323e-03  y = (nearest_radial_boundary_fraction_proxy_scaled * (flue...
                                      nce_rate_mean_scaled * -0.19275)) - (((nearest_radial_boun...
                                      dary_fraction_proxy_scaled - nearest_angular_boundary_frac...
                                      tion_proxy_scaled) * (theta_cos_scaled * (radial_angular_s...
                                      igned_interaction_proxy_scaled * 0.11519))) + ((signed_axi...
                                      al_position_proxy_scaled * -0.082253) * (nearest_axial_bou...
                                      ndary_fraction_proxy_scaled - fluence_rate_scaled)))
26          3.477e-01  9.703e-04  y = (((fluence_rate_mean_scaled * nearest_radial_boundary_...
                                      fraction_proxy_scaled) * -0.19481) - (((nearest_radial_bou...
                                      ndary_fraction_proxy_scaled - nearest_angular_boundary_fra...
                                      ction_proxy_scaled) * ((theta_cos_scaled + 0.33488) * radi...
                                      al_angular_signed_interaction_proxy_scaled)) * 0.11554)) +...
                                       ((nearest_axial_boundary_fraction_proxy_scaled - fluence_...
                                      rate_scaled) * (signed_axial_position_proxy_scaled * 0.079...
                                      905))
───────────────────────────────────────────────────────────────────────────────────────────────────
  - /net/scratch/j96317yn/NotebookCT3/outputs/10_signed_staged_residual_symbolic_pilot/iteration_4/stages/stage_physical/search_state/pysr_runs/v10_i4_physical_signed_residual_pilot/hall_of_fame.csv
