───────────────────────────────────────────────────────────────────────────────────────────────────
[1m[4mComplexity[22m[24m  [1m[4mLoss[22m[24m       [1m[4mScore[22m[24m      [1m[4mEquation[22m[24m
1           3.872e-01  0.000e+00  y = -0.099402
3           3.810e-01  8.027e-03  y = hotspot_rbf_max_proxy_scaled * 0.15792
5           3.754e-01  7.416e-03  y = (hotspot_rbf_max_proxy_scaled + hotspot_rbf_04_scaled)...
                                       * 0.12826
6           3.728e-01  6.946e-03  y = (v10_normalised_shape_proxy_scaled - signed_radial_pos...
                                      ition_proxy_scaled) * 0.16676
7           3.675e-01  1.432e-02  y = (nearest_radial_boundary_fraction_proxy_scaled * (1.37...
                                      26 - fluence_rate_mean_scaled)) * 0.14421
9           3.639e-01  4.983e-03  y = ((1.2226 - fluence_rate_mean_scaled) * (nearest_radial...
                                      _boundary_fraction_proxy_scaled * 0.15126)) + -0.10036
11          3.602e-01  5.007e-03  y = ((0.94768 - fluence_rate_mean_scaled) * ((-0.5704 - ne...
                                      arest_radial_boundary_fraction_proxy_scaled) * -0.18677)) ...
                                      + -0.20516
12          3.575e-01  7.666e-03  y = ((((v10_fixed_shape_proxy_scaled + 1.512) - fluence_ra...
                                      te_mean_scaled) * 0.15732) * nearest_radial_boundary_fract...
                                      ion_proxy_scaled) + -0.17108
14          3.531e-01  6.132e-03  y = ((((v10_normalised_shape_proxy_scaled + 1.0625) - flue...
                                      nce_rate_mean_scaled) * -0.16602) * (-0.66659 - nearest_ra...
                                      dial_boundary_fraction_proxy_scaled)) + -0.28736
16          3.516e-01  2.227e-03  y = ((-0.59015 - nearest_radial_boundary_fraction_proxy_sc...
                                      aled) * (((v10_normalised_shape_proxy_scaled - (fluence_ra...
                                      te_mean_scaled * 1.5759)) + 1.4744) * -0.12855)) + -0.2693...
                                      3
17          3.488e-01  7.941e-03  y = ((((v10_fixed_shape_proxy_scaled + abs(nearest_axial_b...
                                      oundary_fraction_proxy_scaled)) - fluence_rate_mean_scaled...
                                      ) * (-0.66274 - nearest_radial_boundary_fraction_proxy_sca...
                                      led)) * -0.18132) + -0.29183
22          3.485e-01  1.716e-04  y = ((-0.60913 - nearest_radial_boundary_fraction_proxy_sc...
                                      aled) * ((((0.84499 - fluence_rate_mean_scaled) * 1.4756) ...
                                      + (v10_normalised_shape_proxy_scaled + tanh(fluence_rate_s...
                                      caled))) * -0.16592)) + -0.30502
23          3.459e-01  7.464e-03  y = (((tanh(0.20048 / (-0.49647 - signed_radial_position_p...
                                      roxy_scaled)) + (0.96658 - fluence_rate_mean_scaled)) * -0...
                                      .21024) * (-0.71518 - nearest_radial_boundary_fraction_pro...
                                      xy_scaled)) + -0.22492
25          3.419e-01  5.849e-03  y = ((((tanh(-0.11202 / ((signed_angular_position_proxy_sc...
                                      aled - 0.31749) * -0.31242)) + 0.80096) - fluence_rate_mea...
                                      n_scaled) * -0.21324) * (-0.83846 - nearest_radial_boundar...
                                      y_fraction_proxy_scaled)) + -0.28173
27          3.369e-01  7.270e-03  y = ((((-0.34745 - (nearest_radial_boundary_fraction_proxy...
                                      _scaled * 0.45924)) * (0.81056 - fluence_rate_mean_scaled)...
                                      ) + tanh(0.058911 / ((0.83557 - nearest_radial_boundary_fr...
                                      action_proxy_scaled) * -0.42073))) + 0.7112) * -0.4542
29          3.310e-01  8.941e-03  y = ((((-0.18415 - (nearest_radial_boundary_fraction_proxy...
                                      _scaled * 0.36623)) * (0.67116 - fluence_rate_mean_scaled)...
                                      ) + (tanh((nearest_radial_boundary_fraction_proxy_scaled /...
                                       (0.83663 - nearest_radial_boundary_fraction_proxy_scaled)...
                                      ) * -0.1459) + 0.8715)) * -0.53848) - -0.26571
───────────────────────────────────────────────────────────────────────────────────────────────────
  - /net/scratch/j96317yn/NotebookCT3/outputs/11_tail_aware_localised_symbolic/iteration_2/stages/stage_tail_localised/search_state/pysr_runs/v11_i2_tail_aware_localised_residual/hall_of_fame.csv
