───────────────────────────────────────────────────────────────────────────────────────────────────
[1m[4mComplexity[22m[24m  [1m[4mLoss[22m[24m       [1m[4mScore[22m[24m      [1m[4mEquation[22m[24m
1           3.933e-01  0.000e+00  y = -0.034132
3           3.783e-01  1.951e-02  y = signed_axial_position_proxy_scaled * 0.20891
5           3.609e-01  2.353e-02  y = rho_scaled * (nearest_axial_boundary_fraction_proxy_sc...
                                      aled * 0.30279)
7           3.466e-01  2.017e-02  y = (signed_radial_position_proxy_scaled - nearest_radial_...
                                      boundary_fraction_proxy_scaled) * (nearest_axial_boundary_...
                                      fraction_proxy_scaled * 0.23568)
9           3.327e-01  2.050e-02  y = ((nearest_axial_boundary_fraction_proxy_scaled * (sign...
                                      ed_radial_position_proxy_scaled - nearest_radial_boundary_...
                                      fraction_proxy_scaled)) + z_scaled) * 0.21989
11          3.289e-01  5.685e-03  y = (signed_axial_position_proxy_scaled + ((signed_radial_...
                                      position_proxy_scaled - nearest_radial_boundary_fraction_p...
                                      roxy_scaled) * (nearest_axial_boundary_fraction_proxy_scal...
                                      ed - 0.27761))) * 0.23107
13          3.220e-01  1.059e-02  y = ((z_scaled + nearest_radial_boundary_fraction_proxy_sc...
                                      aled) - ((signed_radial_position_proxy_scaled - nearest_ra...
                                      dial_boundary_fraction_proxy_scaled) * (nearest_axial_boun...
                                      dary_fraction_proxy_scaled * -1.4122))) * 0.17968
15          3.159e-01  9.631e-03  y = (z_scaled + (nearest_axial_boundary_fraction_proxy_sca...
                                      led * (signed_radial_position_proxy_scaled - (nearest_radi...
                                      al_boundary_fraction_proxy_scaled * ((nearest_axial_bounda...
                                      ry_fraction_proxy_scaled * -0.75032) - -1.0928))))) * 0.22...
                                      993
17          3.114e-01  7.214e-03  y = (nearest_axial_boundary_fraction_proxy_scaled * ((sign...
                                      ed_radial_position_proxy_scaled - nearest_radial_boundary_...
                                      fraction_proxy_scaled) * ((nearest_axial_boundary_fraction...
                                      _proxy_scaled * -0.15424) - -0.27145))) + (0.17344 * (sign...
                                      ed_axial_position_proxy_scaled + rho_fraction_proxy_scaled...
                                      ))
18          3.113e-01  6.439e-05  y = ((nearest_axial_boundary_fraction_proxy_scaled * (sign...
                                      ed_radial_position_proxy_scaled - nearest_radial_boundary_...
                                      fraction_proxy_scaled)) * ((nearest_axial_boundary_fractio...
                                      n_proxy_scaled * -0.15424) - -0.27145)) + ((signed_axial_p...
                                      osition_proxy_scaled + rho_within_case_z_scaled) * 0.17344...
                                      )
19          3.078e-01  1.139e-02  y = (((signed_radial_position_proxy_scaled - nearest_radia...
                                      l_boundary_fraction_proxy_scaled) * (((nearest_axial_bound...
                                      ary_fraction_proxy_scaled * -0.89364) - -1.6103) * nearest...
                                      _axial_boundary_fraction_proxy_scaled)) + (signed_axial_po...
                                      sition_proxy_scaled - (0.56404 - rho_scaled))) * 0.17378
21          3.078e-01  3.672e-05  y = (((signed_radial_position_proxy_scaled - nearest_radia...
                                      l_boundary_fraction_proxy_scaled) * (((nearest_axial_bound...
                                      ary_fraction_proxy_scaled * -0.15232) - -0.2785) * nearest...
                                      _axial_boundary_fraction_proxy_scaled)) + -0.09416) - (((r...
                                      ho_scaled * -0.93671) - signed_axial_position_proxy_scaled...
                                      ) * 0.18028)
23          3.059e-01  3.101e-03  y = (signed_axial_position_proxy_scaled + ((nearest_axial_...
                                      boundary_fraction_proxy_scaled * ((signed_radial_position_...
                                      proxy_scaled - nearest_radial_boundary_fraction_proxy_scal...
                                      ed) * ((nearest_axial_boundary_fraction_proxy_scaled * -0....
                                      98263) - -1.8283))) - (abs(nearest_angular_boundary_fracti...
                                      on_proxy_scaled) - rho_within_case_z_scaled))) * 0.15488
24          3.040e-01  6.123e-03  y = ((z_fraction_proxy_scaled + (((signed_radial_position_...
                                      proxy_scaled - nearest_radial_boundary_fraction_proxy_scal...
                                      ed) * nearest_axial_boundary_fraction_proxy_scaled) * (((n...
                                      earest_axial_boundary_fraction_proxy_scaled * -0.89059) - ...
                                      -2.561) - abs(-0.71565 - nearest_radial_boundary_fraction_...
                                      proxy_scaled)))) + rho_fraction_proxy_scaled) * 0.17491
25          3.038e-01  6.797e-04  y = gauss((nearest_axial_boundary_fraction_proxy_scaled + ...
                                      1.481) * -2.9068) - ((0.17249 - ((nearest_axial_boundary_f...
                                      raction_proxy_scaled * 0.222) * ((rho_scaled - nearest_rad...
                                      ial_boundary_fraction_proxy_scaled) + 1.2183))) + (z_scale...
                                      d * -0.19376))
26          3.005e-01  1.081e-02  y = ((signed_axial_position_proxy_scaled + (((rho_fraction...
                                      _proxy_scaled - nearest_radial_boundary_fraction_proxy_sca...
                                      led) * ((((nearest_axial_boundary_fraction_proxy_scaled * ...
                                      -0.88032) - -2.5548) - abs(-0.73597 - nearest_radial_bound...
                                      ary_fraction_proxy_scaled)) * nearest_axial_boundary_fract...
                                      ion_proxy_scaled)) + rho_fraction_proxy_scaled)) * 0.18279...
                                      ) + -0.092842
27          2.941e-01  2.163e-02  y = gauss((nearest_axial_boundary_fraction_proxy_scaled + ...
                                      1.481) * -2.9068) - (((0.17249 - (nearest_axial_boundary_f...
                                      raction_proxy_scaled * 0.222)) * ((rho_scaled - nearest_ra...
                                      dial_boundary_fraction_proxy_scaled) + 1.2183)) + (-0.1937...
                                      6 * (z_scaled + rho_fraction_proxy_scaled)))
28          2.940e-01  2.221e-04  y = gauss((nearest_axial_boundary_fraction_proxy_scaled + ...
                                      1.481) * -2.9068) - (((0.17249 - (nearest_axial_boundary_f...
                                      raction_proxy_scaled * 0.222)) * ((rho_within_case_z_scale...
                                      d - nearest_radial_boundary_fraction_proxy_scaled) + 1.218...
                                      3)) + ((signed_radial_position_proxy_scaled + z_scaled) * ...
                                      -0.19376))
29          2.928e-01  4.123e-03  y = gauss((nearest_axial_boundary_fraction_proxy_scaled + ...
                                      1.4638) * -2.9071) - (((0.14749 - (nearest_axial_boundary_...
                                      fraction_proxy_scaled * 0.24025)) * ((rho_scaled - nearest...
                                      _radial_boundary_fraction_proxy_scaled) + 1.0011)) + (((z_...
                                      scaled + rho_fraction_proxy_scaled) - 0.57274) * -0.18243)...
                                      )
30          2.927e-01  5.791e-04  y = gauss((nearest_axial_boundary_fraction_proxy_scaled + ...
                                      1.4746) * -2.887) - (((z_scaled + signed_radial_position_p...
                                      roxy_scaled) * -0.1736) + (((0.63001 - nearest_axial_bound...
                                      ary_fraction_proxy_scaled) * (((rho_within_case_z_scaled -...
                                       nearest_radial_boundary_fraction_proxy_scaled) + 1.057) *...
                                       0.23168)) + 0.099672))
32          2.914e-01  2.149e-03  y = gauss((nearest_axial_boundary_fraction_proxy_scaled + ...
                                      1.4769) * 2.8134) - ((((0.29468 - nearest_axial_boundary_f...
                                      raction_proxy_scaled) * 0.2404) * ((rho_scaled - nearest_r...
                                      adial_boundary_fraction_proxy_scaled) + 0.99718)) + ((z_sc...
                                      aled + ((theta_sin_within_case_z_scaled * theta_cos_scaled...
                                      ) - 0.56857)) * -0.14189))
───────────────────────────────────────────────────────────────────────────────────────────────────
  - /net/scratch/j96317yn/NotebookCT3/outputs/10_signed_staged_residual_symbolic_pilot/iteration_1/stages/stage_geometry/search_state/pysr_runs/v10_i1_geometry_signed_residual_pilot/hall_of_fame.csv
