───────────────────────────────────────────────────────────────────────────────────────────────────
[1m[4mComplexity[22m[24m  [1m[4mLoss[22m[24m       [1m[4mScore[22m[24m      [1m[4mEquation[22m[24m
1           3.872e-01  0.000e+00  y = -0.099408
3           3.810e-01  8.027e-03  y = hotspot_rbf_max_proxy_scaled * 0.15792
5           3.758e-01  6.860e-03  y = (nearest_radial_boundary_fraction_proxy_scaled + hotsp...
                                      ot_rbf_04_scaled) * 0.12826
7           3.675e-01  1.117e-02  y = (nearest_radial_boundary_fraction_proxy_scaled * (1.35...
                                      64 - fluence_rate_mean_scaled)) * 0.14823
9           3.639e-01  4.998e-03  y = (nearest_radial_boundary_fraction_proxy_scaled * ((1.2...
                                      245 - fluence_rate_mean_scaled) * 0.15179)) + -0.10185
11          3.602e-01  5.010e-03  y = ((0.94768 - fluence_rate_mean_scaled) * ((-0.5704 - ne...
                                      arest_radial_boundary_fraction_proxy_scaled) * -0.18677)) ...
                                      + -0.20516
12          3.575e-01  7.661e-03  y = ((v10_fixed_shape_proxy_scaled + (1.5046 - fluence_rat...
                                      e_mean_scaled)) * (nearest_radial_boundary_fraction_proxy_...
                                      scaled * 0.15675)) + -0.17145
14          3.531e-01  6.129e-03  y = ((((v10_normalised_shape_proxy_scaled + 1.0356) - flue...
                                      nce_rate_mean_scaled) * -0.16844) * (-0.65792 - nearest_ra...
                                      dial_boundary_fraction_proxy_scaled)) + -0.29143
16          3.516e-01  2.219e-03  y = (((-0.60264 - nearest_radial_boundary_fraction_proxy_s...
                                      caled) * (v10_normalised_shape_proxy_scaled + (1.4947 - (f...
                                      luence_rate_mean_scaled * 1.6184)))) * -0.12604) + -0.2731
17          3.488e-01  7.966e-03  y = ((((v10_fixed_shape_proxy_scaled + abs(nearest_axial_b...
                                      oundary_fraction_proxy_scaled)) - fluence_rate_mean_scaled...
                                      ) * (-0.66274 - nearest_radial_boundary_fraction_proxy_sca...
                                      led)) * -0.18132) + -0.29183
22          3.485e-01  1.716e-04  y = ((-0.60913 - nearest_radial_boundary_fraction_proxy_sc...
                                      aled) * ((((0.84499 - fluence_rate_mean_scaled) * 1.4756) ...
                                      + (v10_normalised_shape_proxy_scaled + tanh(fluence_rate_s...
                                      caled))) * -0.16592)) + -0.30502
24          3.483e-01  2.351e-04  y = ((-0.60693 - nearest_radial_boundary_fraction_proxy_sc...
                                      aled) * ((v10_normalised_shape_proxy_scaled + (tanh(fluenc...
                                      e_rate_scaled + 0.3043) + ((0.7473 - fluence_rate_mean_sca...
                                      led) * 1.4559))) * -0.15971)) + -0.30977
25          3.460e-01  6.811e-03  y = ((-0.67609 - nearest_radial_boundary_fraction_proxy_sc...
                                      aled) * ((((1.2837 - fluence_rate_mean_scaled) + v10_norma...
                                      lised_shape_proxy_scaled) + tanh(theta_cos_2_proxy_scaled ...
                                      / -0.0905)) * -0.14676)) + -0.30645
27          3.443e-01  2.387e-03  y = (((((1.0372 - fluence_rate_mean_scaled) * 1.5179) + v1...
                                      0_normalised_shape_proxy_scaled) + tanh(theta_cos_2_proxy_...
                                      scaled / -0.090608)) * ((-0.65865 - nearest_radial_boundar...
                                      y_fraction_proxy_scaled) * -0.12647)) + -0.30037
───────────────────────────────────────────────────────────────────────────────────────────────────
  - /net/scratch/j96317yn/NotebookCT3/outputs/11_tail_aware_localised_symbolic/iteration_2/stages/stage_tail_localised/search_state/pysr_runs/v11_i2_tail_aware_localised_residual/hall_of_fame.csv
