───────────────────────────────────────────────────────────────────────────────────────────────────
[1m[4mComplexity[22m[24m  [1m[4mLoss[22m[24m       [1m[4mScore[22m[24m      [1m[4mEquation[22m[24m
1           3.811e-01  0.000e+00  y = -0.048619
3           3.809e-01  1.880e-04  y = weight_loss_rate_std_scaled * 0.052217
5           3.668e-01  1.893e-02  y = nearest_radial_boundary_fraction_proxy_scaled * (fluen...
                                      ce_rate_mean_scaled * -0.17871)
7           3.651e-01  2.344e-03  y = ((nearest_radial_boundary_fraction_proxy_scaled * flue...
                                      nce_rate_mean_scaled) + 0.36573) * -0.18366
9           3.645e-01  8.564e-04  y = (((nearest_radial_boundary_fraction_proxy_scaled + 0.1...
                                      803) * fluence_rate_mean_scaled) * -0.19298) - 0.064415
11          3.638e-01  9.530e-04  y = ((fluence_rate_mean_scaled * (nearest_radial_boundary_...
                                      fraction_proxy_scaled * 3.2468)) - (weight_loss_rate_std_s...
                                      caled - 1.2216)) * -0.056911
13          3.625e-01  1.725e-03  y = (((nearest_radial_boundary_fraction_proxy_scaled * flu...
                                      ence_rate_mean_scaled) * 3.556) - ((weight_loss_rate_std_s...
                                      caled - rho_scaled) - 1.1739)) * -0.054826
20          3.615e-01  3.889e-04  y = ((tanh((theta_cos_scaled - nearest_radial_boundary_fra...
                                      ction_proxy_scaled) - abs(rho_scaled - 0.39359)) - fluence...
                                      _rate_mean_scaled) * nearest_radial_boundary_fraction_prox...
                                      y_scaled) * 0.18334
21          3.603e-01  3.341e-03  y = ((((nearest_radial_boundary_fraction_proxy_scaled * fl...
                                      uence_rate_mean_scaled) * 5.8225) - ((-0.47243 - weight_lo...
                                      ss_rate_scaled) * nearest_radial_boundary_fraction_proxy_s...
                                      caled)) - ((-2.095 - (nearest_radial_boundary_fraction_pro...
                                      xy_scaled * weight_loss_rate_scaled)) - rho_scaled)) * -0....
                                      033243
───────────────────────────────────────────────────────────────────────────────────────────────────
  - /net/scratch/j96317yn/NotebookCT3/outputs/10_signed_staged_residual_symbolic_pilot/iteration_4/stages/stage_physical/search_state/pysr_runs/v10_i4_physical_signed_residual_pilot/hall_of_fame.csv
