───────────────────────────────────────────────────────────────────────────────────────────────────
Complexity  Loss       Score      Equation
1           1.000e+00  0.000e+00  y = 3.2089e-05
3           9.201e-01  4.164e-02  y = weight_loss_rate_within_case_z_scaled * -0.28246
5           8.451e-01  4.252e-02  y = fluence_rate_scaled * (fluence_rate_within_case_z_scal...
                                      ed * -0.23632)
6           8.149e-01  3.639e-02  y = 0.78027 - abs(fluence_rate_scaled)
7           8.085e-01  7.888e-03  y = (rho_within_case_z_scaled * (fluence_rate_scaled * 0.3...
                                      1402)) + 0.2132
8           7.726e-01  4.542e-02  y = rho_scaled * (abs(rho_scaled) + -1.5377)
9           7.366e-01  4.768e-02  y = ((theta_cos_scaled * theta_cos_scaled) - square(rho_wi...
                                      thin_case_z_scaled)) * 0.24703
10          7.259e-01  1.461e-02  y = (abs(theta_cos_scaled) + (rho_within_case_z_scaled * f...
                                      luence_rate_scaled)) * 0.36356
11          7.109e-01  2.094e-02  y = ((fluence_rate_scaled * rho_within_case_z_scaled) * 0....
                                      33747) + square(theta_cos_scaled * 0.44503)
12          7.039e-01  9.868e-03  y = (0.30893 - rho_scaled) * ((abs(rho_scaled) + -1.504) *...
                                       -0.70925)
13          7.007e-01  4.553e-03  y = (((theta_cos_scaled * -1.1405) - square(rho_within_cas...
                                      e_z_scaled)) * -0.15443) * (theta_cos_scaled + -1.6082)
14          6.536e-01  6.963e-02  y = square(theta_cos_scaled * 0.68717) + (abs(rho_within_c...
                                      ase_z_scaled * theta_cos_within_case_z_scaled) * -0.76708)
16          5.967e-01  4.550e-02  y = ((theta_cos_scaled * (theta_sin_scaled * -0.5404)) - r...
                                      ho_scaled) * ((abs(rho_scaled) + -1.5014) * -0.5791)
18          5.886e-01  6.828e-03  y = ((((theta_cos_scaled * theta_sin_scaled) * -0.5404) - ...
                                      rho_scaled) * ((abs(rho_scaled) + -1.5014) * -0.5791)) + -...
                                      0.12841
21          5.882e-01  2.300e-04  y = ((abs(rho_scaled) + -1.5014) * (-0.5791 * (abs((-0.540...
                                      4 * theta_sin_scaled) * theta_cos_scaled) - rho_scaled))) ...
                                      - 0.071693
22          5.529e-01  6.198e-02  y = (abs(rho_scaled + 0.75866) + -2.4447) * ((((1.3983 - t...
                                      heta_cos_scaled) * 0.29523) - (rho_scaled * (rho_scaled + ...
                                      0.66261))) * -0.56922)
24          5.166e-01  3.388e-02  y = (abs(rho_scaled + 0.69273) + -2.4014) * ((square(theta...
                                      _cos_scaled) * -0.11704) + ((0.23261 - (rho_scaled * (rho_...
                                      scaled + 0.54751))) * -0.6093))
26          5.131e-01  3.464e-03  y = ((abs(rho_scaled + 0.69264) + -2.3972) * (square((0.19...
                                      333 - theta_cos_scaled) * -0.41771) + ((0.29556 - rho_scal...
                                      ed) * (rho_within_case_z_scaled + 0.82875)))) * -0.60179
28          5.096e-01  3.438e-03  y = ((abs(rho_scaled + 0.75262) + -2.1812) * (((square((th...
                                      eta_cos_scaled - 0.29133) * 0.4301) + 0.85439) - ((rho_sca...
                                      led + 0.31778) * rho_scaled)) * -0.56873)) - 0.43827
───────────────────────────────────────────────────────────────────────────────────────────────────
  - /Users/novwin/Documents/University/University of Manchester/毕设项目/Nuclear graphite/NotebookCT3/outputs/08_recoverable_16000_single_formula/iteration_1/search_state/pysr_runs/recoverable_i1_single_shape/hall_of_fame.csv
