───────────────────────────────────────────────────────────────────────────────────────────────────
[1m[4mComplexity[22m[24m  [1m[4mLoss[22m[24m       [1m[4mScore[22m[24m      [1m[4mEquation[22m[24m
1           3.756e-01  0.000e+00  y = -0.041083
3           3.684e-01  9.635e-03  y = nearest_radial_boundary_fraction_proxy_scaled * 0.1488
5           3.643e-01  5.617e-03  y = (theta_cos_scaled * nearest_angular_boundary_fraction_...
                                      proxy_scaled) * -0.14419
7           3.623e-01  2.756e-03  y = ((theta_cos_scaled + rho_fraction_proxy_scaled) * near...
                                      est_angular_boundary_fraction_proxy_scaled) * -0.10465
8           3.595e-01  7.804e-03  y = theta_cos_scaled * (0.1696 * (theta_cos_scaled * bound...
                                      ary_corner_proximity_proxy_scaled))
9           3.496e-01  2.776e-02  y = (((nearest_angular_boundary_fraction_proxy_scaled + fl...
                                      uence_rate_mean_scaled) + -0.78675) * -0.15316) * nearest_...
                                      radial_boundary_fraction_proxy_scaled
13          3.468e-01  2.065e-03  y = ((nearest_radial_boundary_fraction_proxy_scaled + (nea...
                                      rest_angular_boundary_fraction_proxy_scaled * 0.24898)) * ...
                                      -0.146) * (nearest_angular_boundary_fraction_proxy_scaled ...
                                      + (fluence_rate_mean_scaled + -1.0897))
17          3.395e-01  5.309e-03  y = ((((theta_sin_scaled + 1.1838) * -0.85184) + (nearest_...
                                      angular_boundary_fraction_proxy_scaled + fluence_rate_mean...
                                      _scaled)) * (nearest_radial_boundary_fraction_proxy_scaled...
                                       + (nearest_angular_boundary_fraction_proxy_scaled * 0.475...
                                      02))) * -0.13857
19          3.383e-01  1.784e-03  y = ((((theta_sin_scaled + 0.73884) * -0.90769) + (nearest...
                                      _angular_boundary_fraction_proxy_scaled + fluence_rate_mea...
                                      n_scaled)) * -0.15316) * (nearest_radial_boundary_fraction...
                                      _proxy_scaled + ((nearest_angular_boundary_fraction_proxy_...
                                      scaled * 0.53594) - -0.30486))
21          3.355e-01  4.113e-03  y = (((((0.86696 + theta_sin_scaled) * -0.9245) + nearest_...
                                      angular_boundary_fraction_proxy_scaled) + fluence_rate_mea...
                                      n_scaled) - (rho_scaled * 0.40807)) * (((nearest_angular_b...
                                      oundary_fraction_proxy_scaled * 0.51627) + nearest_radial_...
                                      boundary_fraction_proxy_scaled) * -0.1763)
22          3.346e-01  2.800e-03  y = ((nearest_angular_boundary_fraction_proxy_scaled * 0.3...
                                      8958) + nearest_radial_boundary_fraction_proxy_scaled) * (...
                                      (((theta_sin_scaled + abs(nearest_axial_boundary_fraction_...
                                      proxy_scaled)) * -1.0047) + (nearest_angular_boundary_frac...
                                      tion_proxy_scaled + (fluence_rate_mean_scaled + -0.011901)...
                                      )) * -0.15545)
23          3.338e-01  2.215e-03  y = ((((theta_sin_scaled + 0.86696) * -0.9245) + nearest_a...
                                      ngular_boundary_fraction_proxy_scaled) + (fluence_rate_mea...
                                      n_scaled - (rho_scaled * 0.40807))) * ((((nearest_angular_...
                                      boundary_fraction_proxy_scaled * 0.51627) - -0.20775) + ne...
                                      arest_radial_boundary_fraction_proxy_scaled) * -0.1763)
24          3.333e-01  1.524e-03  y = (((nearest_angular_boundary_fraction_proxy_scaled * 0....
                                      49382) - -0.24817) + nearest_radial_boundary_fraction_prox...
                                      y_scaled) * ((((theta_sin_scaled + abs(nearest_axial_bound...
                                      ary_fraction_proxy_scaled)) * -0.94642) + ((nearest_angula...
                                      r_boundary_fraction_proxy_scaled + fluence_rate_mean_scale...
                                      d) + -0.011646)) * -0.15677)
26          3.328e-01  7.812e-04  y = (((nearest_angular_boundary_fraction_proxy_scaled * 0....
                                      48712) - -0.27591) + nearest_radial_boundary_fraction_prox...
                                      y_scaled) * ((((fluence_rate_mean_scaled + 0.035204) * 0.7...
                                      4894) + (((abs(nearest_axial_boundary_fraction_proxy_scale...
                                      d) + theta_sin_scaled) * -0.87953) + nearest_angular_bound...
                                      ary_fraction_proxy_scaled)) * -0.18072)
───────────────────────────────────────────────────────────────────────────────────────────────────
  - /net/scratch/j96317yn/NotebookCT3/outputs/10_signed_staged_residual_symbolic_pilot/iteration_1/stages/stage_physical/search_state/pysr_runs/v10_i1_physical_signed_residual_pilot/hall_of_fame.csv
