───────────────────────────────────────────────────────────────────────────────────────────────────
[1m[4mComplexity[22m[24m  [1m[4mLoss[22m[24m       [1m[4mScore[22m[24m      [1m[4mEquation[22m[24m
1           3.811e-01  0.000e+00  y = -0.024749
3           3.803e-01  1.051e-03  y = nearest_angular_boundary_fraction_proxy_scaled * 0.055...
                                      295
4           3.799e-01  9.781e-04  y = fluence_rate_within_case_z_scaled * -0.060181
5           3.697e-01  2.730e-02  y = (nearest_radial_boundary_fraction_proxy_scaled * -0.15...
                                      298) * fluence_rate_mean_scaled
7           3.637e-01  8.107e-03  y = nearest_angular_boundary_fraction_proxy_scaled * ((the...
                                      ta_cos_scaled + nearest_radial_boundary_fraction_proxy_sca...
                                      led) * -0.13289)
9           3.610e-01  3.739e-03  y = ((theta_cos_scaled + nearest_radial_boundary_fraction_...
                                      proxy_scaled) * -0.15998) * (nearest_angular_boundary_frac...
                                      tion_proxy_scaled + 0.45627)
11          3.576e-01  4.722e-03  y = ((nearest_angular_boundary_fraction_proxy_scaled + the...
                                      ta_cos_scaled) + fluence_rate_scaled) * ((theta_cos_scaled...
                                       + nearest_radial_boundary_fraction_proxy_scaled) * -0.091...
                                      413)
13          3.528e-01  6.788e-03  y = ((theta_cos_scaled + fluence_rate_scaled) + nearest_an...
                                      gular_boundary_fraction_proxy_scaled) * ((theta_cos_scaled...
                                       + (nearest_radial_boundary_fraction_proxy_scaled + 0.7661...
                                      6)) * -0.11747)
15          3.486e-01  6.014e-03  y = ((nearest_radial_boundary_fraction_proxy_scaled + thet...
                                      a_cos_scaled) * -0.20362) * (((nearest_radial_boundary_fra...
                                      ction_proxy_scaled + fluence_rate_scaled) * 0.52286) + (ne...
                                      arest_angular_boundary_fraction_proxy_scaled + 0.47987))
17          3.479e-01  9.861e-04  y = (((((fluence_rate_scaled + nearest_radial_boundary_fra...
                                      ction_proxy_scaled) * 0.56695) + 0.47243) + nearest_angula...
                                      r_boundary_fraction_proxy_scaled) * ((nearest_radial_bound...
                                      ary_fraction_proxy_scaled + theta_cos_scaled) * -0.20998))...
                                       - -0.04616
18          3.446e-01  9.455e-03  y = ((nearest_angular_boundary_fraction_proxy_scaled + ((n...
                                      earest_radial_boundary_fraction_proxy_scaled + fluence_rat...
                                      e_scaled) * abs(nearest_radial_boundary_fraction_proxy_sca...
                                      led + 0.85219))) * (theta_cos_scaled + nearest_radial_boun...
                                      dary_fraction_proxy_scaled)) * -0.13108
20          3.412e-01  4.983e-03  y = ((nearest_radial_boundary_fraction_proxy_scaled + thet...
                                      a_cos_scaled) * -0.10043) * ((nearest_angular_boundary_fra...
                                      ction_proxy_scaled + nearest_angular_boundary_fraction_pro...
                                      xy_scaled) + (abs(nearest_radial_boundary_fraction_proxy_s...
                                      caled) * (fluence_rate_scaled + (nearest_radial_boundary_f...
                                      raction_proxy_scaled + 0.97816))))
22          3.380e-01  4.779e-03  y = ((theta_cos_scaled + nearest_radial_boundary_fraction_...
                                      proxy_scaled) * (((nearest_angular_boundary_fraction_proxy...
                                      _scaled + 0.7802) + nearest_angular_boundary_fraction_prox...
                                      y_scaled) + ((nearest_radial_boundary_fraction_proxy_scale...
                                      d + fluence_rate_scaled) * abs(nearest_radial_boundary_fra...
                                      ction_proxy_scaled + 0.56249)))) * -0.1064
24          3.361e-01  2.833e-03  y = ((theta_cos_scaled + nearest_radial_boundary_fraction_...
                                      proxy_scaled) * (((abs(nearest_radial_boundary_fraction_pr...
                                      oxy_scaled + 0.51689) * ((nearest_radial_boundary_fraction...
                                      _proxy_scaled + fluence_rate_scaled) + 0.73462)) + (neares...
                                      t_angular_boundary_fraction_proxy_scaled + nearest_angular...
                                      _boundary_fraction_proxy_scaled)) * -0.11086)) - -0.072158
───────────────────────────────────────────────────────────────────────────────────────────────────
  - /net/scratch/j96317yn/NotebookCT3/outputs/10_signed_staged_residual_symbolic_pilot/iteration_3/stages/stage_physical/search_state/pysr_runs/v10_i3_physical_signed_residual_pilot/hall_of_fame.csv
