───────────────────────────────────────────────────────────────────────────────────────────────────
[1m[4mComplexity[22m[24m  [1m[4mLoss[22m[24m       [1m[4mScore[22m[24m      [1m[4mEquation[22m[24m
1           3.794e-01  0.000e+00  y = -0.026703
3           3.746e-01  6.283e-03  y = nearest_axial_boundary_fraction_proxy_scaled * 0.1145
5           3.656e-01  1.216e-02  y = fluence_rate_mean_scaled * (nearest_radial_boundary_fr...
                                      action_proxy_scaled * -0.17017)
7           3.620e-01  5.036e-03  y = (nearest_axial_boundary_fraction_proxy_scaled - (theta...
                                      _cos_scaled * theta_cos_scaled)) * 0.11516
8           3.618e-01  5.011e-04  y = (theta_cos_scaled * boundary_corner_proximity_proxy_sc...
                                      aled) * (theta_cos_scaled * 0.15756)
9           3.593e-01  6.864e-03  y = (nearest_radial_boundary_fraction_proxy_scaled - (near...
                                      est_axial_boundary_fraction_proxy_scaled - (theta_cos_scal...
                                      ed * theta_cos_scaled))) * -0.11123
11          3.498e-01  1.347e-02  y = 0.11291 * ((nearest_axial_boundary_fraction_proxy_scal...
                                      ed - (fluence_rate_mean_scaled * nearest_radial_boundary_f...
                                      raction_proxy_scaled)) - (theta_cos_scaled * theta_cos_sca...
                                      led))
15          3.482e-01  1.091e-03  y = (((nearest_axial_boundary_fraction_proxy_scaled - (flu...
                                      ence_rate_p95_scaled * nearest_radial_boundary_fraction_pr...
                                      oxy_scaled)) - -0.60946) - (theta_cos_scaled * (theta_cos_...
                                      scaled + 0.50823))) * 0.15361
17          3.411e-01  1.036e-02  y = (gauss(nearest_radial_boundary_fraction_proxy_scaled +...
                                       0.7275) * (nearest_radial_boundary_fraction_proxy_scaled ...
                                      - (nearest_axial_boundary_fraction_proxy_scaled - (theta_c...
                                      os_scaled * theta_cos_scaled)))) * -0.31894
19          3.403e-01  1.184e-03  y = (gauss(nearest_radial_boundary_fraction_proxy_scaled +...
                                       0.7371) * (nearest_radial_boundary_fraction_proxy_scaled ...
                                      - ((nearest_axial_boundary_fraction_proxy_scaled * 0.69756...
                                      ) - (theta_cos_scaled * theta_cos_scaled)))) * -0.349
21          3.394e-01  1.347e-03  y = gauss(nearest_radial_boundary_fraction_proxy_scaled + ...
                                      0.71333) * ((nearest_radial_boundary_fraction_proxy_scaled...
                                       - ((nearest_axial_boundary_fraction_proxy_scaled - ((thet...
                                      a_cos_scaled * 1.4789) * theta_cos_scaled)) * 0.50753)) * ...
                                      -0.4497)
23          3.390e-01  5.363e-04  y = (nearest_radial_boundary_fraction_proxy_scaled - (((ne...
                                      arest_radial_boundary_fraction_proxy_scaled - (nearest_axi...
                                      al_boundary_fraction_proxy_scaled - theta_cos_scaled)) * -...
                                      0.42122) - (theta_cos_scaled * theta_cos_scaled))) * (gaus...
                                      s(nearest_radial_boundary_fraction_proxy_scaled + 0.69304)...
                                       * -0.39067)
25          3.388e-01  2.681e-04  y = (gauss(nearest_radial_boundary_fraction_proxy_scaled +...
                                       0.69079) * (nearest_radial_boundary_fraction_proxy_scaled...
                                       - (((nearest_radial_boundary_fraction_proxy_scaled - (nea...
                                      rest_axial_boundary_fraction_proxy_scaled - (theta_cos_sca...
                                      led * 0.61705))) * -0.49514) - (theta_cos_scaled * theta_c...
                                      os_scaled)))) * -0.37544
───────────────────────────────────────────────────────────────────────────────────────────────────
  - /net/scratch/j96317yn/NotebookCT3/outputs/10_signed_staged_residual_symbolic_pilot/iteration_2/stages/stage_physical/search_state/pysr_runs/v10_i2_physical_signed_residual_pilot/hall_of_fame.csv
