───────────────────────────────────────────────────────────────────────────────────────────────────
[1m[4mComplexity[22m[24m  [1m[4mLoss[22m[24m       [1m[4mScore[22m[24m      [1m[4mEquation[22m[24m
1           3.794e-01  0.000e+00  y = -0.026656
3           3.746e-01  6.283e-03  y = nearest_axial_boundary_fraction_proxy_scaled * 0.1145
5           3.656e-01  1.216e-02  y = fluence_rate_mean_scaled * (nearest_radial_boundary_fr...
                                      action_proxy_scaled * -0.17017)
7           3.620e-01  5.036e-03  y = (nearest_axial_boundary_fraction_proxy_scaled - (theta...
                                      _cos_scaled * theta_cos_scaled)) * 0.1146
8           3.618e-01  5.015e-04  y = (theta_cos_scaled * boundary_corner_proximity_proxy_sc...
                                      aled) * (theta_cos_scaled * 0.15781)
9           3.597e-01  5.848e-03  y = (theta_cos_scaled * ((theta_cos_scaled * theta_cos_sca...
                                      led) + -2.3972)) * 0.073873
11          3.550e-01  6.572e-03  y = ((0.5927 - (fluence_rate_p95_scaled * nearest_radial_b...
                                      oundary_fraction_proxy_scaled)) - (theta_cos_scaled * thet...
                                      a_cos_scaled)) * 0.14383
12          3.547e-01  7.624e-04  y = ((nearest_axial_boundary_fraction_proxy_scaled - (flue...
                                      nce_rate_p95_scaled * fluence_rate_within_case_z_scaled)) ...
                                      - (theta_cos_scaled * theta_cos_scaled)) * 0.11291
13          3.506e-01  1.175e-02  y = ((nearest_axial_boundary_fraction_proxy_scaled - (flue...
                                      nce_rate_p95_scaled * nearest_radial_boundary_fraction_pro...
                                      xy_scaled)) - ((theta_cos_scaled * theta_cos_scaled) + -0....
                                      29379)) * 0.13916
15          3.485e-01  2.941e-03  y = (((nearest_axial_boundary_fraction_proxy_scaled - (flu...
                                      ence_rate_p95_scaled * nearest_radial_boundary_fraction_pr...
                                      oxy_scaled)) - -0.67169) - (theta_cos_scaled * (theta_cos_...
                                      scaled + 0.34637))) * 0.15419
17          3.411e-01  1.074e-02  y = gauss(nearest_radial_boundary_fraction_proxy_scaled + ...
                                      0.74212) * ((nearest_radial_boundary_fraction_proxy_scaled...
                                       - (nearest_axial_boundary_fraction_proxy_scaled - (theta_...
                                      cos_scaled * theta_cos_scaled))) * -0.32065)
19          3.404e-01  9.868e-04  y = gauss(nearest_radial_boundary_fraction_proxy_scaled + ...
                                      0.68849) * ((nearest_radial_boundary_fraction_proxy_scaled...
                                       - ((nearest_axial_boundary_fraction_proxy_scaled - (theta...
                                      _cos_scaled * theta_cos_scaled)) * 0.75075)) * -0.42785)
21          3.394e-01  1.552e-03  y = gauss(nearest_radial_boundary_fraction_proxy_scaled + ...
                                      0.71512) * ((nearest_radial_boundary_fraction_proxy_scaled...
                                       - ((nearest_axial_boundary_fraction_proxy_scaled - ((thet...
                                      a_cos_scaled * 1.5329) * theta_cos_scaled)) * 0.49232)) * ...
                                      -0.45192)
───────────────────────────────────────────────────────────────────────────────────────────────────
  - /net/scratch/j96317yn/NotebookCT3/outputs/10_signed_staged_residual_symbolic_pilot/iteration_2/stages/stage_physical/search_state/pysr_runs/v10_i2_physical_signed_residual_pilot/hall_of_fame.csv
