───────────────────────────────────────────────────────────────────────────────────────────────────
[1m[4mComplexity[22m[24m  [1m[4mLoss[22m[24m       [1m[4mScore[22m[24m      [1m[4mEquation[22m[24m
1           3.794e-01  0.000e+00  y = -0.026628
3           3.746e-01  6.283e-03  y = nearest_axial_boundary_fraction_proxy_scaled * 0.11423
5           3.656e-01  1.216e-02  y = fluence_rate_mean_scaled * (nearest_radial_boundary_fr...
                                      action_proxy_scaled * -0.17017)
7           3.633e-01  3.159e-03  y = ((theta_cos_scaled * theta_cos_scaled) + nearest_radia...
                                      l_boundary_fraction_proxy_scaled) * -0.11541
9           3.597e-01  5.029e-03  y = (theta_cos_scaled * ((theta_cos_scaled * theta_cos_sca...
                                      led) + -2.4576)) * 0.076022
11          3.595e-01  3.052e-04  y = ((theta_cos_scaled + 1.7063) * (theta_cos_scaled * 0.0...
                                      88757)) * (theta_cos_scaled + -1.3191)
12          3.593e-01  4.807e-04  y = (theta_cos_scaled + -0.57873) * ((boundary_corner_prox...
                                      imity_proxy_scaled * (theta_cos_scaled * 0.15393)) + -0.05...
                                      8214)
13          3.591e-01  4.501e-04  y = (((theta_cos_scaled + (z_fraction_proxy_scaled * 0.361...
                                      02)) * theta_cos_scaled) + -2.8321) * (theta_cos_scaled * ...
                                      0.073498)
15          3.559e-01  4.553e-03  y = (((theta_cos_scaled + 1.6903) * (theta_cos_scaled * (t...
                                      heta_cos_scaled + -1.327))) + (fluence_rate_p95_scaled * r...
                                      ho_fraction_proxy_scaled)) * 0.08896
17          3.544e-01  2.093e-03  y = ((gauss(nearest_radial_boundary_fraction_proxy_scaled)...
                                       * ((-0.64592 - theta_cos_scaled) * theta_cos_scaled)) / 3...
                                      .3955) - -0.11008
19          3.514e-01  4.245e-03  y = gauss(nearest_radial_boundary_fraction_proxy_scaled + ...
                                      0.79679) * (((-1.3347 - (theta_cos_scaled * theta_cos_scal...
                                      ed)) / 3.1159) - nearest_radial_boundary_fraction_proxy_sc...
                                      aled)
21          3.439e-01  1.079e-02  y = gauss(nearest_radial_boundary_fraction_proxy_scaled + ...
                                      0.63798) * ((nearest_radial_boundary_fraction_proxy_scaled...
                                       - ((-0.33828 - theta_cos_scaled) * (theta_cos_scaled / 1....
                                      2967))) * -0.49439)
25          3.430e-01  6.608e-04  y = (gauss((fluence_rate_p95_scaled * 0.24252) - (nearest_...
                                      radial_boundary_fraction_proxy_scaled + 0.63645)) * (neare...
                                      st_radial_boundary_fraction_proxy_scaled - ((-0.32998 - th...
                                      eta_cos_scaled) * (theta_cos_scaled / 1.3012)))) * -0.4859...
                                      1
───────────────────────────────────────────────────────────────────────────────────────────────────
  - /net/scratch/j96317yn/NotebookCT3/outputs/10_signed_staged_residual_symbolic_pilot/iteration_2/stages/stage_physical/search_state/pysr_runs/v10_i2_physical_signed_residual_pilot/hall_of_fame.csv
