───────────────────────────────────────────────────────────────────────────────────────────────────
[1m[4mComplexity[22m[24m  [1m[4mLoss[22m[24m       [1m[4mScore[22m[24m      [1m[4mEquation[22m[24m
1           3.863e-01  0.000e+00  y = -0.084843
3           3.762e-01  1.332e-02  y = hotspot_rbf_max_proxy_scaled * 0.17606
5           3.743e-01  2.560e-03  y = -0.07143 - (hotspot_rbf_max_proxy_scaled * -0.17079)
7           3.739e-01  4.212e-04  y = gauss(fluence_rate_scaled) - 0.67286
8           3.717e-01  6.064e-03  y = (abs(fluence_rate_scaled) + -0.52711) * -0.28881
9           3.683e-01  9.202e-03  y = gauss((signed_angular_position_proxy_scaled - 0.48563)...
                                       * -15.82)
11          3.591e-01  1.267e-02  y = gauss((signed_angular_position_proxy_scaled - 0.48126)...
                                       * -11.798) - 0.16755
13          3.591e-01  2.485e-06  y = gauss((0.48078 - signed_angular_position_proxy_scaled)...
                                       / 0.085272) + -0.16739
15          3.513e-01  1.095e-02  y = (nearest_radial_boundary_fraction_proxy_scaled + 0.768...
                                      92) * gauss((signed_angular_position_proxy_scaled - 0.4806...
                                      1) / -0.070863)
17          3.407e-01  1.536e-02  y = ((nearest_radial_boundary_fraction_proxy_scaled + 0.96...
                                      687) * gauss((signed_angular_position_proxy_scaled - 0.478...
                                      29) / 0.079495)) - 0.18119
20          3.348e-01  5.774e-03  y = ((nearest_radial_boundary_fraction_proxy_scaled + abs(...
                                      nearest_radial_boundary_fraction_proxy_scaled)) * gauss((s...
                                      igned_angular_position_proxy_scaled - 0.47416) / 0.095991)...
                                      ) - 0.17169
21          3.277e-01  2.137e-02  y = ((nearest_radial_boundary_fraction_proxy_scaled + 1.17...
                                      55) * (gauss((signed_angular_position_proxy_scaled - 0.473...
                                      57) / -0.098098) - (nearest_angular_boundary_fraction_prox...
                                      y_scaled * 0.13958))) + -0.20998
23          3.277e-01  5.033e-06  y = (((nearest_radial_boundary_fraction_proxy_scaled + 1.1...
                                      755) * (gauss((signed_angular_position_proxy_scaled - 0.47...
                                      357) / -0.098098) - (nearest_angular_boundary_fraction_pro...
                                      xy_scaled * 0.13958))) + -0.20998) * 1.0032
24          3.169e-01  3.374e-02  y = ((gauss((0.47064 - signed_angular_position_proxy_scale...
                                      d) / -0.12414) - (nearest_angular_boundary_fraction_proxy_...
                                      scaled * 0.21203)) * (nearest_radial_boundary_fraction_pro...
                                      xy_scaled + abs(nearest_radial_boundary_fraction_proxy_sca...
                                      led))) + -0.1855
26          3.077e-01  1.467e-02  y = ((gauss((0.47859 - signed_angular_position_proxy_scale...
                                      d) / -0.10384) - 0.16123) * (((abs(nearest_radial_boundary...
                                      _fraction_proxy_scaled) + nearest_radial_boundary_fraction...
                                      _proxy_scaled) * nearest_angular_boundary_fraction_proxy_s...
                                      caled) * 1.6082)) + -0.22624
───────────────────────────────────────────────────────────────────────────────────────────────────
  - /net/scratch/j96317yn/NotebookCT3/outputs/11_tail_aware_localised_symbolic/iteration_1/stages/stage_tail_localised/search_state/pysr_runs/v11_i1_tail_aware_localised_residual/hall_of_fame.csv
