───────────────────────────────────────────────────────────────────────────────────────────────────
[1m[4mComplexity[22m[24m  [1m[4mLoss[22m[24m       [1m[4mScore[22m[24m      [1m[4mEquation[22m[24m
1           3.933e-01  0.000e+00  y = -0.033967
3           3.783e-01  1.951e-02  y = z_fraction_proxy_scaled * 0.20891
5           3.609e-01  2.353e-02  y = (nearest_axial_boundary_fraction_proxy_scaled * 0.3021...
                                      5) * rho_scaled
7           3.466e-01  2.012e-02  y = ((rho_scaled - nearest_radial_boundary_fraction_proxy_...
                                      scaled) * 0.23511) * nearest_axial_boundary_fraction_proxy...
                                      _scaled
8           3.466e-01  9.283e-05  y = (rho_within_case_z_scaled - nearest_radial_boundary_fr...
                                      action_proxy_scaled) * (0.23511 * nearest_axial_boundary_f...
                                      raction_proxy_scaled)
9           3.426e-01  1.155e-02  y = (rho_fraction_proxy_scaled - nearest_radial_boundary_f...
                                      raction_proxy_scaled) * ((nearest_axial_boundary_fraction_...
                                      proxy_scaled * 0.25422) + -0.070218)
11          3.323e-01  1.532e-02  y = (z_scaled * 0.19461) - (((signed_radial_position_proxy...
                                      _scaled - nearest_radial_boundary_fraction_proxy_scaled) *...
                                       nearest_axial_boundary_fraction_proxy_scaled) * -0.23161)
13          3.220e-01  1.568e-02  y = ((z_scaled + nearest_radial_boundary_fraction_proxy_sc...
                                      aled) - (((signed_radial_position_proxy_scaled - nearest_r...
                                      adial_boundary_fraction_proxy_scaled) * -1.4266) * nearest...
                                      _axial_boundary_fraction_proxy_scaled)) * 0.17821
15          3.196e-01  3.752e-03  y = (((z_scaled + nearest_radial_boundary_fraction_proxy_s...
                                      caled) - ((signed_radial_position_proxy_scaled - nearest_r...
                                      adial_boundary_fraction_proxy_scaled) * (nearest_axial_bou...
                                      ndary_fraction_proxy_scaled * -1.5169))) + -0.44793) * 0.1...
                                      7317
26          3.168e-01  8.070e-04  y = (((gauss(radial_angular_signed_interaction_proxy_scale...
                                      d) + ((-0.38779 - (nearest_axial_boundary_fraction_proxy_s...
                                      caled * -1.1413)) * (signed_radial_position_proxy_scaled -...
                                       nearest_radial_boundary_fraction_proxy_scaled))) + -1.120...
                                      9) - ((signed_radial_position_proxy_scaled * -0.27035) - s...
                                      igned_axial_position_proxy_scaled)) * 0.21906
28          3.161e-01  1.046e-03  y = (gauss(radial_angular_signed_interaction_proxy_scaled ...
                                      * theta_sin_scaled) + ((((-0.38779 - (nearest_axial_bounda...
                                      ry_fraction_proxy_scaled * -1.1413)) * (signed_radial_posi...
                                      tion_proxy_scaled - nearest_radial_boundary_fraction_proxy...
                                      _scaled)) + -1.1209) - ((signed_radial_position_proxy_scal...
                                      ed * -0.27035) - signed_axial_position_proxy_scaled))) * 0...
                                      .21906
30          3.160e-01  1.459e-04  y = ((gauss(radial_angular_signed_interaction_proxy_scaled...
                                       * 0.85554) + ((0.12121 - ((nearest_axial_boundary_fractio...
                                      n_proxy_scaled * -1.2177) + 0.60511)) * (signed_radial_pos...
                                      ition_proxy_scaled - nearest_radial_boundary_fraction_prox...
                                      y_scaled))) + (-1.2431 - ((signed_radial_position_proxy_sc...
                                      aled * -0.57676) - signed_axial_position_proxy_scaled))) *...
                                       0.20763
31          3.158e-01  7.752e-04  y = ((((signed_radial_position_proxy_scaled - nearest_radi...
                                      al_boundary_fraction_proxy_scaled) * (0.11599 - ((nearest_...
                                      axial_boundary_fraction_proxy_scaled * -1.2152) + 0.61033)...
                                      )) + abs(gauss(radial_angular_signed_interaction_proxy_sca...
                                      led))) + (-1.0328 - ((signed_radial_position_proxy_scaled ...
                                      * -0.53372) - signed_axial_position_proxy_scaled))) * 0.21...
                                      203
───────────────────────────────────────────────────────────────────────────────────────────────────
  - /net/scratch/j96317yn/NotebookCT3/outputs/10_signed_staged_residual_symbolic_pilot/iteration_1/stages/stage_geometry/search_state/pysr_runs/v10_i1_geometry_signed_residual_pilot/hall_of_fame.csv
