───────────────────────────────────────────────────────────────────────────────────────────────────
[1m[4mComplexity[22m[24m  [1m[4mLoss[22m[24m       [1m[4mScore[22m[24m      [1m[4mEquation[22m[24m
1           3.811e-01  0.000e+00  y = -0.048615
3           3.809e-01  1.880e-04  y = weight_loss_rate_std_scaled * 0.052217
5           3.668e-01  1.893e-02  y = nearest_radial_boundary_fraction_proxy_scaled * (fluen...
                                      ce_rate_mean_scaled * -0.17871)
7           3.651e-01  2.344e-03  y = ((nearest_radial_boundary_fraction_proxy_scaled * flue...
                                      nce_rate_mean_scaled) + 0.36573) * -0.18366
9           3.644e-01  8.776e-04  y = (((nearest_radial_boundary_fraction_proxy_scaled + 0.2...
                                      1183) * fluence_rate_mean_scaled) * -0.19324) - 0.065779
11          3.637e-01  9.417e-04  y = ((nearest_radial_boundary_fraction_proxy_scaled * (flu...
                                      ence_rate_mean_scaled * 3.5332)) - (-1.2035 - rho_scaled))...
                                       * -0.055179
13          3.577e-01  8.388e-03  y = nearest_radial_boundary_fraction_proxy_scaled * ((flue...
                                      nce_rate_mean_scaled * -0.21191) - ((rho_fraction_proxy_sc...
                                      aled - -0.79638) * (nearest_radial_boundary_fraction_proxy...
                                      _scaled * 0.04704)))
15          3.561e-01  2.279e-03  y = nearest_radial_boundary_fraction_proxy_scaled * ((flue...
                                      nce_rate_mean_scaled * -0.20906) - (0.086374 - (((-1.3517 ...
                                      - rho_fraction_proxy_scaled) * nearest_radial_boundary_fra...
                                      ction_proxy_scaled) * 0.049876)))
16          3.541e-01  5.429e-03  y = ((nearest_radial_boundary_fraction_proxy_scaled * -0.1...
                                      905) * fluence_rate_mean_scaled) - ((nearest_radial_bounda...
                                      ry_fraction_proxy_scaled - nearest_angular_boundary_fracti...
                                      on_proxy_scaled) * ((theta_cos_scaled * radial_angular_sig...
                                      ned_interaction_proxy_scaled) * 0.11671))
18          3.536e-01  7.418e-04  y = ((nearest_radial_boundary_fraction_proxy_scaled * (-0....
                                      19637 * fluence_rate_mean_scaled)) - (((nearest_radial_bou...
                                      ndary_fraction_proxy_scaled - nearest_angular_boundary_fra...
                                      ction_proxy_scaled) * (theta_cos_scaled * radial_angular_s...
                                      igned_interaction_proxy_scaled)) * 0.11207)) + -0.036213
20          3.533e-01  5.104e-04  y = ((nearest_radial_boundary_fraction_proxy_scaled * (flu...
                                      ence_rate_mean_scaled * -0.1905)) - ((nearest_radial_bound...
                                      ary_fraction_proxy_scaled - nearest_angular_boundary_fract...
                                      ion_proxy_scaled) * ((theta_cos_scaled * 0.1187) * radial_...
                                      angular_signed_interaction_proxy_scaled))) + (signed_axial...
                                      _position_proxy_scaled * -0.047607)
22          3.524e-01  1.163e-03  y = (nearest_radial_boundary_fraction_proxy_scaled * (-0.1...
                                      9637 * fluence_rate_mean_scaled)) - ((-0.034707 * (signed_...
                                      axial_position_proxy_scaled * nearest_axial_boundary_fract...
                                      ion_proxy_scaled)) + ((nearest_radial_boundary_fraction_pr...
                                      oxy_scaled - nearest_angular_boundary_fraction_proxy_scale...
                                      d) * (theta_cos_scaled * (radial_angular_signed_interactio...
                                      n_proxy_scaled * 0.11207))))
23          3.523e-01  3.310e-04  y = (nearest_radial_boundary_fraction_proxy_scaled * (flue...
                                      nce_rate_mean_scaled * -0.19569)) - ((((radial_angular_sig...
                                      ned_interaction_proxy_scaled * 0.1254) * theta_cos_scaled)...
                                       + ((-0.41768 - boundary_corner_proximity_proxy_scaled) * ...
                                      -0.07785)) * (nearest_radial_boundary_fraction_proxy_scale...
                                      d - nearest_angular_boundary_fraction_proxy_scaled))
24          3.484e-01  1.111e-02  y = (nearest_radial_boundary_fraction_proxy_scaled * (flue...
                                      nce_rate_mean_scaled * -0.192)) - (((nearest_radial_bounda...
                                      ry_fraction_proxy_scaled - nearest_angular_boundary_fracti...
                                      on_proxy_scaled) * (theta_cos_scaled * (radial_angular_sig...
                                      ned_interaction_proxy_scaled * 0.11732))) + ((signed_axial...
                                      _position_proxy_scaled * -0.0851) * (nearest_axial_boundar...
                                      y_fraction_proxy_scaled - fluence_rate_scaled)))
26          3.483e-01  2.110e-04  y = ((nearest_radial_boundary_fraction_proxy_scaled * (flu...
                                      ence_rate_mean_scaled * -0.19331)) - (((signed_axial_posit...
                                      ion_proxy_scaled * (nearest_axial_boundary_fraction_proxy_...
                                      scaled - fluence_rate_scaled)) * -0.083395) + (((nearest_r...
                                      adial_boundary_fraction_proxy_scaled - nearest_angular_bou...
                                      ndary_fraction_proxy_scaled) * (theta_cos_scaled * radial_...
                                      angular_signed_interaction_proxy_scaled)) * 0.11547))) - 0...
                                      .016982
───────────────────────────────────────────────────────────────────────────────────────────────────
  - /net/scratch/j96317yn/NotebookCT3/outputs/10_signed_staged_residual_symbolic_pilot/iteration_4/stages/stage_physical/search_state/pysr_runs/v10_i4_physical_signed_residual_pilot/hall_of_fame.csv
