───────────────────────────────────────────────────────────────────────────────────────────────────
[1m[4mComplexity[22m[24m  [1m[4mLoss[22m[24m       [1m[4mScore[22m[24m      [1m[4mEquation[22m[24m
1           3.933e-01  0.000e+00  y = -0.034132
3           3.783e-01  1.951e-02  y = signed_axial_position_proxy_scaled * 0.20891
5           3.609e-01  2.353e-02  y = rho_scaled * (nearest_axial_boundary_fraction_proxy_sc...
                                      aled * 0.30279)
7           3.466e-01  2.017e-02  y = (signed_radial_position_proxy_scaled - nearest_radial_...
                                      boundary_fraction_proxy_scaled) * (nearest_axial_boundary_...
                                      fraction_proxy_scaled * 0.23534)
9           3.327e-01  2.050e-02  y = ((nearest_axial_boundary_fraction_proxy_scaled * (sign...
                                      ed_radial_position_proxy_scaled - nearest_radial_boundary_...
                                      fraction_proxy_scaled)) + z_scaled) * 0.21989
11          3.289e-01  5.687e-03  y = (signed_axial_position_proxy_scaled + ((signed_radial_...
                                      position_proxy_scaled - nearest_radial_boundary_fraction_p...
                                      roxy_scaled) * (nearest_axial_boundary_fraction_proxy_scal...
                                      ed - 0.28316))) * 0.23078
13          3.220e-01  1.059e-02  y = ((z_scaled + nearest_radial_boundary_fraction_proxy_sc...
                                      aled) - ((signed_radial_position_proxy_scaled - nearest_ra...
                                      dial_boundary_fraction_proxy_scaled) * (nearest_axial_boun...
                                      dary_fraction_proxy_scaled * -1.4122))) * 0.17936
15          3.159e-01  9.660e-03  y = (z_scaled + (nearest_axial_boundary_fraction_proxy_sca...
                                      led * (signed_radial_position_proxy_scaled - (nearest_radi...
                                      al_boundary_fraction_proxy_scaled * ((nearest_axial_bounda...
                                      ry_fraction_proxy_scaled * -0.76107) - -1.1395))))) * 0.22...
                                      878
17          3.113e-01  7.273e-03  y = ((nearest_axial_boundary_fraction_proxy_scaled * (sign...
                                      ed_radial_position_proxy_scaled - nearest_radial_boundary_...
                                      fraction_proxy_scaled)) * ((nearest_axial_boundary_fractio...
                                      n_proxy_scaled * -0.15424) - -0.27145)) + ((signed_axial_p...
                                      osition_proxy_scaled + rho_scaled) * 0.17344)
19          3.078e-01  5.646e-03  y = (((signed_radial_position_proxy_scaled - nearest_radia...
                                      l_boundary_fraction_proxy_scaled) * (((nearest_axial_bound...
                                      ary_fraction_proxy_scaled * -0.88149) - -1.5973) * nearest...
                                      _axial_boundary_fraction_proxy_scaled)) + (signed_axial_po...
                                      sition_proxy_scaled - (0.5399 - rho_scaled))) * 0.1757
21          3.076e-01  3.221e-04  y = (((nearest_axial_boundary_fraction_proxy_scaled * -0.1...
                                      5593) - -0.27904) * (((signed_radial_position_proxy_scaled...
                                       - nearest_radial_boundary_fraction_proxy_scaled) * neares...
                                      t_axial_boundary_fraction_proxy_scaled) + -0.30446)) - (((...
                                      rho_scaled * -0.88791) - signed_axial_position_proxy_scale...
                                      d) * 0.1848)
22          3.032e-01  1.429e-02  y = (((((signed_radial_position_proxy_scaled - nearest_rad...
                                      ial_boundary_fraction_proxy_scaled) * nearest_axial_bounda...
                                      ry_fraction_proxy_scaled) * ((nearest_axial_boundary_fract...
                                      ion_proxy_scaled * -0.60811) - -1.5917)) + signed_axial_po...
                                      sition_proxy_scaled) - abs(theta_sin_scaled - nearest_angu...
                                      lar_boundary_fraction_proxy_scaled)) * 0.17711
23          3.032e-01  1.891e-05  y = ((signed_axial_position_proxy_scaled - abs(theta_sin_w...
                                      ithin_case_z_scaled - nearest_angular_boundary_fraction_pr...
                                      oxy_scaled)) + ((nearest_axial_boundary_fraction_proxy_sca...
                                      led * ((nearest_axial_boundary_fraction_proxy_scaled * -0....
                                      58705) - -1.5879)) * (signed_radial_position_proxy_scaled ...
                                      - nearest_radial_boundary_fraction_proxy_scaled))) * 0.178...
                                      51
24          3.016e-01  5.432e-03  y = (((nearest_axial_boundary_fraction_proxy_scaled * (((n...
                                      earest_axial_boundary_fraction_proxy_scaled * -0.51156) - ...
                                      -1.3505) * (signed_radial_position_proxy_scaled - nearest_...
                                      radial_boundary_fraction_proxy_scaled))) + (signed_axial_p...
                                      osition_proxy_scaled - abs(theta_sin_scaled - nearest_angu...
                                      lar_boundary_fraction_proxy_scaled))) * 0.20387) + 0.07914...
                                      6
25          3.001e-01  5.063e-03  y = gauss((nearest_axial_boundary_fraction_proxy_scaled + ...
                                      1.4619) * -3.0972) - ((0.25664 - ((nearest_axial_boundary_...
                                      fraction_proxy_scaled * 0.22247) * ((rho_scaled - nearest_...
                                      radial_boundary_fraction_proxy_scaled) + 1.0059))) + (z_sc...
                                      aled * -0.17971))
27          2.940e-01  1.016e-02  y = (gauss((nearest_axial_boundary_fraction_proxy_scaled +...
                                       1.4852) * -2.9619) - ((0.17437 - (nearest_axial_boundary_...
                                      fraction_proxy_scaled * 0.22606)) * ((rho_fraction_proxy_s...
                                      caled - nearest_radial_boundary_fraction_proxy_scaled) + 1...
                                      .1813))) + ((z_scaled + rho_fraction_proxy_scaled) * 0.194...
                                      88)
29          2.910e-01  5.160e-03  y = gauss((nearest_axial_boundary_fraction_proxy_scaled + ...
                                      1.4931) * 2.8806) - (((z_scaled + (theta_fraction_proxy_sc...
                                      aled * theta_cos_scaled)) * -0.15503) + (((0.36449 - neare...
                                      st_axial_boundary_fraction_proxy_scaled) * 0.23307) * ((1....
                                      0418 - nearest_radial_boundary_fraction_proxy_scaled) + rh...
                                      o_scaled)))
31          2.905e-01  8.047e-04  y = gauss((nearest_axial_boundary_fraction_proxy_scaled + ...
                                      1.4766) * 2.8735) - ((((theta_fraction_proxy_scaled * thet...
                                      a_cos_scaled) + (z_scaled - 0.3463)) * -0.14387) + (((0.32...
                                      087 - nearest_axial_boundary_fraction_proxy_scaled) * (rho...
                                      _fraction_proxy_scaled + (1.028 - nearest_radial_boundary_...
                                      fraction_proxy_scaled))) * 0.23535))
───────────────────────────────────────────────────────────────────────────────────────────────────
  - /net/scratch/j96317yn/NotebookCT3/outputs/10_signed_staged_residual_symbolic_pilot/iteration_1/stages/stage_geometry/search_state/pysr_runs/v10_i1_geometry_signed_residual_pilot/hall_of_fame.csv
