───────────────────────────────────────────────────────────────────────────────────────────────────
[1m[4mComplexity[22m[24m  [1m[4mLoss[22m[24m       [1m[4mScore[22m[24m      [1m[4mEquation[22m[24m
1           3.929e-01  0.000e+00  y = -0.032535
3           3.784e-01  1.887e-02  y = z_scaled * 0.20546
5           3.602e-01  2.457e-02  y = rho_scaled * (nearest_axial_boundary_fraction_proxy_sc...
                                      aled * 0.3026)
7           3.465e-01  1.936e-02  y = ((signed_radial_position_proxy_scaled - nearest_radial...
                                      _boundary_fraction_proxy_scaled) * nearest_axial_boundary_...
                                      fraction_proxy_scaled) * 0.23314
9           3.331e-01  1.972e-02  y = (((signed_radial_position_proxy_scaled - nearest_radia...
                                      l_boundary_fraction_proxy_scaled) * nearest_axial_boundary...
                                      _fraction_proxy_scaled) + signed_axial_position_proxy_scal...
                                      ed) * 0.21768
11          3.280e-01  7.831e-03  y = (((nearest_axial_boundary_fraction_proxy_scaled * (nea...
                                      rest_axial_boundary_fraction_proxy_scaled + rho_fraction_p...
                                      roxy_scaled)) + z_scaled) - 1.1814) * 0.24919
12          3.280e-01  2.605e-05  y = (((nearest_axial_boundary_fraction_proxy_scaled + rho_...
                                      within_case_z_scaled) * nearest_axial_boundary_fraction_pr...
                                      oxy_scaled) + (z_scaled - 1.1814)) * 0.24919
13          3.162e-01  3.658e-02  y = ((z_scaled - 1.3685) + (nearest_axial_boundary_fractio...
                                      n_proxy_scaled * (signed_radial_position_proxy_scaled + (n...
                                      earest_axial_boundary_fraction_proxy_scaled - nearest_radi...
                                      al_boundary_fraction_proxy_scaled)))) * 0.21651
15          3.125e-01  5.809e-03  y = ((nearest_axial_boundary_fraction_proxy_scaled * (rho_...
                                      fraction_proxy_scaled + ((nearest_axial_boundary_fraction_...
                                      proxy_scaled * (nearest_radial_boundary_fraction_proxy_sca...
                                      led + 1.0579)) - nearest_radial_boundary_fraction_proxy_sc...
                                      aled))) + -1.4064) * 0.23121
17          3.016e-01  1.786e-02  y = ((signed_axial_position_proxy_scaled - 1.4745) + (near...
                                      est_axial_boundary_fraction_proxy_scaled * (rho_fraction_p...
                                      roxy_scaled + ((nearest_axial_boundary_fraction_proxy_scal...
                                      ed * (nearest_radial_boundary_fraction_proxy_scaled + 1.12...
                                      43)) - nearest_radial_boundary_fraction_proxy_scaled)))) *...
                                       0.2137
19          2.997e-01  3.094e-03  y = ((signed_axial_position_proxy_scaled - 1.3487) + (((rh...
                                      o_fraction_proxy_scaled + (((nearest_radial_boundary_fract...
                                      ion_proxy_scaled * 0.72231) + 1.0039) * nearest_axial_boun...
                                      dary_fraction_proxy_scaled)) - nearest_radial_boundary_fra...
                                      ction_proxy_scaled) * nearest_axial_boundary_fraction_prox...
                                      y_scaled)) * 0.23051
20          2.997e-01  9.839e-06  y = 0.23051 * ((signed_axial_position_proxy_scaled - 1.348...
                                      7) + (((rho_within_case_z_scaled + (((nearest_radial_bound...
                                      ary_fraction_proxy_scaled * 0.72231) + 1.0039) * nearest_a...
                                      xial_boundary_fraction_proxy_scaled)) - nearest_radial_bou...
                                      ndary_fraction_proxy_scaled) * nearest_axial_boundary_frac...
                                      tion_proxy_scaled))
21          2.993e-01  1.318e-03  y = (((((rho_fraction_proxy_scaled + 0.12858) + (((nearest...
                                      _radial_boundary_fraction_proxy_scaled * 0.74996) + 0.9914...
                                      ) * nearest_axial_boundary_fraction_proxy_scaled)) - neare...
                                      st_radial_boundary_fraction_proxy_scaled) * nearest_axial_...
                                      boundary_fraction_proxy_scaled) + (signed_axial_position_p...
                                      roxy_scaled - 1.329)) * 0.23265
23          2.970e-01  3.889e-03  y = ((tanh(signed_axial_position_proxy_scaled) + ((rho_fra...
                                      ction_proxy_scaled + ((((nearest_radial_boundary_fraction_...
                                      proxy_scaled * 0.68328) + 0.8895) * nearest_axial_boundary...
                                      _fraction_proxy_scaled) - nearest_radial_boundary_fraction...
                                      _proxy_scaled)) * nearest_axial_boundary_fraction_proxy_sc...
                                      aled)) - 1.2387) * 0.25807
24          2.970e-01  1.323e-06  y = ((tanh(z_within_case_z_scaled) - 1.2387) + (((rho_frac...
                                      tion_proxy_scaled + (((nearest_radial_boundary_fraction_pr...
                                      oxy_scaled * 0.68328) + 0.8895) * nearest_axial_boundary_f...
                                      raction_proxy_scaled)) - nearest_radial_boundary_fraction_...
                                      proxy_scaled) * nearest_axial_boundary_fraction_proxy_scal...
                                      ed)) * 0.25807
25          2.964e-01  1.828e-03  y = ((tanh(signed_axial_position_proxy_scaled) - 1.2421) +...
                                       (((rho_fraction_proxy_scaled - nearest_radial_boundary_fr...
                                      action_proxy_scaled) + ((nearest_axial_boundary_fraction_p...
                                      roxy_scaled + 0.12949) * ((nearest_radial_boundary_fractio...
                                      n_proxy_scaled * 0.6955) + 0.89473))) * nearest_axial_boun...
                                      dary_fraction_proxy_scaled)) * 0.25808
26          2.964e-01  1.808e-05  y = ((tanh(z_within_case_z_scaled) - 1.1374) + ((((nearest...
                                      _axial_boundary_fraction_proxy_scaled + 0.21996) * ((neare...
                                      st_radial_boundary_fraction_proxy_scaled * 0.66606) + 0.81...
                                      105)) + (rho_fraction_proxy_scaled - nearest_radial_bounda...
                                      ry_fraction_proxy_scaled)) * nearest_axial_boundary_fracti...
                                      on_proxy_scaled)) * 0.26913
29          2.963e-01  1.033e-04  y = (((tanh(z_scaled) - 1.2421) + ((rho_fraction_proxy_sca...
                                      led + (((nearest_axial_boundary_fraction_proxy_scaled + 0....
                                      12949) * ((nearest_radial_boundary_fraction_proxy_scaled *...
                                       0.6955) + 0.89473)) - nearest_radial_boundary_fraction_pr...
                                      oxy_scaled)) * nearest_axial_boundary_fraction_proxy_scale...
                                      d)) * 0.25808) / 0.96618
───────────────────────────────────────────────────────────────────────────────────────────────────
  - /net/scratch/j96317yn/NotebookCT3/outputs/10_signed_staged_residual_symbolic_pilot/iteration_3/stages/stage_geometry/search_state/pysr_runs/v10_i3_geometry_signed_residual_pilot/hall_of_fame.csv
