───────────────────────────────────────────────────────────────────────────────────────────────────
[1m[4mComplexity[22m[24m  [1m[4mLoss[22m[24m       [1m[4mScore[22m[24m      [1m[4mEquation[22m[24m
1           3.937e-01  0.000e+00  y = -0.031887
3           3.795e-01  1.836e-02  y = z_scaled * 0.20283
5           3.597e-01  2.682e-02  y = rho_scaled * (nearest_axial_boundary_fraction_proxy_sc...
                                      aled * 0.30936)
7           3.450e-01  2.085e-02  y = nearest_axial_boundary_fraction_proxy_scaled * ((signe...
                                      d_radial_position_proxy_scaled - nearest_radial_boundary_f...
                                      raction_proxy_scaled) * 0.23801)
9           3.320e-01  1.913e-02  y = ((nearest_axial_boundary_fraction_proxy_scaled * (near...
                                      est_radial_boundary_fraction_proxy_scaled - rho_fraction_p...
                                      roxy_scaled)) - signed_axial_position_proxy_scaled) * -0.2...
                                      2004
10          3.320e-01  3.374e-06  y = (((nearest_radial_boundary_fraction_proxy_scaled - rho...
                                      _within_case_z_scaled) * nearest_axial_boundary_fraction_p...
                                      roxy_scaled) - signed_axial_position_proxy_scaled) * -0.22...
                                      01
11          3.281e-01  1.208e-02  y = ((nearest_axial_boundary_fraction_proxy_scaled * (near...
                                      est_radial_boundary_fraction_proxy_scaled - rho_fraction_p...
                                      roxy_scaled)) - (nearest_radial_boundary_fraction_proxy_sc...
                                      aled + z_scaled)) * -0.21448
13          3.214e-01  1.020e-02  y = ((nearest_axial_boundary_fraction_proxy_scaled * ((nea...
                                      rest_radial_boundary_fraction_proxy_scaled - (nearest_radi...
                                      al_boundary_fraction_proxy_scaled * nearest_axial_boundary...
                                      _fraction_proxy_scaled)) - rho_scaled)) - signed_axial_pos...
                                      ition_proxy_scaled) * -0.22146
15          3.155e-01  9.380e-03  y = (((nearest_axial_boundary_fraction_proxy_scaled * ((ne...
                                      arest_radial_boundary_fraction_proxy_scaled + (nearest_axi...
                                      al_boundary_fraction_proxy_scaled * -1.1075)) - rho_fracti...
                                      on_proxy_scaled)) - signed_axial_position_proxy_scaled) - ...
                                      -1.4771) * -0.2131
17          3.154e-01  1.626e-04  y = (((((-0.25159 - (nearest_radial_boundary_fraction_prox...
                                      y_scaled * (nearest_axial_boundary_fraction_proxy_scaled +...
                                       -1.4413))) - rho_scaled) * nearest_axial_boundary_fractio...
                                      n_proxy_scaled) + 0.41692) - signed_axial_position_proxy_s...
                                      caled) * -0.2046
18          3.123e-01  9.729e-03  y = ((abs(rho_fraction_proxy_scaled) + ((((nearest_axial_b...
                                      oundary_fraction_proxy_scaled * -0.61149) - rho_fraction_p...
                                      roxy_scaled) + nearest_radial_boundary_fraction_proxy_scal...
                                      ed) * nearest_axial_boundary_fraction_proxy_scaled)) - z_f...
                                      raction_proxy_scaled) * -0.22967
19          3.041e-01  2.670e-02  y = (((((nearest_radial_boundary_fraction_proxy_scaled + (...
                                      ((-1.1135 - nearest_radial_boundary_fraction_proxy_scaled)...
                                       * nearest_axial_boundary_fraction_proxy_scaled) + -0.2464...
                                      2)) - rho_fraction_proxy_scaled) * nearest_axial_boundary_...
                                      fraction_proxy_scaled) - signed_axial_position_proxy_scale...
                                      d) - -1.4593) * -0.21121
21          3.041e-01  5.692e-06  y = ((((((nearest_radial_boundary_fraction_proxy_scaled + ...
                                      (nearest_axial_boundary_fraction_proxy_scaled * -1.0667)) ...
                                      - (nearest_radial_boundary_fraction_proxy_scaled * (neares...
                                      t_axial_boundary_fraction_proxy_scaled + -0.23405))) - rho...
                                      _fraction_proxy_scaled) * nearest_axial_boundary_fraction_...
                                      proxy_scaled) - signed_axial_position_proxy_scaled) * -0.2...
                                      1394) - 0.30126
22          2.967e-01  2.472e-02  y = ((abs(signed_angular_position_proxy_scaled - (nearest_...
                                      angular_boundary_fraction_proxy_scaled + nearest_radial_bo...
                                      undary_fraction_proxy_scaled)) + (nearest_axial_boundary_f...
                                      raction_proxy_scaled * ((nearest_radial_boundary_fraction_...
                                      proxy_scaled + (nearest_axial_boundary_fraction_proxy_scal...
                                      ed * -0.89106)) - rho_fraction_proxy_scaled))) - signed_ax...
                                      ial_position_proxy_scaled) * -0.22238
24          2.953e-01  2.266e-03  y = (abs((theta_sin_scaled - -0.39678) - (nearest_angular_...
                                      boundary_fraction_proxy_scaled + nearest_radial_boundary_f...
                                      raction_proxy_scaled)) + ((nearest_axial_boundary_fraction...
                                      _proxy_scaled * (nearest_radial_boundary_fraction_proxy_sc...
                                      aled + ((nearest_axial_boundary_fraction_proxy_scaled * -0...
                                      .8486) - rho_fraction_proxy_scaled))) - signed_axial_posit...
                                      ion_proxy_scaled)) * -0.22429
25          2.953e-01  2.369e-05  y = ((abs((theta_sin_within_case_z_scaled - -0.38191) - (n...
                                      earest_angular_boundary_fraction_proxy_scaled + nearest_ra...
                                      dial_boundary_fraction_proxy_scaled)) + (nearest_axial_bou...
                                      ndary_fraction_proxy_scaled * (((nearest_axial_boundary_fr...
                                      action_proxy_scaled * -0.84896) + nearest_radial_boundary_...
                                      fraction_proxy_scaled) - rho_fraction_proxy_scaled))) - si...
                                      gned_axial_position_proxy_scaled) * -0.22116
26          2.890e-01  2.148e-02  y = (abs(signed_angular_position_proxy_scaled - (nearest_a...
                                      ngular_boundary_fraction_proxy_scaled + nearest_radial_bou...
                                      ndary_fraction_proxy_scaled)) + ((nearest_axial_boundary_f...
                                      raction_proxy_scaled * (((nearest_radial_boundary_fraction...
                                      _proxy_scaled + (nearest_axial_boundary_fraction_proxy_sca...
                                      led * -0.90931)) - (nearest_axial_boundary_fraction_proxy_...
                                      scaled * nearest_radial_boundary_fraction_proxy_scaled)) -...
                                       rho_fraction_proxy_scaled)) - z_fraction_proxy_scaled)) *...
                                       -0.21324
28          2.883e-01  1.323e-03  y = (abs(signed_angular_position_proxy_scaled - (nearest_a...
                                      ngular_boundary_fraction_proxy_scaled + nearest_radial_bou...
                                      ndary_fraction_proxy_scaled)) + ((nearest_axial_boundary_f...
                                      raction_proxy_scaled * ((nearest_radial_boundary_fraction_...
                                      proxy_scaled + (((nearest_axial_boundary_fraction_proxy_sc...
                                      aled * -0.89147) - (nearest_axial_boundary_fraction_proxy_...
                                      scaled * nearest_radial_boundary_fraction_proxy_scaled)) -...
                                       rho_fraction_proxy_scaled)) - rho_fraction_proxy_scaled))...
                                       - z_fraction_proxy_scaled)) * -0.17507
29          2.881e-01  6.088e-04  y = (abs(signed_angular_position_proxy_scaled - (nearest_a...
                                      ngular_boundary_fraction_proxy_scaled + nearest_radial_bou...
                                      ndary_fraction_proxy_scaled)) + ((nearest_axial_boundary_f...
                                      raction_proxy_scaled * (((nearest_radial_boundary_fraction...
                                      _proxy_scaled + (nearest_axial_boundary_fraction_proxy_sca...
                                      led * -0.8883)) - (nearest_axial_boundary_fraction_proxy_s...
                                      caled * nearest_radial_boundary_fraction_proxy_scaled)) - ...
                                      rho_fraction_proxy_scaled)) - (z_within_case_z_scaled * 0....
                                      74755))) * -0.22083
30          2.836e-01  1.573e-02  y = (((nearest_axial_boundary_fraction_proxy_scaled * (((n...
                                      earest_axial_boundary_fraction_proxy_scaled * -0.97608) - ...
                                      (nearest_axial_boundary_fraction_proxy_scaled * nearest_ra...
                                      dial_boundary_fraction_proxy_scaled)) + ((nearest_radial_b...
                                      oundary_fraction_proxy_scaled + -0.16281) - rho_fraction_p...
                                      roxy_scaled))) + abs((theta_sin_scaled - (nearest_angular_...
                                      boundary_fraction_proxy_scaled + nearest_radial_boundary_f...
                                      raction_proxy_scaled)) - 0.61413)) - signed_axial_position...
                                      _proxy_scaled) * -0.22914
31          2.836e-01  1.305e-05  y = (abs(0.63026 - (theta_sin_scaled - (nearest_angular_bo...
                                      undary_fraction_proxy_scaled + nearest_radial_boundary_fra...
                                      ction_proxy_scaled))) + (((((-0.1415 - rho_within_case_z_s...
                                      caled) + ((nearest_axial_boundary_fraction_proxy_scaled * ...
                                      -0.9969) - (nearest_radial_boundary_fraction_proxy_scaled ...
                                      * nearest_axial_boundary_fraction_proxy_scaled))) + neares...
                                      t_radial_boundary_fraction_proxy_scaled) * nearest_axial_b...
                                      oundary_fraction_proxy_scaled) - signed_axial_position_pro...
                                      xy_scaled)) * -0.22735
32          2.835e-01  1.501e-04  y = (((abs(0.58699 - (theta_sin_scaled - (nearest_angular_...
                                      boundary_fraction_proxy_scaled + nearest_radial_boundary_f...
                                      raction_proxy_scaled))) + (nearest_axial_boundary_fraction...
                                      _proxy_scaled * ((nearest_radial_boundary_fraction_proxy_s...
                                      caled + ((nearest_axial_boundary_fraction_proxy_scaled * -...
                                      1.0349) - (nearest_radial_boundary_fraction_proxy_scaled *...
                                       nearest_axial_boundary_fraction_proxy_scaled))) + (-0.160...
                                      36 - rho_fraction_proxy_scaled)))) - signed_axial_position...
                                      _proxy_scaled) - -0.075552) * -0.22698
───────────────────────────────────────────────────────────────────────────────────────────────────
  - /net/scratch/j96317yn/NotebookCT3/outputs/10_signed_staged_residual_symbolic_pilot/iteration_4/stages/stage_geometry/search_state/pysr_runs/v10_i4_geometry_signed_residual_pilot/hall_of_fame.csv
