───────────────────────────────────────────────────────────────────────────────────────────────────
[1m[4mComplexity[22m[24m  [1m[4mLoss[22m[24m       [1m[4mScore[22m[24m      [1m[4mEquation[22m[24m
1           3.811e-01  0.000e+00  y = -0.024749
3           3.803e-01  1.051e-03  y = nearest_angular_boundary_fraction_proxy_scaled * 0.055...
                                      21
4           3.799e-01  9.781e-04  y = fluence_rate_within_case_z_scaled * -0.060081
5           3.697e-01  2.718e-02  y = (theta_cos_scaled * -0.14148) * nearest_angular_bounda...
                                      ry_fraction_proxy_scaled
7           3.654e-01  5.918e-03  y = -0.23092 * ((nearest_angular_boundary_fraction_proxy_s...
                                      caled + 0.72986) * theta_cos_scaled)
9           3.650e-01  5.549e-04  y = (((nearest_angular_boundary_fraction_proxy_scaled + 0....
                                      72986) * theta_cos_scaled) + 0.15425) * -0.23092
10          3.649e-01  2.907e-04  y = ((boundary_corner_proximity_proxy_scaled + 0.9826) + n...
                                      earest_angular_boundary_fraction_proxy_scaled) * (theta_co...
                                      s_scaled * -0.15026)
11          3.610e-01  1.058e-02  y = (((theta_cos_scaled + nearest_radial_boundary_fraction...
                                      _proxy_scaled) + -0.020964) * (nearest_angular_boundary_fr...
                                      action_proxy_scaled + 0.42469)) * -0.15968
13          3.541e-01  9.692e-03  y = (((theta_cos_scaled + fluence_rate_scaled) + nearest_a...
                                      ngular_boundary_fraction_proxy_scaled) * -0.092744) * ((th...
                                      eta_cos_scaled + nearest_radial_boundary_fraction_proxy_sc...
                                      aled) + 0.67215)
15          3.527e-01  1.984e-03  y = (((theta_cos_scaled + fluence_rate_scaled) * -0.11044)...
                                       + (nearest_angular_boundary_fraction_proxy_scaled * -0.12...
                                      33)) * ((theta_cos_scaled + nearest_radial_boundary_fracti...
                                      on_proxy_scaled) + 0.74797)
17          3.497e-01  4.253e-03  y = ((theta_cos_scaled + (nearest_radial_boundary_fraction...
                                      _proxy_scaled + 0.68443)) * (((fluence_rate_scaled + neare...
                                      st_radial_boundary_fraction_proxy_scaled) + (theta_cos_sca...
                                      led + nearest_angular_boundary_fraction_proxy_scaled)) * -...
                                      0.10948)) - -0.13087
19          3.488e-01  1.272e-03  y = ((((fluence_rate_scaled + (nearest_radial_boundary_fra...
                                      ction_proxy_scaled * 0.57085)) + (nearest_angular_boundary...
                                      _fraction_proxy_scaled + theta_cos_scaled)) * ((nearest_ra...
                                      dial_boundary_fraction_proxy_scaled + theta_cos_scaled) + ...
                                      0.72722)) * -0.1187) - -0.10247
21          3.488e-01  7.107e-05  y = ((((fluence_rate_scaled + (nearest_radial_boundary_fra...
                                      ction_proxy_scaled * 0.68534)) + nearest_angular_boundary_...
                                      fraction_proxy_scaled) + (theta_cos_scaled * 0.83691)) * (...
                                      (theta_cos_scaled + (nearest_radial_boundary_fraction_prox...
                                      y_scaled + 0.63552)) * -0.12273)) - -0.10151
22          3.485e-01  7.394e-04  y = (((theta_cos_scaled + (fluence_rate_scaled + 0.17939))...
                                       + nearest_angular_boundary_fraction_proxy_scaled) * (((th...
                                      eta_cos_scaled + nearest_radial_boundary_fraction_proxy_sc...
                                      aled) + gauss(radial_angular_signed_interaction_proxy_scal...
                                      ed)) * -0.11342)) - -0.067624
23          3.458e-01  7.663e-03  y = ((((fluence_rate_scaled + nearest_radial_boundary_frac...
                                      tion_proxy_scaled) * 0.70407) + (nearest_angular_boundary_...
                                      fraction_proxy_scaled + (theta_cos_scaled * gauss(nearest_...
                                      radial_boundary_fraction_proxy_scaled)))) * ((theta_cos_sc...
                                      aled + nearest_radial_boundary_fraction_proxy_scaled) * -0...
                                      .12607)) - -0.10762
25          3.404e-01  7.877e-03  y = (((fluence_rate_scaled * 0.78641) + ((nearest_radial_b...
                                      oundary_fraction_proxy_scaled + nearest_angular_boundary_f...
                                      raction_proxy_scaled) + (theta_cos_scaled * gauss(nearest_...
                                      radial_boundary_fraction_proxy_scaled)))) * (((theta_cos_s...
                                      caled + nearest_radial_boundary_fraction_proxy_scaled) + 0...
                                      .47109) * -0.1529)) - -0.15676
───────────────────────────────────────────────────────────────────────────────────────────────────
  - /net/scratch/j96317yn/NotebookCT3/outputs/10_signed_staged_residual_symbolic_pilot/iteration_3/stages/stage_physical/search_state/pysr_runs/v10_i3_physical_signed_residual_pilot/hall_of_fame.csv
