───────────────────────────────────────────────────────────────────────────────────────────────────
[1m[4mComplexity[22m[24m  [1m[4mLoss[22m[24m       [1m[4mScore[22m[24m      [1m[4mEquation[22m[24m
1           3.933e-01  0.000e+00  y = -0.034154
3           3.783e-01  1.951e-02  y = signed_axial_position_proxy_scaled * 0.20891
5           3.609e-01  2.353e-02  y = rho_scaled * (nearest_axial_boundary_fraction_proxy_sc...
                                      aled * 0.30279)
7           3.466e-01  2.017e-02  y = ((signed_radial_position_proxy_scaled - nearest_radial...
                                      _boundary_fraction_proxy_scaled) * nearest_axial_boundary_...
                                      fraction_proxy_scaled) * 0.23568
9           3.327e-01  2.050e-02  y = ((nearest_axial_boundary_fraction_proxy_scaled * (sign...
                                      ed_radial_position_proxy_scaled - nearest_radial_boundary_...
                                      fraction_proxy_scaled)) + z_scaled) * 0.21989
11          3.299e-01  4.129e-03  y = ((((signed_radial_position_proxy_scaled - nearest_radi...
                                      al_boundary_fraction_proxy_scaled) * nearest_axial_boundar...
                                      y_fraction_proxy_scaled) + signed_axial_position_proxy_sca...
                                      led) - 0.45964) * 0.22833
13          3.220e-01  1.215e-02  y = ((z_scaled + nearest_radial_boundary_fraction_proxy_sc...
                                      aled) - ((signed_radial_position_proxy_scaled - nearest_ra...
                                      dial_boundary_fraction_proxy_scaled) * (nearest_axial_boun...
                                      dary_fraction_proxy_scaled * -1.4122))) * 0.17968
15          3.184e-01  5.612e-03  y = (((((nearest_axial_boundary_fraction_proxy_scaled * -0...
                                      .51717) - -1.4347) * (signed_radial_position_proxy_scaled ...
                                      - nearest_radial_boundary_fraction_proxy_scaled)) * neares...
                                      t_axial_boundary_fraction_proxy_scaled) + signed_axial_pos...
                                      ition_proxy_scaled) * 0.19332
17          3.130e-01  8.614e-03  y = ((signed_axial_position_proxy_scaled + ((signed_radial...
                                      _position_proxy_scaled - (nearest_radial_boundary_fraction...
                                      _proxy_scaled * ((nearest_axial_boundary_fraction_proxy_sc...
                                      aled * -0.71884) - -1.1553))) * nearest_axial_boundary_fra...
                                      ction_proxy_scaled)) - 0.3815) * 0.22918
19          3.079e-01  8.266e-03  y = ((nearest_axial_boundary_fraction_proxy_scaled * (((ne...
                                      arest_axial_boundary_fraction_proxy_scaled * -0.90286) - -...
                                      1.636) * (signed_radial_position_proxy_scaled - nearest_ra...
                                      dial_boundary_fraction_proxy_scaled))) + (z_scaled - (0.55...
                                      238 - rho_fraction_proxy_scaled))) * 0.17199
20          3.078e-01  5.837e-05  y = ((((signed_radial_position_proxy_scaled - nearest_radi...
                                      al_boundary_fraction_proxy_scaled) * (((nearest_axial_boun...
                                      dary_fraction_proxy_scaled * -0.90286) - -1.636) * nearest...
                                      _axial_boundary_fraction_proxy_scaled)) + signed_axial_pos...
                                      ition_proxy_scaled) - (0.55238 - rho_within_case_z_scaled)...
                                      ) * 0.17199
21          3.078e-01  4.229e-05  y = (((signed_radial_position_proxy_scaled - nearest_radia...
                                      l_boundary_fraction_proxy_scaled) * (((nearest_axial_bound...
                                      ary_fraction_proxy_scaled * -0.154) - -0.27649) * nearest_...
                                      axial_boundary_fraction_proxy_scaled)) + -0.090893) - (((r...
                                      ho_scaled * -1.0014) - signed_axial_position_proxy_scaled)...
                                       * 0.17706)
23          3.063e-01  2.523e-03  y = (signed_axial_position_proxy_scaled + ((nearest_axial_...
                                      boundary_fraction_proxy_scaled * ((signed_radial_position_...
                                      proxy_scaled - nearest_radial_boundary_fraction_proxy_scal...
                                      ed) * ((nearest_axial_boundary_fraction_proxy_scaled * -0....
                                      90286) - -1.636))) - (abs(nearest_angular_boundary_fractio...
                                      n_proxy_scaled) - rho_within_case_z_scaled))) * 0.17199
28          2.962e-01  6.694e-03  y = gauss((nearest_axial_boundary_fraction_proxy_scaled + ...
                                      1.5122) * -2.7876) - (((0.16857 - (nearest_axial_boundary_...
                                      fraction_proxy_scaled * 0.24463)) * ((rho_within_case_z_sc...
                                      aled - nearest_radial_boundary_fraction_proxy_scaled) + 1....
                                      1784)) + ((signed_radial_position_proxy_scaled + z_scaled)...
                                       * -0.22404))
31          2.960e-01  1.968e-04  y = (gauss((nearest_axial_boundary_fraction_proxy_scaled +...
                                       0.61234) * 1.6106) * -0.82696) - (((signed_radial_positio...
                                      n_proxy_scaled - (z_scaled * -0.80706)) * -0.21542) + ((0....
                                      17737 - (nearest_axial_boundary_fraction_proxy_scaled * 0....
                                      23578)) * ((rho_fraction_proxy_scaled - nearest_radial_bou...
                                      ndary_fraction_proxy_scaled) - 0.79455)))
───────────────────────────────────────────────────────────────────────────────────────────────────
  - /net/scratch/j96317yn/NotebookCT3/outputs/10_signed_staged_residual_symbolic_pilot/iteration_1/stages/stage_geometry/search_state/pysr_runs/v10_i1_geometry_signed_residual_pilot/hall_of_fame.csv
