───────────────────────────────────────────────────────────────────────────────────────────────────
[1m[4mComplexity[22m[24m  [1m[4mLoss[22m[24m       [1m[4mScore[22m[24m      [1m[4mEquation[22m[24m
1           3.756e-01  0.000e+00  y = -0.041154
3           3.684e-01  9.635e-03  y = nearest_radial_boundary_fraction_proxy_scaled * 0.1490...
                                      4
5           3.643e-01  5.618e-03  y = (theta_cos_scaled * -0.14474) * nearest_angular_bounda...
                                      ry_fraction_proxy_scaled
7           3.544e-01  1.385e-02  y = (fluence_rate_mean_scaled - 0.99638) * (nearest_radial...
                                      _boundary_fraction_proxy_scaled * -0.17115)
9           3.491e-01  7.473e-03  y = (((nearest_angular_boundary_fraction_proxy_scaled + fl...
                                      uence_rate_mean_scaled) + -1.0739) * -0.14686) * nearest_r...
                                      adial_boundary_fraction_proxy_scaled
10          3.469e-01  6.445e-03  y = nearest_radial_boundary_fraction_proxy_scaled * ((flue...
                                      nce_rate_mean_scaled - abs(signed_angular_position_proxy_s...
                                      caled)) * -0.19037)
11          3.447e-01  6.252e-03  y = ((fluence_rate_mean_scaled + nearest_angular_boundary_...
                                      fraction_proxy_scaled) + nearest_radial_boundary_fraction_...
                                      proxy_scaled) * ((nearest_radial_boundary_fraction_proxy_s...
                                      caled + theta_cos_scaled) * -0.10391)
12          3.427e-01  5.677e-03  y = (nearest_radial_boundary_fraction_proxy_scaled * (abs(...
                                      signed_angular_position_proxy_scaled * nearest_axial_bound...
                                      ary_fraction_proxy_scaled) - fluence_rate_mean_scaled)) * ...
                                      0.20449
14          3.416e-01  1.622e-03  y = nearest_radial_boundary_fraction_proxy_scaled * ((abs(...
                                      nearest_axial_boundary_fraction_proxy_scaled) + (theta_fra...
                                      ction_proxy_scaled - (fluence_rate_mean_scaled + nearest_a...
                                      ngular_boundary_fraction_proxy_scaled))) * 0.15858)
15          3.395e-01  6.133e-03  y = ((theta_fraction_proxy_scaled + 1.018) - (nearest_angu...
                                      lar_boundary_fraction_proxy_scaled + fluence_rate_mean_sca...
                                      led)) * ((nearest_radial_boundary_fraction_proxy_scaled + ...
                                      (nearest_angular_boundary_fraction_proxy_scaled * 0.43981)...
                                      ) * 0.13902)
17          3.381e-01  2.064e-03  y = ((nearest_angular_boundary_fraction_proxy_scaled - the...
                                      ta_fraction_proxy_scaled) + (fluence_rate_mean_scaled + -0...
                                      .83481)) * ((nearest_radial_boundary_fraction_proxy_scaled...
                                       + ((nearest_angular_boundary_fraction_proxy_scaled + 0.40...
                                      423) * 0.53606)) * -0.14428)
18          3.345e-01  1.075e-02  y = (nearest_radial_boundary_fraction_proxy_scaled + (near...
                                      est_angular_boundary_fraction_proxy_scaled * 0.38968)) * (...
                                      ((abs(nearest_axial_boundary_fraction_proxy_scaled) + thet...
                                      a_fraction_proxy_scaled) - (nearest_angular_boundary_fract...
                                      ion_proxy_scaled + fluence_rate_mean_scaled)) * 0.15279)
20          3.344e-01  2.471e-04  y = ((((nearest_angular_boundary_fraction_proxy_scaled * 0...
                                      .37504) + nearest_radial_boundary_fraction_proxy_scaled) *...
                                       ((abs(nearest_axial_boundary_fraction_proxy_scaled) + sig...
                                      ned_angular_position_proxy_scaled) - (nearest_angular_boun...
                                      dary_fraction_proxy_scaled + fluence_rate_mean_scaled))) *...
                                       0.15392) - 0.019522
22          3.330e-01  1.972e-03  y = (nearest_radial_boundary_fraction_proxy_scaled + (near...
                                      est_angular_boundary_fraction_proxy_scaled * 0.48827)) * (...
                                      ((((theta_fraction_proxy_scaled + abs(signed_radial_positi...
                                      on_proxy_scaled - nearest_radial_boundary_fraction_proxy_s...
                                      caled)) * -0.77204) + fluence_rate_mean_scaled) + nearest_...
                                      angular_boundary_fraction_proxy_scaled) * -0.16014)
24          3.299e-01  4.718e-03  y = (((nearest_angular_boundary_fraction_proxy_scaled * 0....
                                      47582) + (nearest_radial_boundary_fraction_proxy_scaled - ...
                                      -0.2936)) * ((fluence_rate_mean_scaled + nearest_angular_b...
                                      oundary_fraction_proxy_scaled) + ((theta_fraction_proxy_sc...
                                      aled + abs(signed_radial_position_proxy_scaled - nearest_r...
                                      adial_boundary_fraction_proxy_scaled)) * -0.7579))) * -0.1...
                                      606
26          3.298e-01  1.525e-04  y = (((nearest_angular_boundary_fraction_proxy_scaled * 0....
                                      43992) + (nearest_radial_boundary_fraction_proxy_scaled - ...
                                      -0.19229)) * (((fluence_rate_mean_scaled + nearest_angular...
                                      _boundary_fraction_proxy_scaled) + ((theta_fraction_proxy_...
                                      scaled + abs(signed_radial_position_proxy_scaled - nearest...
                                      _radial_boundary_fraction_proxy_scaled)) * -0.7329)) * -0....
                                      16554)) - -0.029947
───────────────────────────────────────────────────────────────────────────────────────────────────
  - /net/scratch/j96317yn/NotebookCT3/outputs/10_signed_staged_residual_symbolic_pilot/iteration_1/stages/stage_physical/search_state/pysr_runs/v10_i1_physical_signed_residual_pilot/hall_of_fame.csv
