───────────────────────────────────────────────────────────────────────────────────────────────────
[1m[4mComplexity[22m[24m  [1m[4mLoss[22m[24m       [1m[4mScore[22m[24m      [1m[4mEquation[22m[24m
1           3.756e-01  0.000e+00  y = -0.041154
3           3.684e-01  9.635e-03  y = nearest_radial_boundary_fraction_proxy_scaled * 0.1490...
                                      4
5           3.643e-01  5.618e-03  y = (theta_cos_scaled * -0.14474) * nearest_angular_bounda...
                                      ry_fraction_proxy_scaled
7           3.544e-01  1.385e-02  y = (fluence_rate_mean_scaled - 0.99638) * (nearest_radial...
                                      _boundary_fraction_proxy_scaled * -0.17115)
9           3.491e-01  7.473e-03  y = (((nearest_angular_boundary_fraction_proxy_scaled + fl...
                                      uence_rate_mean_scaled) + -1.0739) * -0.14686) * nearest_r...
                                      adial_boundary_fraction_proxy_scaled
10          3.469e-01  6.433e-03  y = ((fluence_rate_mean_scaled - abs(theta_fraction_proxy_...
                                      scaled)) * -0.19272) * nearest_radial_boundary_fraction_pr...
                                      oxy_scaled
11          3.447e-01  6.259e-03  y = (((fluence_rate_mean_scaled + nearest_radial_boundary_...
                                      fraction_proxy_scaled) + nearest_angular_boundary_fraction...
                                      _proxy_scaled) * (nearest_radial_boundary_fraction_proxy_s...
                                      caled + theta_cos_scaled)) * -0.10481
12          3.431e-01  4.701e-03  y = (nearest_radial_boundary_fraction_proxy_scaled * (abs(...
                                      nearest_axial_boundary_fraction_proxy_scaled) - (fluence_r...
                                      ate_mean_scaled + nearest_angular_boundary_fraction_proxy_...
                                      scaled))) * 0.16154
14          3.416e-01  2.110e-03  y = nearest_radial_boundary_fraction_proxy_scaled * ((abs(...
                                      nearest_axial_boundary_fraction_proxy_scaled) + (signed_an...
                                      gular_position_proxy_scaled - (fluence_rate_mean_scaled + ...
                                      nearest_angular_boundary_fraction_proxy_scaled))) * 0.1598...
                                      3)
15          3.396e-01  6.060e-03  y = ((nearest_radial_boundary_fraction_proxy_scaled + (nea...
                                      rest_angular_boundary_fraction_proxy_scaled * 0.41266)) * ...
                                      (theta_fraction_proxy_scaled + (1.0104 - (nearest_angular_...
                                      boundary_fraction_proxy_scaled + fluence_rate_mean_scaled)...
                                      ))) * 0.13973
17          3.393e-01  3.189e-04  y = (((fluence_rate_mean_scaled + ((theta_fraction_proxy_s...
                                      caled + 1.1154) * -0.83053)) + nearest_angular_boundary_fr...
                                      action_proxy_scaled) * (nearest_radial_boundary_fraction_p...
                                      roxy_scaled + (0.42364 * nearest_angular_boundary_fraction...
                                      _proxy_scaled))) * -0.14913
18          3.345e-01  1.431e-02  y = ((nearest_radial_boundary_fraction_proxy_scaled + (nea...
                                      rest_angular_boundary_fraction_proxy_scaled * 0.38577)) * ...
                                      ((abs(nearest_axial_boundary_fraction_proxy_scaled) + sign...
                                      ed_angular_position_proxy_scaled) - (nearest_angular_bound...
                                      ary_fraction_proxy_scaled + fluence_rate_mean_scaled))) * ...
                                      0.15183
20          3.344e-01  2.342e-04  y = (((nearest_radial_boundary_fraction_proxy_scaled + (ne...
                                      arest_angular_boundary_fraction_proxy_scaled * 0.37458)) *...
                                       ((signed_angular_position_proxy_scaled - (nearest_angular...
                                      _boundary_fraction_proxy_scaled + fluence_rate_mean_scaled...
                                      )) + abs(nearest_axial_boundary_fraction_proxy_scaled))) -...
                                       0.09703) * 0.15408
22          3.333e-01  1.625e-03  y = ((nearest_radial_boundary_fraction_proxy_scaled + (nea...
                                      rest_angular_boundary_fraction_proxy_scaled * 0.46516)) - ...
                                      -0.22562) * ((((theta_sin_scaled + abs(nearest_axial_bound...
                                      ary_fraction_proxy_scaled)) * -0.91474) + (fluence_rate_me...
                                      an_scaled + nearest_angular_boundary_fraction_proxy_scaled...
                                      )) * -0.16347)
24          3.328e-01  7.784e-04  y = (nearest_radial_boundary_fraction_proxy_scaled + ((nea...
                                      rest_angular_boundary_fraction_proxy_scaled * 0.471) - -0....
                                      25333)) * (((fluence_rate_mean_scaled * 0.77331) + (((thet...
                                      a_sin_scaled + abs(nearest_axial_boundary_fraction_proxy_s...
                                      caled)) * -0.85649) + nearest_angular_boundary_fraction_pr...
                                      oxy_scaled)) * -0.18521)
26          3.312e-01  2.388e-03  y = (((nearest_angular_boundary_fraction_proxy_scaled + ne...
                                      arest_radial_boundary_fraction_proxy_scaled) + (((theta_si...
                                      n_scaled + abs(nearest_axial_boundary_fraction_proxy_scale...
                                      d)) * -1.5549) + (fluence_rate_mean_scaled * 1.4869))) * -...
                                      0.10007) * (((nearest_angular_boundary_fraction_proxy_scal...
                                      ed * 0.50667) - -0.34739) + nearest_radial_boundary_fracti...
                                      on_proxy_scaled)
───────────────────────────────────────────────────────────────────────────────────────────────────
  - /net/scratch/j96317yn/NotebookCT3/outputs/10_signed_staged_residual_symbolic_pilot/iteration_1/stages/stage_physical/search_state/pysr_runs/v10_i1_physical_signed_residual_pilot/hall_of_fame.csv
