───────────────────────────────────────────────────────────────────────────────────────────────────
[1m[4mComplexity[22m[24m  [1m[4mLoss[22m[24m       [1m[4mScore[22m[24m      [1m[4mEquation[22m[24m
1           3.872e-01  0.000e+00  y = -0.099406
3           3.810e-01  8.027e-03  y = hotspot_rbf_max_proxy_scaled * 0.15792
5           3.754e-01  7.416e-03  y = (hotspot_rbf_max_proxy_scaled + hotspot_rbf_04_scaled)...
                                       * 0.12826
7           3.675e-01  1.063e-02  y = (nearest_radial_boundary_fraction_proxy_scaled * (1.37...
                                      01 - fluence_rate_mean_scaled)) * 0.14571
9           3.639e-01  4.983e-03  y = (nearest_radial_boundary_fraction_proxy_scaled * ((1.2...
                                      245 - fluence_rate_mean_scaled) * 0.15179)) + -0.10185
11          3.602e-01  5.010e-03  y = ((0.94768 - fluence_rate_mean_scaled) * ((-0.5704 - ne...
                                      arest_radial_boundary_fraction_proxy_scaled) * -0.18677)) ...
                                      + -0.20516
12          3.575e-01  7.661e-03  y = ((v10_fixed_shape_proxy_scaled + (1.5046 - fluence_rat...
                                      e_mean_scaled)) * (nearest_radial_boundary_fraction_proxy_...
                                      scaled * 0.15675)) + -0.17145
14          3.531e-01  6.134e-03  y = ((((v10_normalised_shape_proxy_scaled + 1.0625) - flue...
                                      nce_rate_mean_scaled) * -0.16602) * (-0.66659 - nearest_ra...
                                      dial_boundary_fraction_proxy_scaled)) + -0.28736
16          3.516e-01  2.217e-03  y = (((-0.58282 - nearest_radial_boundary_fraction_proxy_s...
                                      caled) * (v10_normalised_shape_proxy_scaled + (1.5001 - (f...
                                      luence_rate_mean_scaled * 1.5757)))) * -0.12874) + -0.2762...
                                      8
17          3.488e-01  7.960e-03  y = ((((v10_fixed_shape_proxy_scaled + abs(nearest_axial_b...
                                      oundary_fraction_proxy_scaled)) - fluence_rate_mean_scaled...
                                      ) * (-0.66274 - nearest_radial_boundary_fraction_proxy_sca...
                                      led)) * -0.18132) + -0.29183
22          3.485e-01  1.716e-04  y = ((-0.60913 - nearest_radial_boundary_fraction_proxy_sc...
                                      aled) * ((((0.84499 - fluence_rate_mean_scaled) * 1.4756) ...
                                      + (v10_normalised_shape_proxy_scaled + tanh(fluence_rate_s...
                                      caled))) * -0.16592)) + -0.30502
24          3.483e-01  2.351e-04  y = ((-0.60693 - nearest_radial_boundary_fraction_proxy_sc...
                                      aled) * ((v10_normalised_shape_proxy_scaled + (tanh(fluenc...
                                      e_rate_scaled + 0.3043) + ((0.7473 - fluence_rate_mean_sca...
                                      led) * 1.4559))) * -0.15971)) + -0.30977
25          3.432e-01  1.494e-02  y = ((((tanh(-0.086426 / ((signed_angular_position_proxy_s...
                                      caled - 0.28032) * -0.21862)) + 0.84791) - fluence_rate_me...
                                      an_scaled) * -0.21312) * (-0.7866 - nearest_radial_boundar...
                                      y_fraction_proxy_scaled)) + -0.28505
27          3.420e-01  1.631e-03  y = (((tanh(-0.064745 / ((signed_angular_position_proxy_sc...
                                      aled - 0.31402) * -0.17082)) + (0.87028 - fluence_rate_mea...
                                      n_scaled)) * (-0.58659 - (nearest_radial_boundary_fraction...
                                      _proxy_scaled * 0.66518))) + 0.93198) * -0.30288
29          3.417e-01  5.013e-04  y = ((((gauss(fluence_rate_scaled) - fluence_rate_mean_sca...
                                      led) + tanh(0.33872 / (signed_angular_position_proxy_scale...
                                      d - 0.31139))) * (-0.55723 - (nearest_radial_boundary_frac...
                                      tion_proxy_scaled * 0.68497))) + 0.90437) * -0.30679
31          3.416e-01  1.790e-04  y = ((((gauss(fluence_rate_scaled) - fluence_rate_mean_sca...
                                      led) + tanh(-0.064745 / ((signed_angular_position_proxy_sc...
                                      aled - 0.31402) * -0.17082))) * (-0.58659 - (nearest_radia...
                                      l_boundary_fraction_proxy_scaled * 0.66518))) + 0.93198) *...
                                       -0.30288
32          3.407e-01  2.430e-03  y = (((tanh(-0.064745 / ((signed_angular_position_proxy_sc...
                                      aled - 0.31402) * -0.17082)) + (0.87028 - fluence_rate_mea...
                                      n_scaled)) * (-0.58659 - (nearest_radial_boundary_fraction...
                                      _proxy_scaled * 0.66518))) + gauss(v10_geometry_residual_p...
                                      roxy_scaled)) * -0.30288
───────────────────────────────────────────────────────────────────────────────────────────────────
  - /net/scratch/j96317yn/NotebookCT3/outputs/11_tail_aware_localised_symbolic/iteration_2/stages/stage_tail_localised/search_state/pysr_runs/v11_i2_tail_aware_localised_residual/hall_of_fame.csv
