───────────────────────────────────────────────────────────────────────────────────────────────────
[1m[4mComplexity[22m[24m  [1m[4mLoss[22m[24m       [1m[4mScore[22m[24m      [1m[4mEquation[22m[24m
1           3.863e-01  0.000e+00  y = -0.084817
3           3.762e-01  1.332e-02  y = hotspot_rbf_max_proxy_scaled * 0.17606
5           3.743e-01  2.560e-03  y = -0.07143 - (hotspot_rbf_max_proxy_scaled * -0.17079)
8           3.731e-01  1.057e-03  y = (hotspot_rbf_max_proxy_scaled + (v10_physical_residual...
                                      _proxy_scaled - 0.62083)) * 0.11579
10          3.710e-01  2.831e-03  y = tanh(v10_physical_residual_proxy_scaled + hotspot_rbf_...
                                      max_proxy_scaled) * 0.30104
12          3.682e-01  3.791e-03  y = (tanh(hotspot_rbf_max_proxy_scaled + v10_physical_resi...
                                      dual_proxy_scaled) + -0.29862) * 0.29405
13          3.592e-01  2.456e-02  y = gauss((0.48153 - signed_angular_position_proxy_scaled)...
                                       / 0.091547) + -0.15986
15          3.578e-01  1.969e-03  y = (gauss((0.4821 - signed_angular_position_proxy_scaled)...
                                       / 0.072108) + -0.13267) * 1.2977
17          3.521e-01  8.040e-03  y = (gauss((0.48266 - signed_angular_position_proxy_scaled...
                                      ) / 0.079714) + -0.20669) * (nearest_angular_boundary_frac...
                                      tion_proxy_scaled + 0.75378)
19          3.502e-01  2.787e-03  y = (nearest_angular_boundary_fraction_proxy_scaled + 1.17...
                                      79) * ((gauss((0.48247 - signed_angular_position_proxy_sca...
                                      led) / 0.083184) + -0.23359) * 0.68473)
23          3.496e-01  4.281e-04  y = (gauss((0.48153 - signed_angular_position_proxy_scaled...
                                      ) / 0.091547) + -0.261) * ((nearest_angular_boundary_fract...
                                      ion_proxy_scaled + ((theta_fraction_proxy_scaled + 5.2297)...
                                       * 0.23747)) * 0.6125)
───────────────────────────────────────────────────────────────────────────────────────────────────
  - /net/scratch/j96317yn/NotebookCT3/outputs/11_tail_aware_localised_symbolic/iteration_1/stages/stage_tail_localised/search_state/pysr_runs/v11_i1_tail_aware_localised_residual/hall_of_fame.csv
