───────────────────────────────────────────────────────────────────────────────────────────────────
[1m[4mComplexity[22m[24m  [1m[4mLoss[22m[24m       [1m[4mScore[22m[24m      [1m[4mEquation[22m[24m
1           3.794e-01  0.000e+00  y = -0.026691
3           3.746e-01  6.283e-03  y = nearest_axial_boundary_fraction_proxy_scaled * 0.1145
5           3.656e-01  1.216e-02  y = fluence_rate_mean_scaled * (nearest_radial_boundary_fr...
                                      action_proxy_scaled * -0.17017)
7           3.618e-01  5.265e-03  y = (nearest_axial_boundary_fraction_proxy_scaled - (fluen...
                                      ce_rate_mean_scaled * nearest_radial_boundary_fraction_pro...
                                      xy_scaled)) * 0.14228
8           3.618e-01  4.477e-05  y = (theta_cos_scaled * boundary_corner_proximity_proxy_sc...
                                      aled) * (theta_cos_scaled * 0.15756)
9           3.593e-01  6.886e-03  y = (nearest_radial_boundary_fraction_proxy_scaled - (near...
                                      est_axial_boundary_fraction_proxy_scaled - (theta_cos_scal...
                                      ed * theta_cos_scaled))) * -0.10907
10          3.560e-01  9.214e-03  y = (boundary_corner_proximity_proxy_scaled * (fluence_rat...
                                      e_scaled - (theta_cos_scaled * theta_cos_scaled))) * -0.16...
                                      729
11          3.493e-01  1.914e-02  y = ((nearest_axial_boundary_fraction_proxy_scaled - (flue...
                                      nce_rate_mean_scaled * nearest_radial_boundary_fraction_pr...
                                      oxy_scaled)) - (theta_cos_scaled * theta_cos_scaled)) * 0....
                                      1293
15          3.482e-01  7.299e-04  y = (((nearest_axial_boundary_fraction_proxy_scaled - (flu...
                                      ence_rate_p95_scaled * nearest_radial_boundary_fraction_pr...
                                      oxy_scaled)) - -0.60867) - (theta_cos_scaled * (theta_cos_...
                                      scaled + 0.51522))) * 0.1529
17          3.411e-01  1.036e-02  y = (gauss(nearest_radial_boundary_fraction_proxy_scaled +...
                                       0.73239) * (nearest_radial_boundary_fraction_proxy_scaled...
                                       - (nearest_axial_boundary_fraction_proxy_scaled - (theta_...
                                      cos_scaled * theta_cos_scaled)))) * -0.32003
19          3.403e-01  1.191e-03  y = (gauss(nearest_radial_boundary_fraction_proxy_scaled +...
                                       0.73521) * (nearest_radial_boundary_fraction_proxy_scaled...
                                       - ((nearest_axial_boundary_fraction_proxy_scaled * 0.6989...
                                      8) - (theta_cos_scaled * theta_cos_scaled)))) * -0.34522
21          3.394e-01  1.340e-03  y = gauss(nearest_radial_boundary_fraction_proxy_scaled + ...
                                      0.71343) * ((nearest_radial_boundary_fraction_proxy_scaled...
                                       - ((nearest_axial_boundary_fraction_proxy_scaled - ((thet...
                                      a_cos_scaled * 1.4782) * theta_cos_scaled)) * 0.50651)) * ...
                                      -0.4522)
23          3.390e-01  5.363e-04  y = (nearest_radial_boundary_fraction_proxy_scaled - (((ne...
                                      arest_radial_boundary_fraction_proxy_scaled - (nearest_axi...
                                      al_boundary_fraction_proxy_scaled - theta_cos_scaled)) * -...
                                      0.42315) - (theta_cos_scaled * theta_cos_scaled))) * (gaus...
                                      s(nearest_radial_boundary_fraction_proxy_scaled + 0.69633)...
                                       * -0.39127)
25          3.388e-01  2.815e-04  y = (gauss(nearest_radial_boundary_fraction_proxy_scaled +...
                                       0.6885) * (nearest_radial_boundary_fraction_proxy_scaled ...
                                      - (((nearest_radial_boundary_fraction_proxy_scaled - (near...
                                      est_axial_boundary_fraction_proxy_scaled - (theta_cos_scal...
                                      ed * 0.63966))) * -0.4913) - (theta_cos_scaled * theta_cos...
                                      _scaled)))) * -0.37242
───────────────────────────────────────────────────────────────────────────────────────────────────
  - /net/scratch/j96317yn/NotebookCT3/outputs/10_signed_staged_residual_symbolic_pilot/iteration_2/stages/stage_physical/search_state/pysr_runs/v10_i2_physical_signed_residual_pilot/hall_of_fame.csv
