───────────────────────────────────────────────────────────────────────────────────────────────────
[1m[4mComplexity[22m[24m  [1m[4mLoss[22m[24m       [1m[4mScore[22m[24m      [1m[4mEquation[22m[24m
1           3.882e-01  0.000e+00  y = -0.089838
3           3.848e-01  4.352e-03  y = hotspot_rbf_max_proxy_scaled * 0.12584
4           3.827e-01  5.475e-03  y = v10_normalised_shape_proxy_scaled * 0.15056
5           3.799e-01  7.575e-03  y = (fluence_rate_scaled * -0.081548) * fluence_rate_scale...
                                      d
6           3.784e-01  3.857e-03  y = abs(fluence_rate_scaled) * -0.17381
8           3.756e-01  3.661e-03  y = (abs(fluence_rate_scaled) + -0.49795) * -0.27497
9           3.728e-01  7.660e-03  y = (0.1566 - gauss(signed_radial_position_proxy_scaled)) ...
                                      * rho_fraction_proxy_scaled
11          3.696e-01  4.272e-03  y = ((0.16515 - gauss(signed_radial_position_proxy_scaled)...
                                      ) * signed_radial_position_proxy_scaled) - 0.092649
13          3.677e-01  2.581e-03  y = -0.10397 - ((gauss(rho_fraction_proxy_scaled * rho_fra...
                                      ction_proxy_scaled) + -0.14824) * signed_radial_position_p...
                                      roxy_scaled)
15          3.642e-01  4.769e-03  y = (((nearest_radial_boundary_fraction_proxy_scaled * 0.1...
                                      556) - (gauss(rho_fraction_proxy_scaled) + -0.37178)) * rh...
                                      o_fraction_proxy_scaled) * 2.0247
17          3.639e-01  3.469e-04  y = ((((nearest_radial_boundary_fraction_proxy_scaled * 0....
                                      14368) - (gauss(rho_fraction_proxy_scaled) + -0.35508)) * ...
                                      rho_fraction_proxy_scaled) - 0.013961) * 1.9623
18          3.626e-01  3.754e-03  y = ((v10_physical_residual_proxy_scaled * 0.12429) - ((ga...
                                      uss(rho_fraction_proxy_scaled * rho_fraction_proxy_scaled)...
                                       + -0.20435) * rho_fraction_proxy_scaled)) - 0.10831
20          3.624e-01  2.524e-04  y = (((v10_physical_residual_proxy_scaled * 0.13436) - ((g...
                                      auss(rho_fraction_proxy_scaled * rho_fraction_proxy_scaled...
                                      ) + -0.21046) * rho_fraction_proxy_scaled)) - 0.11522) * 0...
                                      .92325
23          3.617e-01  6.601e-04  y = ((v10_physical_residual_proxy_scaled * 0.13436) - ((ga...
                                      uss(rho_fraction_proxy_scaled * rho_fraction_proxy_scaled)...
                                       + -0.21046) * rho_fraction_proxy_scaled)) - (0.11522 * ab...
                                      s(fluence_rate_mean_scaled))
24          3.604e-01  3.631e-03  y = ((gauss(signed_radial_position_proxy_scaled - -0.50443...
                                      ) * signed_radial_position_proxy_scaled) + -0.02521) * ((0...
                                      .022716 - (signed_radial_position_proxy_scaled + gauss(v10...
                                      _physical_residual_proxy_scaled))) * 1.8696)
25          3.598e-01  1.691e-03  y = gauss(signed_radial_position_proxy_scaled - -0.5763) *...
                                       (((tanh(signed_angular_position_proxy_scaled) * -0.45484)...
                                       - (((signed_radial_position_proxy_scaled + 0.69104) * 1.7...
                                      548) + 0.27821)) * signed_radial_position_proxy_scaled)
26          3.596e-01  3.890e-04  y = (((gauss((signed_radial_position_proxy_scaled - -0.498...
                                      41) * 1.0967) * signed_radial_position_proxy_scaled) + -0....
                                      018698) * (0.040491 - (signed_radial_position_proxy_scaled...
                                       + gauss(v10_physical_residual_proxy_scaled)))) * 2.3302
27          3.596e-01  1.822e-04  y = (((((tanh(signed_angular_position_proxy_scaled) * -0.2...
                                      358) - (signed_radial_position_proxy_scaled + 0.98528)) * ...
                                      2.1213) + 0.34475) * gauss((signed_radial_position_proxy_s...
                                      caled - -0.54865) * 1.0712)) * signed_radial_position_prox...
                                      y_scaled
29          3.546e-01  6.912e-03  y = ((((theta_sin_2_proxy_scaled + (rho_fraction_proxy_sca...
                                      led * 1.8332)) - 1.0293) * gauss(rho_fraction_proxy_scaled...
                                       - (rho_fraction_proxy_scaled * 2.7854))) * ((nearest_angu...
                                      lar_boundary_fraction_proxy_scaled * 0.8414) - (theta_sin_...
                                      2_proxy_scaled + 0.71081))) + -0.18518
31          3.503e-01  6.083e-03  y = ((theta_sin_2_proxy_scaled + ((rho_fraction_proxy_scal...
                                      ed * 1.8576) - 1.0098)) * ((gauss(rho_fraction_proxy_scale...
                                      d - (rho_fraction_proxy_scaled * 2.7236)) * ((nearest_angu...
                                      lar_boundary_fraction_proxy_scaled * 0.82688) - (theta_sin...
                                      _2_proxy_scaled + 0.79968))) + 0.058376)) + -0.1678
───────────────────────────────────────────────────────────────────────────────────────────────────
  - /net/scratch/j96317yn/NotebookCT3/outputs/11_tail_aware_localised_symbolic/iteration_4/stages/stage_tail_localised/search_state/pysr_runs/v11_i4_tail_aware_localised_residual/hall_of_fame.csv
