───────────────────────────────────────────────────────────────────────────────────────────────────
[1m[4mComplexity[22m[24m  [1m[4mLoss[22m[24m       [1m[4mScore[22m[24m      [1m[4mEquation[22m[24m
1           3.872e-01  0.000e+00  y = -0.099402
3           3.810e-01  8.027e-03  y = hotspot_rbf_max_proxy_scaled * 0.1579
5           3.754e-01  7.418e-03  y = (hotspot_rbf_max_proxy_scaled + hotspot_rbf_04_scaled)...
                                       * 0.13004
6           3.728e-01  6.942e-03  y = (v10_normalised_shape_proxy_scaled - signed_radial_pos...
                                      ition_proxy_scaled) * 0.16637
7           3.675e-01  1.432e-02  y = (nearest_radial_boundary_fraction_proxy_scaled * (1.37...
                                      26 - fluence_rate_mean_scaled)) * 0.14421
9           3.639e-01  4.983e-03  y = (((1.2226 - fluence_rate_mean_scaled) * 0.15126) * nea...
                                      rest_radial_boundary_fraction_proxy_scaled) + -0.099691
11          3.602e-01  5.007e-03  y = ((0.94768 - fluence_rate_mean_scaled) * ((-0.5704 - ne...
                                      arest_radial_boundary_fraction_proxy_scaled) * -0.18677)) ...
                                      + -0.20516
12          3.575e-01  7.666e-03  y = ((((v10_fixed_shape_proxy_scaled + 1.512) - fluence_ra...
                                      te_mean_scaled) * 0.15732) * nearest_radial_boundary_fract...
                                      ion_proxy_scaled) + -0.17108
14          3.531e-01  6.132e-03  y = ((((v10_normalised_shape_proxy_scaled + 1.0625) - flue...
                                      nce_rate_mean_scaled) * -0.16602) * (-0.66659 - nearest_ra...
                                      dial_boundary_fraction_proxy_scaled)) + -0.28736
15          3.427e-01  2.997e-02  y = tanh(0.53533 + (-0.13085 / (0.83764 - nearest_radial_b...
                                      oundary_fraction_proxy_scaled))) * -0.73754
17          3.364e-01  9.274e-03  y = (tanh((-0.1619 / (0.83558 - nearest_radial_boundary_fr...
                                      action_proxy_scaled)) + 0.9443) * -0.70397) + 0.22814
21          3.351e-01  9.747e-04  y = (((0.94118 - nearest_angular_boundary_fraction_proxy_s...
                                      caled) * -0.16989) + tanh((-0.13085 / (0.83764 - nearest_r...
                                      adial_boundary_fraction_proxy_scaled)) + 0.53533)) * -0.73...
                                      754
23          3.278e-01  1.096e-02  y = (tanh((-0.13027 / (0.84274 - nearest_radial_boundary_f...
                                      raction_proxy_scaled)) + 0.47866) + (nearest_radial_bounda...
                                      ry_fraction_proxy_scaled * ((0.84942 - fluence_rate_mean_s...
                                      caled) * -0.20742))) * -0.65648
25          3.264e-01  2.162e-03  y = tanh((-0.15502 / (0.84058 - nearest_radial_boundary_fr...
                                      action_proxy_scaled)) + 0.55327) * ((-0.0043997 - (((fluen...
                                      ce_rate_mean_scaled + 0.40623) - nearest_angular_boundary_...
                                      fraction_proxy_scaled) * -0.28062)) + -0.74194)
27          3.202e-01  9.665e-03  y = (((((nearest_radial_boundary_fraction_proxy_scaled * (...
                                      0.88082 - fluence_rate_mean_scaled)) + 0.94226) - nearest_...
                                      angular_boundary_fraction_proxy_scaled) * -0.17919) + tanh...
                                      ((-0.10764 / (0.83259 - nearest_radial_boundary_fraction_p...
                                      roxy_scaled)) + 0.57813)) * -0.76207
31          3.189e-01  9.558e-04  y = (((((nearest_radial_boundary_fraction_proxy_scaled * (...
                                      0.84052 - fluence_rate_mean_scaled)) + gauss(fluence_rate_...
                                      mean_scaled)) - nearest_angular_boundary_fraction_proxy_sc...
                                      aled) * -0.18497) + tanh((-0.11585 / (0.83746 - nearest_ra...
                                      dial_boundary_fraction_proxy_scaled)) + 0.58851)) * -0.750...
                                      18
───────────────────────────────────────────────────────────────────────────────────────────────────
  - /net/scratch/j96317yn/NotebookCT3/outputs/11_tail_aware_localised_symbolic/iteration_2/stages/stage_tail_localised/search_state/pysr_runs/v11_i2_tail_aware_localised_residual/hall_of_fame.csv
