───────────────────────────────────────────────────────────────────────────────────────────────────
[1m[4mComplexity[22m[24m  [1m[4mLoss[22m[24m       [1m[4mScore[22m[24m      [1m[4mEquation[22m[24m
1           3.882e-01  0.000e+00  y = -0.089838
3           3.848e-01  4.352e-03  y = hotspot_rbf_max_proxy_scaled * 0.12584
4           3.827e-01  5.475e-03  y = v10_normalised_shape_proxy_scaled * 0.15056
5           3.799e-01  7.575e-03  y = (fluence_rate_scaled * -0.081548) * fluence_rate_scale...
                                      d
6           3.784e-01  3.855e-03  y = abs(fluence_rate_scaled) * -0.17529
8           3.756e-01  3.662e-03  y = (abs(fluence_rate_scaled) + -0.49795) * -0.27497
10          3.753e-01  4.831e-04  y = (abs(fluence_rate_scaled + -0.14677) * -0.29511) + 0.1...
                                      6659
11          3.696e-01  1.523e-02  y = ((0.16463 - gauss(signed_radial_position_proxy_scaled)...
                                      ) * rho_fraction_proxy_scaled) - 0.089452
14          3.681e-01  1.350e-03  y = (v10_physical_residual_proxy_scaled * 0.1301) - (rho_f...
                                      raction_proxy_scaled * (gauss(rho_fraction_proxy_scaled) +...
                                       -0.21089))
15          3.679e-01  5.736e-04  y = rho_fraction_proxy_scaled * ((rho_fraction_proxy_scale...
                                      d * -0.048435) - (gauss(rho_fraction_proxy_scaled * 1.2739...
                                      ) + -0.094684))
16          3.671e-01  2.062e-03  y = (v10_physical_residual_proxy_scaled * 0.12622) - (rho_...
                                      fraction_proxy_scaled * (gauss(signed_radial_position_prox...
                                      y_scaled * signed_radial_position_proxy_scaled) + -0.18728...
                                      ))
17          3.640e-01  8.689e-03  y = ((((nearest_radial_boundary_fraction_proxy_scaled * 0....
                                      14775) - (gauss(rho_fraction_proxy_scaled) + -0.36092)) * ...
                                      rho_fraction_proxy_scaled) - 0.01288) * 2.0193
18          3.626e-01  3.749e-03  y = ((v10_physical_residual_proxy_scaled * 0.11974) - ((ga...
                                      uss(rho_fraction_proxy_scaled * rho_fraction_proxy_scaled)...
                                       + -0.20133) * rho_fraction_proxy_scaled)) - 0.10967
20          3.624e-01  2.454e-04  y = (((v10_physical_residual_proxy_scaled * 0.12518) - ((g...
                                      auss(rho_fraction_proxy_scaled * rho_fraction_proxy_scaled...
                                      ) + -0.20645) * rho_fraction_proxy_scaled)) - 0.11923) * 0...
                                      .89961
27          3.617e-01  2.827e-04  y = (signed_radial_position_proxy_scaled * ((nearest_angul...
                                      ar_boundary_fraction_proxy_scaled * -0.12401) + gauss((rho...
                                      _fraction_proxy_scaled - -0.68368) * 0.62469))) * (0.52821...
                                       - (gauss(rho_fraction_proxy_scaled + -0.28496) * 2.1421))
31          3.594e-01  1.584e-03  y = ((gauss((rho_fraction_proxy_scaled - -0.50085) * 0.632...
                                      52) + (nearest_angular_boundary_fraction_proxy_scaled * -0...
                                      .12652)) * (signed_radial_position_proxy_scaled * (0.48976...
                                       - (gauss(rho_fraction_proxy_scaled * (rho_fraction_proxy_...
                                      scaled + -0.27676)) * 1.595)))) + -0.066653
───────────────────────────────────────────────────────────────────────────────────────────────────
  - /net/scratch/j96317yn/NotebookCT3/outputs/11_tail_aware_localised_symbolic/iteration_4/stages/stage_tail_localised/search_state/pysr_runs/v11_i4_tail_aware_localised_residual/hall_of_fame.csv
