───────────────────────────────────────────────────────────────────────────────────────────────────
Complexity  Loss       Score      Equation
1           1.000e+00  0.000e+00  y = -8.561e-05
3           9.420e-01  2.986e-02  y = nearest_radial_boundary_fraction_proxy_scaled * 0.2404...
                                      4
5           8.984e-01  2.373e-02  y = (nearest_radial_boundary_fraction_proxy_scaled + z_sca...
                                      led) * 0.22149
7           8.665e-01  1.807e-02  y = gauss(fluence_rate_scaled) - 0.61894
9           8.393e-01  1.592e-02  y = (z_within_case_z_scaled * ((nearest_axial_boundary_fra...
                                      ction_proxy_scaled - -0.95654) * z_fraction_proxy_scaled))...
                                       * -0.69723
10          8.373e-01  2.467e-03  y = (z_fraction_proxy_scaled * (abs(nearest_axial_boundary...
                                      _fraction_proxy_scaled) - 1.0121)) * z_within_case_z_scale...
                                      d
11          8.212e-01  1.933e-02  y = gauss(fluence_rate_scaled) - gauss(nearest_axial_bound...
                                      ary_fraction_proxy_scaled)
12          7.993e-01  2.703e-02  y = (gauss(fluence_rate_scaled) * abs(nearest_axial_bounda...
                                      ry_fraction_proxy_scaled)) - 0.57209
13          7.936e-01  7.232e-03  y = z_fraction_proxy_scaled * ((gauss(fluence_rate_within_...
                                      case_z_scaled + -0.46687) - 0.57076) * z_fraction_proxy_sc...
                                      aled)
15          7.832e-01  6.570e-03  y = (gauss(fluence_rate_within_case_z_scaled + -0.44319) -...
                                       0.56988) * ((z_within_case_z_scaled * z_within_case_z_sca...
                                      led) + theta_sin_std_scaled)
17          7.007e-01  5.566e-02  y = z_within_case_z_scaled * (((nearest_axial_boundary_fra...
                                      ction_proxy_scaled * gauss(fluence_rate_within_case_z_scal...
                                      ed + -0.52619)) - -0.60819) * (z_within_case_z_scaled * -0...
                                      .90711))
19          6.902e-01  7.585e-03  y = (((((nearest_axial_boundary_fraction_proxy_scaled * ga...
                                      uss(-0.49761 - rho_within_case_z_scaled)) - -0.62396) * z_...
                                      within_case_z_scaled) - 0.10238) * -0.87798) * z_within_ca...
                                      se_z_scaled
21          6.774e-01  9.364e-03  y = ((z_within_case_z_scaled * -0.82409) * ((((nearest_axi...
                                      al_boundary_fraction_proxy_scaled * gauss(-0.42096 - rho_w...
                                      ithin_case_z_scaled)) - -0.67325) * z_within_case_z_scaled...
                                      ) - 0.1894)) + 0.082563
───────────────────────────────────────────────────────────────────────────────────────────────────
  - /Users/novwin/Documents/University/University of Manchester/毕设项目/Nuclear graphite/NotebookCT3/outputs/09_residual_shape_symbolic_pilot/iteration_1/search_state/pysr_runs/v9_i1_residual_shape_pilot/hall_of_fame.csv
