───────────────────────────────────────────────────────────────────────────────────────────────────
Complexity  Loss       Score      Equation
1           1.000e+00  0.000e+00  y = 3.2089e-05
3           9.201e-01  4.164e-02  y = weight_loss_rate_within_case_z_scaled * -0.28246
5           8.451e-01  4.252e-02  y = fluence_rate_scaled * (fluence_rate_within_case_z_scal...
                                      ed * -0.23632)
6           8.149e-01  3.639e-02  y = 0.78027 - abs(fluence_rate_scaled)
7           8.085e-01  7.888e-03  y = (rho_within_case_z_scaled * (fluence_rate_scaled * 0.3...
                                      1402)) + 0.2132
8           7.726e-01  4.545e-02  y = rho_scaled * (abs(rho_scaled) + -1.542)
9           7.366e-01  4.766e-02  y = ((theta_cos_scaled * theta_cos_scaled) - square(rho_wi...
                                      thin_case_z_scaled)) * 0.24703
10          7.259e-01  1.461e-02  y = (abs(theta_cos_scaled) + (rho_within_case_z_scaled * f...
                                      luence_rate_scaled)) * 0.36356
11          7.109e-01  2.094e-02  y = (square(theta_cos_scaled) * 0.19811) + (fluence_rate_s...
                                      caled * (rho_within_case_z_scaled * 0.33743))
12          7.039e-01  9.883e-03  y = (0.30413 - rho_scaled) * ((abs(rho_scaled) + -1.5044) ...
                                      * -0.71074)
13          6.938e-01  1.449e-02  y = ((theta_cos_scaled + -1.8984) * ((0.39368 - theta_cos_...
                                      scaled) - square(rho_within_case_z_scaled))) * -0.14209
14          6.536e-01  5.967e-02  y = square(theta_cos_scaled * 0.68717) + (abs(rho_within_c...
                                      ase_z_scaled * theta_cos_within_case_z_scaled) * -0.76708)
16          5.965e-01  4.567e-02  y = ((theta_cos_scaled * (theta_sin_scaled * -0.54239)) - ...
                                      rho_scaled) * ((abs(rho_scaled) + -1.5154) * -0.57001)
18          5.817e-01  1.255e-02  y = (((((theta_cos_scaled * theta_sin_scaled) * -0.72944) ...
                                      - rho_scaled) * (abs(rho_scaled) + -1.5513)) + 0.30402) * ...
                                      -0.50046
22          5.529e-01  1.273e-02  y = (abs(rho_scaled + 0.75769) + -2.4451) * ((((1.3967 - t...
                                      heta_cos_scaled) * 0.29778) - (rho_scaled * (rho_scaled + ...
                                      0.65601))) * -0.5691)
23          5.114e-01  7.803e-02  y = ((abs(theta_cos_scaled) * -0.33721) - ((rho_scaled + 0...
                                      .55313) * (rho_scaled * -0.60746))) * (abs(rho_scaled + 0....
                                      70873) + -2.4089)
25          5.101e-01  1.266e-03  y = (((abs(theta_cos_scaled) * -0.36809) - (((rho_scaled +...
                                       0.52974) * rho_scaled) * -0.59496)) * (abs(rho_scaled + 0...
                                      .71412) + -2.3818)) - 0.067029
26          5.059e-01  8.254e-03  y = (((((square(theta_cos_scaled * 0.65032) + 0.6586) - rh...
                                      o_scaled) * (rho_scaled + 1.3703)) * (abs(rho_scaled + 0.8...
                                      3378) + -2.1894)) * -0.4484) - 0.46477
───────────────────────────────────────────────────────────────────────────────────────────────────
  - /Users/novwin/Documents/University/University of Manchester/毕设项目/Nuclear graphite/NotebookCT3/outputs/08_recoverable_16000_single_formula/iteration_1/search_state/pysr_runs/recoverable_i1_single_shape/hall_of_fame.csv
