───────────────────────────────────────────────────────────────────────────────────────────────────
Complexity  Loss       Score      Equation
1           1.000e+00  0.000e+00  y = 3.2089e-05
3           9.201e-01  4.164e-02  y = weight_loss_rate_within_case_z_scaled * -0.28246
5           8.451e-01  4.252e-02  y = fluence_rate_scaled * (fluence_rate_within_case_z_scal...
                                      ed * -0.23632)
6           8.149e-01  3.639e-02  y = 0.78027 - abs(fluence_rate_scaled)
7           7.951e-01  2.460e-02  y = (theta_cos_scaled - (rho_within_case_z_scaled * fluenc...
                                      e_rate_scaled)) * -0.25168
8           7.726e-01  2.874e-02  y = rho_scaled * (abs(rho_scaled) + -1.5423)
9           7.243e-01  6.452e-02  y = ((theta_sin_scaled * theta_cos_scaled) - (rho_within_c...
                                      ase_z_scaled * fluence_rate_scaled)) * -0.29575
11          7.087e-01  1.089e-02  y = (theta_sin_scaled * (theta_cos_scaled * -0.24823)) - (...
                                      (rho_scaled * fluence_rate_scaled) * -0.34967)
12          7.039e-01  6.788e-03  y = (0.30413 - rho_scaled) * ((abs(rho_scaled) + -1.5044) ...
                                      * -0.71074)
13          6.938e-01  1.450e-02  y = ((theta_cos_scaled + -1.9003) * ((0.3901 - theta_cos_s...
                                      caled) - square(rho_within_case_z_scaled))) * -0.14201
14          6.536e-01  5.967e-02  y = square(theta_cos_scaled * 0.68719) + (abs(rho_within_c...
                                      ase_z_scaled * theta_cos_within_case_z_scaled) * -0.76737)
15          6.497e-01  6.005e-03  y = ((abs(theta_cos_within_case_z_scaled) - rho_scaled) * ...
                                      (abs(rho_scaled) + -1.5114)) * -0.57543
16          5.965e-01  8.535e-02  y = ((theta_cos_scaled * (theta_sin_scaled * -0.54231)) - ...
                                      rho_scaled) * ((abs(rho_scaled) + -1.5157) * -0.5709)
18          5.817e-01  1.255e-02  y = (((((theta_cos_scaled * theta_sin_scaled) * -0.72975) ...
                                      - rho_scaled) * (abs(rho_scaled) + -1.5489)) + 0.30469) * ...
                                      -0.49909
20          5.760e-01  4.900e-03  y = ((((0.56482 - rho_scaled) + square(theta_cos_scaled * ...
                                      0.75939)) * (abs(rho_scaled) + -1.611)) * -0.44534) - 0.32...
                                      447
21          5.611e-01  2.623e-02  y = (abs(rho_scaled + 0.73864) + -2.4143) * ((abs(theta_co...
                                      s_scaled) * -0.38465) - ((rho_scaled * rho_scaled) * -0.44...
                                      134))
22          5.456e-01  2.815e-02  y = ((square(theta_cos_scaled) * -0.1345) - ((rho_scaled +...
                                       0.65374) * (rho_scaled * -0.55674))) * (abs(rho_scaled + ...
                                      0.72666) + -2.4202)
23          5.114e-01  6.475e-02  y = (abs(rho_scaled + 0.70845) + -2.4097) * ((abs(theta_co...
                                      s_scaled) * -0.3376) - (((rho_scaled + 0.55203) * rho_scal...
                                      ed) * -0.60794))
25          5.101e-01  1.265e-03  y = (((abs(theta_cos_scaled) * -0.3682) - (((rho_scaled + ...
                                      0.52977) * rho_scaled) * -0.59499)) * (abs(rho_scaled + 0....
                                      71415) + -2.3818)) - 0.067031
26          5.035e-01  1.304e-02  y = ((((0.77031 - rho_scaled) + square(theta_cos_scaled * ...
                                      -0.66186)) * ((abs(rho_scaled + 0.83946) + -2.0888) * (rho...
                                      _within_case_z_scaled + 1.3785))) * -0.46386) - 0.5274
27          4.940e-01  1.905e-02  y = ((abs(theta_cos_scaled) * -0.32882) - ((rho_scaled * -...
                                      0.57024) * (rho_scaled + 0.53256))) * (abs(rho_scaled + 0....
                                      69295) + (-2.4606 - (fluence_rate_mean_scaled * -0.12666))...
                                      )
───────────────────────────────────────────────────────────────────────────────────────────────────
  - /Users/novwin/Documents/University/University of Manchester/毕设项目/Nuclear graphite/NotebookCT3/outputs/08_recoverable_16000_single_formula/iteration_1/search_state/pysr_runs/recoverable_i1_single_shape/hall_of_fame.csv
