───────────────────────────────────────────────────────────────────────────────────────────────────
[1m[4mComplexity[22m[24m  [1m[4mLoss[22m[24m       [1m[4mScore[22m[24m      [1m[4mEquation[22m[24m
1           3.933e-01  0.000e+00  y = -0.034154
3           3.783e-01  1.951e-02  y = signed_axial_position_proxy_scaled * 0.20891
5           3.609e-01  2.353e-02  y = rho_scaled * (nearest_axial_boundary_fraction_proxy_sc...
                                      aled * 0.3024)
7           3.466e-01  2.017e-02  y = ((signed_radial_position_proxy_scaled - nearest_radial...
                                      _boundary_fraction_proxy_scaled) * nearest_axial_boundary_...
                                      fraction_proxy_scaled) * 0.23498
9           3.358e-01  1.581e-02  y = (((signed_radial_position_proxy_scaled - nearest_radia...
                                      l_boundary_fraction_proxy_scaled) * nearest_axial_boundary...
                                      _fraction_proxy_scaled) + z_fraction_proxy_scaled) * 0.170...
                                      43
11          3.323e-01  5.286e-03  y = (z_scaled * 0.1945) - ((rho_fraction_proxy_scaled - ne...
                                      arest_radial_boundary_fraction_proxy_scaled) * (nearest_ax...
                                      ial_boundary_fraction_proxy_scaled * -0.23173))
13          3.220e-01  1.568e-02  y = ((z_scaled + nearest_radial_boundary_fraction_proxy_sc...
                                      aled) - (((signed_radial_position_proxy_scaled - nearest_r...
                                      adial_boundary_fraction_proxy_scaled) * nearest_axial_boun...
                                      dary_fraction_proxy_scaled) * -1.4224)) * 0.17789
15          3.196e-01  3.767e-03  y = (((z_scaled + nearest_radial_boundary_fraction_proxy_s...
                                      caled) - ((signed_radial_position_proxy_scaled - nearest_r...
                                      adial_boundary_fraction_proxy_scaled) * (nearest_axial_bou...
                                      ndary_fraction_proxy_scaled * -1.4842))) + -0.45154) * 0.1...
                                      7481
17          3.192e-01  6.069e-04  y = ((signed_radial_position_proxy_scaled - nearest_radial...
                                      _boundary_fraction_proxy_scaled) * (-0.16663 - (nearest_ax...
                                      ial_boundary_fraction_proxy_scaled * -0.25726))) + (((0.46...
                                      9 - signed_radial_position_proxy_scaled) - signed_axial_po...
                                      sition_proxy_scaled) * -0.19021)
19          3.191e-01  1.085e-04  y = (((-0.88148 - (nearest_axial_boundary_fraction_proxy_s...
                                      caled * -1.3274)) * (signed_radial_position_proxy_scaled -...
                                       nearest_radial_boundary_fraction_proxy_scaled)) + (-0.420...
                                      09 - ((rho_scaled * -0.99152) - signed_axial_position_prox...
                                      y_scaled))) * 0.1904
23          3.077e-01  9.141e-03  y = ((((signed_radial_position_proxy_scaled - nearest_radi...
                                      al_boundary_fraction_proxy_scaled) * (-0.11541 - (nearest_...
                                      axial_boundary_fraction_proxy_scaled * (-1.4532 - (nearest...
                                      _axial_boundary_fraction_proxy_scaled * -0.73936))))) + -0...
                                      .50094) - ((rho_scaled * -0.89445) - signed_axial_position...
                                      _proxy_scaled)) * 0.19323
28          3.070e-01  4.521e-04  y = (((theta_cos_within_case_z_scaled * 0.27064) + ((signe...
                                      d_radial_position_proxy_scaled - nearest_radial_boundary_f...
                                      raction_proxy_scaled) * (-0.042821 - (nearest_axial_bounda...
                                      ry_fraction_proxy_scaled * (-1.4427 - (nearest_axial_bound...
                                      ary_fraction_proxy_scaled * -0.75679)))))) + (-0.5149 - ((...
                                      rho_scaled * -0.80126) - signed_axial_position_proxy_scale...
                                      d))) * 0.18914
29          3.023e-01  1.534e-02  y = (gauss((nearest_axial_boundary_fraction_proxy_scaled +...
                                       0.60166) * 2.4881) * -0.60779) + ((((signed_radial_positi...
                                      on_proxy_scaled - nearest_radial_boundary_fraction_proxy_s...
                                      caled) * (0.68036 - nearest_axial_boundary_fraction_proxy_...
                                      scaled)) * -0.25268) - ((signed_radial_position_proxy_scal...
                                      ed - (signed_axial_position_proxy_scaled * -0.94666)) * -0...
                                      .19552))
31          2.971e-01  8.662e-03  y = (gauss((nearest_axial_boundary_fraction_proxy_scaled +...
                                       0.65265) * 1.7416) * -0.69421) - (((signed_radial_positio...
                                      n_proxy_scaled - (z_scaled * -0.85659)) * -0.2006) + ((0.1...
                                      59 - (nearest_axial_boundary_fraction_proxy_scaled * 0.245...
                                      95)) * ((rho_fraction_proxy_scaled - nearest_radial_bounda...
                                      ry_fraction_proxy_scaled) - 0.55715)))
───────────────────────────────────────────────────────────────────────────────────────────────────
  - /net/scratch/j96317yn/NotebookCT3/outputs/10_signed_staged_residual_symbolic_pilot/iteration_1/stages/stage_geometry/search_state/pysr_runs/v10_i1_geometry_signed_residual_pilot/hall_of_fame.csv
