───────────────────────────────────────────────────────────────────────────────────────────────────
[1m[4mComplexity[22m[24m  [1m[4mLoss[22m[24m       [1m[4mScore[22m[24m      [1m[4mEquation[22m[24m
1           3.929e-01  0.000e+00  y = -0.032291
3           3.784e-01  1.887e-02  y = z_scaled * 0.20522
5           3.602e-01  2.457e-02  y = rho_scaled * (nearest_axial_boundary_fraction_proxy_sc...
                                      aled * 0.30034)
7           3.465e-01  1.935e-02  y = ((rho_fraction_proxy_scaled - nearest_radial_boundary_...
                                      fraction_proxy_scaled) * 0.23092) * nearest_axial_boundary...
                                      _fraction_proxy_scaled
9           3.372e-01  1.360e-02  y = (nearest_radial_boundary_fraction_proxy_scaled + ((rho...
                                      _scaled - nearest_radial_boundary_fraction_proxy_scaled) *...
                                       nearest_axial_boundary_fraction_proxy_scaled)) * 0.23671
11          3.304e-01  1.022e-02  y = (((nearest_radial_boundary_fraction_proxy_scaled * nea...
                                      rest_axial_boundary_fraction_proxy_scaled) + rho_scaled) -...
                                       nearest_radial_boundary_fraction_proxy_scaled) * (nearest...
                                      _axial_boundary_fraction_proxy_scaled * 0.23683)
13          3.277e-01  4.199e-03  y = (((nearest_axial_boundary_fraction_proxy_scaled * near...
                                      est_radial_boundary_fraction_proxy_scaled) + (rho_scaled -...
                                       nearest_radial_boundary_fraction_proxy_scaled)) * (neares...
                                      t_axial_boundary_fraction_proxy_scaled * 0.24302)) + -0.08...
                                      1969
14          3.277e-01  1.035e-06  y = ((((nearest_axial_boundary_fraction_proxy_scaled * nea...
                                      rest_radial_boundary_fraction_proxy_scaled) + rho_within_c...
                                      ase_z_scaled) - nearest_radial_boundary_fraction_proxy_sca...
                                      led) * (nearest_axial_boundary_fraction_proxy_scaled * 0.2...
                                      4302)) + -0.081969
16          3.262e-01  2.243e-03  y = ((radial_axial_signed_interaction_proxy_scaled * 0.414...
                                      11) + (((signed_radial_position_proxy_scaled + (nearest_ra...
                                      dial_boundary_fraction_proxy_scaled * nearest_axial_bounda...
                                      ry_fraction_proxy_scaled)) - nearest_radial_boundary_fract...
                                      ion_proxy_scaled) * nearest_axial_boundary_fraction_proxy_...
                                      scaled)) * 0.24083
17          3.250e-01  3.557e-03  y = ((((tanh(nearest_axial_boundary_fraction_proxy_scaled)...
                                       * nearest_radial_boundary_fraction_proxy_scaled) + (rho_s...
                                      caled - nearest_radial_boundary_fraction_proxy_scaled)) * ...
                                      nearest_axial_boundary_fraction_proxy_scaled) * 0.24302) +...
                                       -0.081969
22          3.213e-01  2.290e-03  y = (rho_scaled - (nearest_radial_boundary_fraction_proxy_...
                                      scaled + 0.0078815)) * ((((nearest_axial_boundary_fraction...
                                      _proxy_scaled + abs((nearest_radial_boundary_fraction_prox...
                                      y_scaled * 0.86074) + rho_scaled)) - 0.40904) * 0.28128) +...
                                       -0.053361)
28          3.164e-01  2.566e-03  y = (rho_scaled - (nearest_radial_boundary_fraction_proxy_...
                                      scaled + 0.078418)) * ((((nearest_axial_boundary_fraction_...
                                      proxy_scaled + (abs((nearest_radial_boundary_fraction_prox...
                                      y_scaled * 0.58482) + rho_scaled) - tanh(nearest_radial_bo...
                                      undary_fraction_proxy_scaled))) + nearest_radial_boundary_...
                                      fraction_proxy_scaled) * 0.28661) + -0.12041)
───────────────────────────────────────────────────────────────────────────────────────────────────
  - /net/scratch/j96317yn/NotebookCT3/outputs/10_signed_staged_residual_symbolic_pilot/iteration_3/stages/stage_geometry/search_state/pysr_runs/v10_i3_geometry_signed_residual_pilot/hall_of_fame.csv
