───────────────────────────────────────────────────────────────────────────────────────────────────
[1m[4mComplexity[22m[24m  [1m[4mLoss[22m[24m       [1m[4mScore[22m[24m      [1m[4mEquation[22m[24m
1           3.929e-01  0.000e+00  y = -0.033137
3           3.783e-01  1.893e-02  y = z_scaled * 0.20599
5           3.606e-01  2.397e-02  y = (nearest_axial_boundary_fraction_proxy_scaled * 0.3010...
                                      1) * rho_scaled
7           3.591e-01  2.155e-03  y = (nearest_axial_boundary_fraction_proxy_scaled * (rho_f...
                                      raction_proxy_scaled * 0.30635)) - 0.064337
9           3.550e-01  5.674e-03  y = ((rho_fraction_proxy_scaled * (z_fraction_proxy_scaled...
                                       * z_fraction_proxy_scaled)) - rho_scaled) * -0.37533
10          3.512e-01  1.081e-02  y = (((-0.46366 + radial_axial_signed_interaction_proxy_sc...
                                      aled) * z_fraction_proxy_scaled) - rho_scaled) * -0.39708
11          3.406e-01  3.074e-02  y = ((((signed_radial_position_proxy_scaled * signed_axial...
                                      _position_proxy_scaled) + -0.54804) * z_fraction_proxy_sca...
                                      led) - rho_scaled) * -0.36504
13          3.390e-01  2.382e-03  y = (((((signed_radial_position_proxy_scaled * z_fraction_...
                                      proxy_scaled) + -0.53621) * z_fraction_proxy_scaled) - rho...
                                      _scaled) * -0.37258) + -0.064603
14          3.328e-01  1.832e-02  y = ((signed_axial_position_proxy_scaled * (signed_radial_...
                                      position_proxy_scaled * (signed_axial_position_proxy_scale...
                                      d - (radial_axial_signed_interaction_proxy_scaled * -0.290...
                                      48)))) - rho_scaled) * -0.39778
16          3.324e-01  5.735e-04  y = ((((signed_radial_position_proxy_scaled * signed_axial...
                                      _position_proxy_scaled) * (signed_axial_position_proxy_sca...
                                      led - (radial_axial_signed_interaction_proxy_scaled * -0.3...
                                      1527))) - rho_scaled) * -0.39343) + 0.037268
18          3.201e-01  1.881e-02  y = (((((signed_axial_position_proxy_scaled * rho_fraction...
                                      _proxy_scaled) + -0.46366) - ((radial_axial_signed_interac...
                                      tion_proxy_scaled * rho_fraction_proxy_scaled) * -0.27806)...
                                      ) * z_fraction_proxy_scaled) - rho_scaled) * -0.39708
20          3.151e-01  7.957e-03  y = (((boundary_corner_proximity_proxy_scaled + signed_rad...
                                      ial_position_proxy_scaled) * (z_fraction_proxy_scaled * z_...
                                      fraction_proxy_scaled)) - ((radial_axial_signed_interactio...
                                      n_proxy_scaled * (radial_axial_signed_interaction_proxy_sc...
                                      aled * -0.63551)) + rho_fraction_proxy_scaled)) * -0.27414
21          3.151e-01  2.178e-06  y = (((boundary_corner_proximity_proxy_scaled + signed_rad...
                                      ial_position_proxy_scaled) * (z_fraction_proxy_scaled * z_...
                                      within_case_z_scaled)) - ((radial_axial_signed_interaction...
                                      _proxy_scaled * (radial_axial_signed_interaction_proxy_sca...
                                      led * -0.63551)) + rho_fraction_proxy_scaled)) * -0.27414
22          3.014e-01  4.441e-02  y = ((((boundary_corner_proximity_proxy_scaled + signed_ra...
                                      dial_position_proxy_scaled) * z_fraction_proxy_scaled) * z...
                                      _fraction_proxy_scaled) - ((radial_axial_signed_interactio...
                                      n_proxy_scaled * (radial_axial_signed_interaction_proxy_sc...
                                      aled * -0.64076)) + (rho_fraction_proxy_scaled + z_fractio...
                                      n_proxy_scaled))) * -0.27423
24          2.976e-01  6.425e-03  y = (((boundary_corner_proximity_proxy_scaled + signed_rad...
                                      ial_position_proxy_scaled) * (z_fraction_proxy_scaled * si...
                                      gned_axial_position_proxy_scaled)) - (((signed_axial_posit...
                                      ion_proxy_scaled + ((-0.169 - radial_axial_signed_interact...
                                      ion_proxy_scaled) * radial_axial_signed_interaction_proxy_...
                                      scaled)) * 0.59646) + rho_fraction_proxy_scaled)) * -0.319...
                                      29
───────────────────────────────────────────────────────────────────────────────────────────────────
  - /net/scratch/j96317yn/NotebookCT3/outputs/10_signed_staged_residual_symbolic_pilot/iteration_2/stages/stage_geometry/search_state/pysr_runs/v10_i2_geometry_signed_residual_pilot/hall_of_fame.csv
