───────────────────────────────────────────────────────────────────────────────────────────────────
[1m[4mComplexity[22m[24m  [1m[4mLoss[22m[24m       [1m[4mScore[22m[24m      [1m[4mEquation[22m[24m
1           3.863e-01  0.000e+00  y = -0.08485
3           3.762e-01  1.332e-02  y = hotspot_rbf_max_proxy_scaled * 0.17606
5           3.743e-01  2.560e-03  y = -0.07143 - (hotspot_rbf_max_proxy_scaled * -0.17079)
7           3.739e-01  4.193e-04  y = gauss(fluence_rate_scaled) - 0.67503
8           3.717e-01  6.067e-03  y = (abs(fluence_rate_scaled) + -0.52913) * -0.2891
9           3.683e-01  9.191e-03  y = gauss((signed_angular_position_proxy_scaled - 0.48626)...
                                       * -16.154)
11          3.611e-01  9.855e-03  y = gauss((signed_angular_position_proxy_scaled - 0.47314)...
                                       * -8.5624) - 0.19013
13          3.591e-01  2.820e-03  y = gauss((0.48078 - signed_angular_position_proxy_scaled)...
                                       / 0.085272) + -0.16739
15          3.513e-01  1.095e-02  y = (nearest_radial_boundary_fraction_proxy_scaled + 0.772...
                                      1) * gauss((signed_angular_position_proxy_scaled - 0.48028...
                                      ) / -0.070825)
17          3.407e-01  1.534e-02  y = ((nearest_radial_boundary_fraction_proxy_scaled + 0.94...
                                      864) * gauss((signed_angular_position_proxy_scaled - 0.480...
                                      04) / 0.079819)) - 0.17652
20          3.348e-01  5.784e-03  y = ((nearest_radial_boundary_fraction_proxy_scaled + abs(...
                                      nearest_radial_boundary_fraction_proxy_scaled)) * gauss((s...
                                      igned_angular_position_proxy_scaled - 0.47416) / 0.095991)...
                                      ) - 0.17169
21          3.279e-01  2.098e-02  y = ((gauss((signed_angular_position_proxy_scaled - 0.4817...
                                      2) / -0.1012) - 0.13791) * (nearest_angular_boundary_fract...
                                      ion_proxy_scaled * (nearest_radial_boundary_fraction_proxy...
                                      _scaled + 1.2606))) + -0.2102
24          3.196e-01  8.459e-03  y = ((gauss((0.47823 - signed_angular_position_proxy_scale...
                                      d) / -0.10614) - (0.16456 * nearest_angular_boundary_fract...
                                      ion_proxy_scaled)) * (nearest_radial_boundary_fraction_pro...
                                      xy_scaled + abs(nearest_radial_boundary_fraction_proxy_sca...
                                      led))) + -0.2336
26          3.077e-01  1.903e-02  y = (((gauss((0.47818 - signed_angular_position_proxy_scal...
                                      ed) / -0.10378) - 0.16274) * (abs(nearest_radial_boundary_...
                                      fraction_proxy_scaled) + nearest_radial_boundary_fraction_...
                                      proxy_scaled)) * (nearest_angular_boundary_fraction_proxy_...
                                      scaled * 1.6043)) + -0.23039
───────────────────────────────────────────────────────────────────────────────────────────────────
  - /net/scratch/j96317yn/NotebookCT3/outputs/11_tail_aware_localised_symbolic/iteration_1/stages/stage_tail_localised/search_state/pysr_runs/v11_i1_tail_aware_localised_residual/hall_of_fame.csv
