───────────────────────────────────────────────────────────────────────────────────────────────────
[1m[4mComplexity[22m[24m  [1m[4mLoss[22m[24m       [1m[4mScore[22m[24m      [1m[4mEquation[22m[24m
1           3.888e-01  0.000e+00  y = -0.068021
3           3.807e-01  1.042e-02  y = nearest_radial_boundary_fraction_proxy_scaled * 0.1586...
                                      3
5           3.800e-01  1.005e-03  y = (nearest_radial_boundary_fraction_proxy_scaled * 0.151...
                                      16) + -0.045633
7           3.765e-01  4.638e-03  y = nearest_radial_boundary_fraction_proxy_scaled * ((near...
                                      est_angular_boundary_fraction_proxy_scaled - 1.5392) * -0....
                                      10365)
8           3.748e-01  4.362e-03  y = abs(signed_angular_position_proxy_scaled) * (nearest_r...
                                      adial_boundary_fraction_proxy_scaled * 0.20395)
10          3.714e-01  4.541e-03  y = (((v10_fixed_shape_proxy_scaled + 1.7686) * nearest_ra...
                                      dial_boundary_fraction_proxy_scaled) + -0.83587) * 0.12072
12          3.694e-01  2.778e-03  y = nearest_radial_boundary_fraction_proxy_scaled * ((near...
                                      est_angular_boundary_fraction_proxy_scaled - (signed_angul...
                                      ar_position_proxy_scaled + (v10_fixed_shape_proxy_scaled +...
                                       2.2786))) * -0.098074)
14          3.690e-01  5.448e-04  y = ((nearest_angular_boundary_fraction_proxy_scaled + ((v...
                                      10_fixed_shape_proxy_scaled + (theta_fraction_proxy_scaled...
                                       + 1.667)) * nearest_radial_boundary_fraction_proxy_scaled...
                                      )) * hotspot_rbf_06_scaled) * -0.12382
15          3.683e-01  1.899e-03  y = ((nearest_angular_boundary_fraction_proxy_scaled + (((...
                                      v10_fixed_shape_proxy_scaled + theta_sin_2_proxy_scaled) +...
                                       1.676) * nearest_radial_boundary_fraction_proxy_scaled)) ...
                                      * hotspot_rbf_06_scaled) * -0.13203
16          3.656e-01  7.217e-03  y = (nearest_angular_boundary_fraction_proxy_scaled + (((v...
                                      10_fixed_shape_proxy_scaled + (theta_fraction_proxy_scaled...
                                       + 1.3664)) * nearest_radial_boundary_fraction_proxy_scale...
                                      d) + hotspot_rbf_02_scaled)) * (hotspot_rbf_06_scaled * -0...
                                      .12549)
19          3.641e-01  1.385e-03  y = (((((signed_angular_position_proxy_scaled * tanh(neare...
                                      st_radial_boundary_fraction_proxy_scaled)) * -1.2949) - ne...
                                      arest_angular_boundary_fraction_proxy_scaled) + -1.009) * ...
                                      (signed_angular_position_proxy_scaled + -0.20427)) * -0.17...
                                      208
───────────────────────────────────────────────────────────────────────────────────────────────────
  - /net/scratch/j96317yn/NotebookCT3/outputs/11_tail_aware_localised_symbolic/iteration_3/stages/stage_tail_localised/search_state/pysr_runs/v11_i3_tail_aware_localised_residual/hall_of_fame.csv
