───────────────────────────────────────────────────────────────────────────────────────────────────
[1m[4mComplexity[22m[24m  [1m[4mLoss[22m[24m       [1m[4mScore[22m[24m      [1m[4mEquation[22m[24m
1           3.929e-01  0.000e+00  y = -0.033287
3           3.783e-01  1.893e-02  y = z_scaled * 0.20599
5           3.606e-01  2.393e-02  y = nearest_axial_boundary_fraction_proxy_scaled * (rho_fr...
                                      action_proxy_scaled * 0.3009)
9           3.550e-01  3.930e-03  y = ((signed_radial_position_proxy_scaled * (z_fraction_pr...
                                      oxy_scaled * z_fraction_proxy_scaled)) - rho_scaled) * -0....
                                      37688
11          3.406e-01  2.076e-02  y = ((((signed_axial_position_proxy_scaled * signed_radial...
                                      _position_proxy_scaled) + -0.55827) * z_fraction_proxy_sca...
                                      led) - rho_scaled) * -0.36237
13          3.390e-01  2.361e-03  y = (((((signed_radial_position_proxy_scaled * signed_axia...
                                      l_position_proxy_scaled) + -0.50664) * z_fraction_proxy_sc...
                                      aled) - rho_scaled) * -0.37602) + -0.062836
14          3.328e-01  1.837e-02  y = (((z_fraction_proxy_scaled * signed_radial_position_pr...
                                      oxy_scaled) * (signed_axial_position_proxy_scaled - (radia...
                                      l_axial_signed_interaction_proxy_scaled * -0.28652))) - rh...
                                      o_scaled) * -0.39776
18          3.202e-01  9.657e-03  y = (((((signed_radial_position_proxy_scaled * signed_axia...
                                      l_position_proxy_scaled) + -0.4737) - ((radial_axial_signe...
                                      d_interaction_proxy_scaled * signed_radial_position_proxy_...
                                      scaled) * -0.2883)) * z_fraction_proxy_scaled) - rho_scale...
                                      d) * -0.3844
20          3.198e-01  6.476e-04  y = ((((((signed_radial_position_proxy_scaled * signed_axi...
                                      al_position_proxy_scaled) + -0.46246) - ((signed_radial_po...
                                      sition_proxy_scaled * -0.29418) * radial_axial_signed_inte...
                                      raction_proxy_scaled)) * z_fraction_proxy_scaled) - rho_sc...
                                      aled) - 0.085892) * -0.39515
25          3.190e-01  4.633e-04  y = (((((signed_radial_position_proxy_scaled * signed_axia...
                                      l_position_proxy_scaled) + -0.51438) - (((signed_radial_po...
                                      sition_proxy_scaled * signed_axial_position_proxy_scaled) ...
                                      * -0.20312) * (signed_radial_position_proxy_scaled - ((the...
                                      ta_cos_scaled * nearest_angular_boundary_fraction_proxy_sc...
                                      aled) - 1.0176)))) * z_fraction_proxy_scaled) - rho_scaled...
                                      ) * -0.35867
27          3.186e-01  6.235e-04  y = ((((((signed_radial_position_proxy_scaled * z_fraction...
                                      _proxy_scaled) + -0.38123) - ((signed_radial_position_prox...
                                      y_scaled * (signed_axial_position_proxy_scaled * -0.26684)...
                                      ) * (signed_radial_position_proxy_scaled - (theta_cos_scal...
                                      ed * -0.33306)))) * z_fraction_proxy_scaled) - (rho_scaled...
                                       * 0.8259)) * -0.44577) + 0.035376
───────────────────────────────────────────────────────────────────────────────────────────────────
  - /net/scratch/j96317yn/NotebookCT3/outputs/10_signed_staged_residual_symbolic_pilot/iteration_2/stages/stage_geometry/search_state/pysr_runs/v10_i2_geometry_signed_residual_pilot/hall_of_fame.csv
