───────────────────────────────────────────────────────────────────────────────────────────────────
Complexity  Loss       Score      Equation
1           1.000e+00  0.000e+00  y = 3.2089e-05
3           9.201e-01  4.164e-02  y = weight_loss_rate_within_case_z_scaled * -0.28246
5           8.451e-01  4.252e-02  y = fluence_rate_scaled * (fluence_rate_within_case_z_scal...
                                      ed * -0.23634)
6           8.149e-01  3.639e-02  y = 0.78027 - abs(fluence_rate_scaled)
7           8.085e-01  7.888e-03  y = (rho_within_case_z_scaled * (fluence_rate_scaled * 0.3...
                                      1402)) + 0.2132
8           7.878e-01  2.596e-02  y = 0.57482 - (abs(fluence_rate_scaled) * 0.73667)
9           7.366e-01  6.714e-02  y = ((theta_cos_scaled * theta_cos_scaled) - square(rho_wi...
                                      thin_case_z_scaled)) * 0.24674
10          7.259e-01  1.461e-02  y = (abs(theta_cos_scaled) + (rho_within_case_z_scaled * f...
                                      luence_rate_scaled)) * 0.36356
11          7.109e-01  2.094e-02  y = ((fluence_rate_scaled * rho_within_case_z_scaled) * 0....
                                      33747) + square(theta_cos_scaled * 0.44503)
13          7.007e-01  7.211e-03  y = (((theta_cos_scaled * -1.1405) - square(rho_within_cas...
                                      e_z_scaled)) * -0.15443) * (theta_cos_scaled + -1.6082)
14          6.536e-01  6.962e-02  y = square(theta_cos_scaled * 0.68683) + (abs(rho_within_c...
                                      ase_z_scaled * theta_cos_scaled) * -0.76631)
16          6.461e-01  5.772e-03  y = square(theta_cos_scaled * -0.68353) + (abs((rho_within...
                                      _case_z_scaled * theta_cos_scaled) + -0.10443) * -0.7745)
18          6.325e-01  1.060e-02  y = (0.41878 - (rho_scaled * (rho_scaled + 0.79693))) * ((...
                                      abs(rho_scaled + 0.79915) + -2.4903) * -0.55482)
21          6.253e-01  3.819e-03  y = square(theta_cos_scaled * 0.51032) + (((rho_scaled * -...
                                      0.079865) - 0.052384) * (rho_scaled * ((square(theta_cos_s...
                                      caled) + fluence_rate_within_case_z_scaled) - -2.2467)))
22          5.887e-01  6.032e-02  y = ((-0.66502 - (((abs(rho_scaled + 0.77738) + -2.5841) *...
                                       rho_scaled) * (rho_scaled + 0.82829))) * -0.5993) + (thet...
                                      a_cos_scaled * -0.23271)
24          5.887e-01  2.140e-05  y = ((((theta_cos_scaled * 0.38564) + 0.0048058) - ((abs(r...
                                      ho_scaled + 0.78239) + -2.599) * (rho_scaled * (rho_scaled...
                                       + 0.82655)))) * -0.5926) + 0.40454
25          5.508e-01  6.649e-02  y = (0.0075052 - (((abs(rho_scaled + 0.77312) + -2.6108) *...
                                       (rho_scaled * (rho_scaled + 0.746))) * -0.59427)) + (abs(...
                                      theta_cos_scaled) * 0.53276)
27          5.461e-01  4.306e-03  y = (((rho_scaled - -0.52814) * (rho_scaled * -0.13483)) *...
                                       (square(theta_cos_scaled * -0.81142) - (square(rho_scaled...
                                       + 0.65786) + -5.6639))) + square(theta_cos_scaled * 0.566...
                                      63)
───────────────────────────────────────────────────────────────────────────────────────────────────
  - /Users/novwin/Documents/University/University of Manchester/毕设项目/Nuclear graphite/NotebookCT3/outputs/08_recoverable_16000_single_formula/iteration_1/search_state/pysr_runs/recoverable_i1_single_shape/hall_of_fame.csv
