───────────────────────────────────────────────────────────────────────────────────────────────────
[1m[4mComplexity[22m[24m  [1m[4mLoss[22m[24m       [1m[4mScore[22m[24m      [1m[4mEquation[22m[24m
1           3.929e-01  0.000e+00  y = -0.033287
3           3.783e-01  1.893e-02  y = z_scaled * 0.20599
5           3.606e-01  2.397e-02  y = (nearest_axial_boundary_fraction_proxy_scaled * 0.3009...
                                      ) * rho_scaled
7           3.591e-01  2.132e-03  y = (nearest_axial_boundary_fraction_proxy_scaled * (rho_f...
                                      raction_proxy_scaled * 0.30304)) - 0.058602
9           3.550e-01  5.697e-03  y = ((signed_radial_position_proxy_scaled * (z_fraction_pr...
                                      oxy_scaled * z_fraction_proxy_scaled)) - rho_scaled) * -0....
                                      37533
11          3.406e-01  2.077e-02  y = ((((signed_radial_position_proxy_scaled * signed_axial...
                                      _position_proxy_scaled) + -0.54804) * z_fraction_proxy_sca...
                                      led) - rho_scaled) * -0.36504
13          3.390e-01  2.382e-03  y = ((((-0.52925 + (signed_radial_position_proxy_scaled * ...
                                      z_fraction_proxy_scaled)) * z_fraction_proxy_scaled) - rho...
                                      _scaled) * -0.37301) + -0.062507
14          3.328e-01  1.832e-02  y = ((signed_axial_position_proxy_scaled * (signed_radial_...
                                      position_proxy_scaled * (signed_axial_position_proxy_scale...
                                      d - (radial_axial_signed_interaction_proxy_scaled * -0.290...
                                      48)))) - rho_scaled) * -0.39778
18          3.201e-01  9.691e-03  y = ((((-0.45826 - ((radial_axial_signed_interaction_proxy...
                                      _scaled * rho_fraction_proxy_scaled) * -0.27618)) + (signe...
                                      d_radial_position_proxy_scaled * signed_axial_position_pro...
                                      xy_scaled)) * z_fraction_proxy_scaled) - rho_scaled) * -0....
                                      39823
20          3.198e-01  5.749e-04  y = ((((signed_radial_position_proxy_scaled * signed_axial...
                                      _position_proxy_scaled) + (-0.46254 - ((signed_radial_posi...
                                      tion_proxy_scaled * -0.29602) * radial_axial_signed_intera...
                                      ction_proxy_scaled))) * z_fraction_proxy_scaled) - (rho_sc...
                                      aled - -0.087804)) * -0.39528
22          3.140e-01  9.174e-03  y = ((z_fraction_proxy_scaled * (((-0.45189 - (radial_axia...
                                      l_signed_interaction_proxy_scaled * (signed_radial_positio...
                                      n_proxy_scaled * -0.36572))) - (signed_axial_position_prox...
                                      y_scaled * 0.29071)) + (signed_radial_position_proxy_scale...
                                      d * signed_axial_position_proxy_scaled))) - rho_scaled) * ...
                                      -0.39802
24          3.003e-01  2.229e-02  y = ((z_fraction_proxy_scaled * ((boundary_corner_proximit...
                                      y_proxy_scaled + signed_radial_position_proxy_scaled) * si...
                                      gned_axial_position_proxy_scaled)) - ((((-0.31069 - radial...
                                      _axial_signed_interaction_proxy_scaled) * radial_axial_sig...
                                      ned_interaction_proxy_scaled) * 0.63265) + (rho_fraction_p...
                                      roxy_scaled + signed_axial_position_proxy_scaled))) * -0.2...
                                      8535
26          3.001e-01  2.562e-04  y = (((z_fraction_proxy_scaled * ((boundary_corner_proximi...
                                      ty_proxy_scaled + signed_radial_position_proxy_scaled) * s...
                                      igned_axial_position_proxy_scaled)) - ((rho_fraction_proxy...
                                      _scaled + signed_axial_position_proxy_scaled) + (((-0.2116...
                                      6 - radial_axial_signed_interaction_proxy_scaled) * radial...
                                      _axial_signed_interaction_proxy_scaled) * 0.61583))) * -0....
                                      28532) - 0.028791
───────────────────────────────────────────────────────────────────────────────────────────────────
  - /net/scratch/j96317yn/NotebookCT3/outputs/10_signed_staged_residual_symbolic_pilot/iteration_2/stages/stage_geometry/search_state/pysr_runs/v10_i2_geometry_signed_residual_pilot/hall_of_fame.csv
