───────────────────────────────────────────────────────────────────────────────────────────────────
[1m[4mComplexity[22m[24m  [1m[4mLoss[22m[24m       [1m[4mScore[22m[24m      [1m[4mEquation[22m[24m
1           3.882e-01  0.000e+00  y = -0.089855
3           3.848e-01  4.352e-03  y = hotspot_rbf_max_proxy_scaled * 0.12584
4           3.827e-01  5.475e-03  y = v10_normalised_shape_proxy_scaled * 0.15066
5           3.799e-01  7.575e-03  y = (fluence_rate_scaled * -0.081548) * fluence_rate_scale...
                                      d
6           3.784e-01  3.857e-03  y = abs(fluence_rate_scaled) * -0.17386
8           3.756e-01  3.661e-03  y = (abs(fluence_rate_scaled) + -0.49795) * -0.27497
9           3.728e-01  7.660e-03  y = (0.1566 - gauss(signed_radial_position_proxy_scaled)) ...
                                      * rho_fraction_proxy_scaled
11          3.696e-01  4.272e-03  y = ((0.16515 - gauss(signed_radial_position_proxy_scaled)...
                                      ) * signed_radial_position_proxy_scaled) - 0.092649
13          3.677e-01  2.585e-03  y = -0.10652 - ((gauss(rho_fraction_proxy_scaled * rho_fra...
                                      ction_proxy_scaled) + -0.14741) * signed_radial_position_p...
                                      roxy_scaled)
15          3.642e-01  4.831e-03  y = (((nearest_radial_boundary_fraction_proxy_scaled * 0.1...
                                      5201) - (gauss(rho_fraction_proxy_scaled) + -0.3665)) * rh...
                                      o_fraction_proxy_scaled) * 2.0638
17          3.635e-01  9.533e-04  y = signed_radial_position_proxy_scaled * (0.061018 - (((s...
                                      igned_radial_position_proxy_scaled + 0.94493) * 1.7007) * ...
                                      gauss(-0.53969 - signed_radial_position_proxy_scaled)))
18          3.626e-01  2.410e-03  y = ((v10_physical_residual_proxy_scaled * 0.12619) - ((ga...
                                      uss(rho_fraction_proxy_scaled * signed_radial_position_pro...
                                      xy_scaled) + -0.20656) * signed_radial_position_proxy_scal...
                                      ed)) - 0.11112
19          3.610e-01  4.250e-03  y = ((signed_angular_position_proxy_scaled * -0.24079) - (...
                                      (signed_radial_position_proxy_scaled + 0.84311) * 1.7695))...
                                       * (gauss(-0.56884 - signed_radial_position_proxy_scaled) ...
                                      * rho_fraction_proxy_scaled)
21          3.609e-01  2.121e-04  y = ((((signed_angular_position_proxy_scaled * -0.13505) -...
                                       (signed_radial_position_proxy_scaled + 0.84427)) * 1.8407...
                                      ) * rho_fraction_proxy_scaled) * gauss((-0.56157 - signed_...
                                      radial_position_proxy_scaled) * 1.0271)
22          3.575e-01  9.408e-03  y = ((((theta_sin_4_proxy_scaled - hotspot_rbf_03_scaled) ...
                                      * -0.15257) - (signed_radial_position_proxy_scaled + 0.961...
                                      18)) * 1.7418) * (gauss(rho_fraction_proxy_scaled - -0.645...
                                      93) * signed_radial_position_proxy_scaled)
24          3.563e-01  1.698e-03  y = ((((theta_sin_4_proxy_scaled + signed_angular_position...
                                      _proxy_scaled) - hotspot_rbf_03_scaled) * -0.23324) - ((si...
                                      gned_radial_position_proxy_scaled + 0.84611) * 1.7688)) * ...
                                      (gauss(-0.57212 - signed_radial_position_proxy_scaled) * s...
                                      igned_radial_position_proxy_scaled)
26          3.532e-01  4.331e-03  y = ((theta_sin_2_proxy_scaled + -1.0236) + rho_fraction_p...
                                      roxy_scaled) * ((gauss(theta_sin_2_proxy_scaled * rho_frac...
                                      tion_proxy_scaled) * ((nearest_angular_boundary_fraction_p...
                                      roxy_scaled * 0.8561) - (theta_sin_2_proxy_scaled + 0.8349...
                                      6))) + 0.18094)
27          3.528e-01  1.191e-03  y = ((rho_fraction_proxy_scaled + (theta_sin_2_proxy_scale...
                                      d + -1.092)) * ((((nearest_angular_boundary_fraction_proxy...
                                      _scaled * 0.84245) - (theta_sin_2_proxy_scaled + 0.85962))...
                                       * gauss(signed_angular_position_proxy_scaled * rho_fracti...
                                      on_proxy_scaled)) + 0.15451)) + -0.11591
28          3.496e-01  9.219e-03  y = ((rho_fraction_proxy_scaled + (theta_sin_2_proxy_scale...
                                      d + -1.1054)) * ((gauss(theta_sin_2_proxy_scaled * rho_fra...
                                      ction_proxy_scaled) * ((nearest_angular_boundary_fraction_...
                                      proxy_scaled * 0.84771) - (theta_sin_2_proxy_scaled + 0.86...
                                      402))) + 0.14212)) + -0.14658
30          3.489e-01  1.012e-03  y = (((rho_fraction_proxy_scaled + theta_sin_2_proxy_scale...
                                      d) + -1.1103) * (((gauss(theta_sin_2_proxy_scaled * rho_fr...
                                      action_proxy_scaled) + -0.045809) * ((nearest_angular_boun...
                                      dary_fraction_proxy_scaled * 0.85594) - (theta_sin_2_proxy...
                                      _scaled + 0.82566))) + 0.10956)) + -0.13776
32          3.472e-01  2.421e-03  y = ((theta_sin_2_proxy_scaled + (rho_fraction_proxy_scale...
                                      d + -1.1054)) * ((((nearest_angular_boundary_fraction_prox...
                                      y_scaled * 0.8609) - (theta_sin_2_proxy_scaled + 0.85257))...
                                       * gauss((rho_fraction_proxy_scaled * theta_sin_2_proxy_sc...
                                      aled) / 0.83004)) + 0.12312)) + -0.13891
───────────────────────────────────────────────────────────────────────────────────────────────────
  - /net/scratch/j96317yn/NotebookCT3/outputs/11_tail_aware_localised_symbolic/iteration_4/stages/stage_tail_localised/search_state/pysr_runs/v11_i4_tail_aware_localised_residual/hall_of_fame.csv
