───────────────────────────────────────────────────────────────────────────────────────────────────
[1m[4mComplexity[22m[24m  [1m[4mLoss[22m[24m       [1m[4mScore[22m[24m      [1m[4mEquation[22m[24m
1           3.929e-01  0.000e+00  y = -0.033137
3           3.783e-01  1.893e-02  y = z_scaled * 0.20599
5           3.606e-01  2.397e-02  y = (nearest_axial_boundary_fraction_proxy_scaled * 0.3010...
                                      1) * rho_scaled
7           3.591e-01  2.179e-03  y = (nearest_axial_boundary_fraction_proxy_scaled * (rho_s...
                                      caled * 0.30361)) - 0.063056
8           3.584e-01  1.680e-03  y = ((z_fraction_proxy_scaled * radial_axial_signed_intera...
                                      ction_proxy_scaled) - rho_scaled) * -0.31092
9           3.550e-01  9.619e-03  y = ((rho_fraction_proxy_scaled * (z_fraction_proxy_scaled...
                                       * z_fraction_proxy_scaled)) - rho_scaled) * -0.37533
10          3.474e-01  2.163e-02  y = (((radial_axial_signed_interaction_proxy_scaled + -0.6...
                                      0814) * z_fraction_proxy_scaled) - rho_scaled) * -0.29477
11          3.406e-01  1.991e-02  y = ((((z_fraction_proxy_scaled * signed_radial_position_p...
                                      roxy_scaled) + -0.54804) * z_fraction_proxy_scaled) - rho_...
                                      scaled) * -0.36504
13          3.390e-01  2.382e-03  y = (((z_fraction_proxy_scaled * ((rho_fraction_proxy_scal...
                                      ed * z_fraction_proxy_scaled) + -0.53621)) - rho_scaled) *...
                                       -0.37258) + -0.064603
14          3.328e-01  1.832e-02  y = ((signed_axial_position_proxy_scaled * (signed_radial_...
                                      position_proxy_scaled * (signed_axial_position_proxy_scale...
                                      d - (radial_axial_signed_interaction_proxy_scaled * -0.290...
                                      48)))) - rho_scaled) * -0.39778
16          3.324e-01  5.792e-04  y = ((((signed_radial_position_proxy_scaled * signed_axial...
                                      _position_proxy_scaled) * (signed_axial_position_proxy_sca...
                                      led - (radial_axial_signed_interaction_proxy_scaled * -0.3...
                                      0556))) - rho_scaled) * -0.39834) + 0.031912
18          3.201e-01  1.881e-02  y = (((((signed_axial_position_proxy_scaled * rho_fraction...
                                      _proxy_scaled) + -0.46366) - ((radial_axial_signed_interac...
                                      tion_proxy_scaled * rho_fraction_proxy_scaled) * -0.27806)...
                                      ) * z_fraction_proxy_scaled) - rho_scaled) * -0.39708
20          3.140e-01  9.659e-03  y = (((boundary_corner_proximity_proxy_scaled + signed_rad...
                                      ial_position_proxy_scaled) * (z_fraction_proxy_scaled * z_...
                                      fraction_proxy_scaled)) - ((radial_axial_signed_interactio...
                                      n_proxy_scaled * (radial_axial_signed_interaction_proxy_sc...
                                      aled * -0.60312)) + rho_fraction_proxy_scaled)) * -0.31519
22          2.988e-01  2.487e-02  y = (((signed_radial_position_proxy_scaled + boundary_corn...
                                      er_proximity_proxy_scaled) * (z_fraction_proxy_scaled * si...
                                      gned_axial_position_proxy_scaled)) - (((z_fraction_proxy_s...
                                      caled - (radial_axial_signed_interaction_proxy_scaled * ra...
                                      dial_axial_signed_interaction_proxy_scaled)) * 0.52847) + ...
                                      rho_scaled)) * -0.34042
24          2.973e-01  2.503e-03  y = ((z_fraction_proxy_scaled * (signed_axial_position_pro...
                                      xy_scaled * (signed_radial_position_proxy_scaled + boundar...
                                      y_corner_proximity_proxy_scaled))) - ((((-0.25304 - (radia...
                                      l_axial_signed_interaction_proxy_scaled * radial_axial_sig...
                                      ned_interaction_proxy_scaled)) + z_fraction_proxy_scaled) ...
                                      * 0.56346) + rho_fraction_proxy_scaled)) * -0.32676
26          2.967e-01  9.879e-04  y = ((z_fraction_proxy_scaled * (signed_axial_position_pro...
                                      xy_scaled * (signed_radial_position_proxy_scaled + boundar...
                                      y_corner_proximity_proxy_scaled))) - ((((((-0.17798 - radi...
                                      al_axial_signed_interaction_proxy_scaled) * radial_axial_s...
                                      igned_interaction_proxy_scaled) + signed_axial_position_pr...
                                      oxy_scaled) + -0.2401) * 0.55746) + rho_scaled)) * -0.3383
29          2.929e-01  4.356e-03  y = (((signed_radial_position_proxy_scaled + boundary_corn...
                                      er_proximity_proxy_scaled) * (z_fraction_proxy_scaled * si...
                                      gned_axial_position_proxy_scaled)) - ((((((boundary_corner...
                                      _proximity_proxy_scaled * theta_sin_scaled) + z_fraction_p...
                                      roxy_scaled) + -0.47445) - (radial_axial_signed_interactio...
                                      n_proxy_scaled * radial_axial_signed_interaction_proxy_sca...
                                      led)) * 0.54234) + rho_scaled)) * -0.33044
30          2.919e-01  3.264e-03  y = (((signed_radial_position_proxy_scaled + boundary_corn...
                                      er_proximity_proxy_scaled) * (signed_axial_position_proxy_...
                                      scaled * z_fraction_proxy_scaled)) - ((((-0.4981 - (radial...
                                      _axial_signed_interaction_proxy_scaled * radial_axial_sign...
                                      ed_interaction_proxy_scaled)) + (((signed_angular_position...
                                      _proxy_scaled + theta_cos_scaled) * signed_angular_positio...
                                      n_proxy_scaled) + z_fraction_proxy_scaled)) * 0.52847) + r...
                                      ho_scaled)) * -0.34042
32          2.914e-01  9.181e-04  y = (((signed_radial_position_proxy_scaled + boundary_corn...
                                      er_proximity_proxy_scaled) * (z_fraction_proxy_scaled * si...
                                      gned_axial_position_proxy_scaled)) - (((((-0.4981 - (radia...
                                      l_axial_signed_interaction_proxy_scaled * radial_axial_sig...
                                      ned_interaction_proxy_scaled)) + ((theta_sin_within_case_z...
                                      _scaled + theta_cos_scaled) * theta_sin_within_case_z_scal...
                                      ed)) + z_fraction_proxy_scaled) * 0.52847) + rho_scaled)) ...
                                      * -0.34042
───────────────────────────────────────────────────────────────────────────────────────────────────
  - /net/scratch/j96317yn/NotebookCT3/outputs/10_signed_staged_residual_symbolic_pilot/iteration_2/stages/stage_geometry/search_state/pysr_runs/v10_i2_geometry_signed_residual_pilot/hall_of_fame.csv
