───────────────────────────────────────────────────────────────────────────────────────────────────
[1m[4mComplexity[22m[24m  [1m[4mLoss[22m[24m       [1m[4mScore[22m[24m      [1m[4mEquation[22m[24m
1           3.937e-01  0.000e+00  y = -0.031887
3           3.795e-01  1.836e-02  y = z_scaled * 0.20249
5           3.597e-01  2.682e-02  y = rho_scaled * (nearest_axial_boundary_fraction_proxy_sc...
                                      aled * 0.31101)
7           3.450e-01  2.085e-02  y = ((rho_fraction_proxy_scaled - nearest_radial_boundary_...
                                      fraction_proxy_scaled) * nearest_axial_boundary_fraction_p...
                                      roxy_scaled) * 0.23843
9           3.321e-01  1.912e-02  y = ((nearest_axial_boundary_fraction_proxy_scaled * (near...
                                      est_radial_boundary_fraction_proxy_scaled - rho_fraction_p...
                                      roxy_scaled)) - signed_axial_position_proxy_scaled) * -0.2...
                                      1839
10          3.320e-01  1.758e-05  y = (((nearest_radial_boundary_fraction_proxy_scaled - rho...
                                      _within_case_z_scaled) * nearest_axial_boundary_fraction_p...
                                      roxy_scaled) - signed_axial_position_proxy_scaled) * -0.21...
                                      991
11          3.283e-01  1.148e-02  y = ((nearest_axial_boundary_fraction_proxy_scaled * (near...
                                      est_radial_boundary_fraction_proxy_scaled - rho_fraction_p...
                                      roxy_scaled)) - (nearest_radial_boundary_fraction_proxy_sc...
                                      aled + z_scaled)) * -0.22598
15          3.201e-01  6.264e-03  y = ((nearest_axial_boundary_fraction_proxy_scaled * ((-0....
                                      26732 - rho_scaled) + (nearest_radial_boundary_fraction_pr...
                                      oxy_scaled - (nearest_radial_boundary_fraction_proxy_scale...
                                      d * nearest_axial_boundary_fraction_proxy_scaled)))) - sig...
                                      ned_axial_position_proxy_scaled) * -0.22146
17          3.154e-01  7.495e-03  y = (((((-0.24849 - (nearest_radial_boundary_fraction_prox...
                                      y_scaled * (nearest_axial_boundary_fraction_proxy_scaled +...
                                       -1.4523))) - rho_scaled) * nearest_axial_boundary_fractio...
                                      n_proxy_scaled) + 0.42476) - signed_axial_position_proxy_s...
                                      caled) * -0.2066
19          3.144e-01  1.578e-03  y = ((((((-0.12511 - nearest_radial_boundary_fraction_prox...
                                      y_scaled) * ((nearest_axial_boundary_fraction_proxy_scaled...
                                       * 0.77699) + -1.2455)) - rho_scaled) * nearest_axial_boun...
                                      dary_fraction_proxy_scaled) + 0.46022) - signed_axial_posi...
                                      tion_proxy_scaled) * -0.21801
20          3.069e-01  2.400e-02  y = (abs(nearest_angular_boundary_fraction_proxy_scaled + ...
                                      nearest_radial_boundary_fraction_proxy_scaled) + ((nearest...
                                      _axial_boundary_fraction_proxy_scaled * ((nearest_radial_b...
                                      oundary_fraction_proxy_scaled + (nearest_axial_boundary_fr...
                                      action_proxy_scaled * -0.90931)) - rho_fraction_proxy_scal...
                                      ed)) - signed_axial_position_proxy_scaled)) * -0.21324
22          2.969e-01  1.656e-02  y = (abs(theta_sin_scaled - (nearest_angular_boundary_frac...
                                      tion_proxy_scaled + nearest_radial_boundary_fraction_proxy...
                                      _scaled)) + ((nearest_axial_boundary_fraction_proxy_scaled...
                                       * ((nearest_radial_boundary_fraction_proxy_scaled + (near...
                                      est_axial_boundary_fraction_proxy_scaled * -0.86413)) - rh...
                                      o_fraction_proxy_scaled)) - signed_axial_position_proxy_sc...
                                      aled)) * -0.22378
24          2.964e-01  9.211e-04  y = ((((((nearest_radial_boundary_fraction_proxy_scaled + ...
                                      (nearest_axial_boundary_fraction_proxy_scaled * -1.0482)) ...
                                      - rho_fraction_proxy_scaled) * nearest_axial_boundary_frac...
                                      tion_proxy_scaled) - signed_axial_position_proxy_scaled) +...
                                       abs(theta_sin_scaled - (nearest_angular_boundary_fraction...
                                      _proxy_scaled + nearest_radial_boundary_fraction_proxy_sca...
                                      led))) - -0.24468) * -0.21677
26          2.894e-01  1.186e-02  y = (abs(theta_sin_scaled - (nearest_angular_boundary_frac...
                                      tion_proxy_scaled + nearest_radial_boundary_fraction_proxy...
                                      _scaled)) + ((nearest_axial_boundary_fraction_proxy_scaled...
                                       * ((nearest_radial_boundary_fraction_proxy_scaled + ((nea...
                                      rest_axial_boundary_fraction_proxy_scaled * -0.90931) - (n...
                                      earest_axial_boundary_fraction_proxy_scaled * nearest_radi...
                                      al_boundary_fraction_proxy_scaled))) - rho_fraction_proxy_...
                                      scaled)) - z_fraction_proxy_scaled)) * -0.21324
28          2.884e-01  1.850e-03  y = (((nearest_axial_boundary_fraction_proxy_scaled * (((n...
                                      earest_radial_boundary_fraction_proxy_scaled + -0.23767) +...
                                       ((nearest_axial_boundary_fraction_proxy_scaled * -0.90247...
                                      ) - (nearest_radial_boundary_fraction_proxy_scaled * neare...
                                      st_axial_boundary_fraction_proxy_scaled))) - rho_fraction_...
                                      proxy_scaled)) - signed_axial_position_proxy_scaled) + abs...
                                      (theta_sin_scaled - (nearest_angular_boundary_fraction_pro...
                                      xy_scaled + nearest_radial_boundary_fraction_proxy_scaled)...
                                      )) * -0.21554
30          2.878e-01  1.013e-03  y = (((abs(theta_sin_scaled - (nearest_angular_boundary_fr...
                                      action_proxy_scaled + nearest_radial_boundary_fraction_pro...
                                      xy_scaled)) + ((((nearest_radial_boundary_fraction_proxy_s...
                                      caled + (nearest_axial_boundary_fraction_proxy_scaled * -1...
                                      .0933)) - (nearest_radial_boundary_fraction_proxy_scaled *...
                                       nearest_axial_boundary_fraction_proxy_scaled)) + (-0.2166...
                                      2 - rho_fraction_proxy_scaled)) * nearest_axial_boundary_f...
                                      raction_proxy_scaled)) - signed_axial_position_proxy_scale...
                                      d) * -0.20959) - 0.063978
32          2.836e-01  7.398e-03  y = (abs(0.59843 - (theta_sin_scaled - (nearest_radial_bou...
                                      ndary_fraction_proxy_scaled + nearest_angular_boundary_fra...
                                      ction_proxy_scaled))) + ((((((nearest_radial_boundary_frac...
                                      tion_proxy_scaled + (nearest_axial_boundary_fraction_proxy...
                                      _scaled * -1.0471)) - (nearest_radial_boundary_fraction_pr...
                                      oxy_scaled * nearest_axial_boundary_fraction_proxy_scaled)...
                                      ) + (-0.16321 - rho_fraction_proxy_scaled)) * nearest_axia...
                                      l_boundary_fraction_proxy_scaled) - signed_axial_position_...
                                      proxy_scaled) - -0.084503)) * -0.22762
───────────────────────────────────────────────────────────────────────────────────────────────────
  - /net/scratch/j96317yn/NotebookCT3/outputs/10_signed_staged_residual_symbolic_pilot/iteration_4/stages/stage_geometry/search_state/pysr_runs/v10_i4_geometry_signed_residual_pilot/hall_of_fame.csv
